Archive member included to satisfy reference by file (symbol)

../lect4_led_bsp/\libhal_bsp.a(alt_load.o)
                              ../lect4_led_bsp//obj/HAL/src/crt0.o (alt_load)
../lect4_led_bsp/\libhal_bsp.a(alt_main.o)
                              ../lect4_led_bsp//obj/HAL/src/crt0.o (alt_main)
../lect4_led_bsp/\libhal_bsp.a(alt_sys_init.o)
                              ../lect4_led_bsp/\libhal_bsp.a(alt_main.o) (alt_irq_init)
../lect4_led_bsp/\libhal_bsp.a(altera_avalon_sgdma.o)
                              obj/default/hello_world.o (alt_avalon_sgdma_do_async_transfer)
../lect4_led_bsp/\libhal_bsp.a(alt_close.o)
                              ../lect4_led_bsp/\libhal_bsp.a(alt_main.o) (close)
../lect4_led_bsp/\libhal_bsp.a(alt_dcache_flush.o)
                              ../lect4_led_bsp/\libhal_bsp.a(altera_avalon_sgdma.o) (alt_dcache_flush)
../lect4_led_bsp/\libhal_bsp.a(alt_dcache_flush_all.o)
                              ../lect4_led_bsp/\libhal_bsp.a(alt_load.o) (alt_dcache_flush_all)
../lect4_led_bsp/\libhal_bsp.a(alt_dev.o)
                              ../lect4_led_bsp/\libhal_bsp.a(alt_close.o) (alt_fd_list)
../lect4_led_bsp/\libhal_bsp.a(alt_dev_llist_insert.o)
                              ../lect4_led_bsp/\libhal_bsp.a(altera_avalon_sgdma.o) (alt_dev_llist_insert)
../lect4_led_bsp/\libhal_bsp.a(alt_do_ctors.o)
                              ../lect4_led_bsp/\libhal_bsp.a(alt_main.o) (_do_ctors)
../lect4_led_bsp/\libhal_bsp.a(alt_do_dtors.o)
                              ../lect4_led_bsp/\libhal_bsp.a(alt_main.o) (_do_dtors)
../lect4_led_bsp/\libhal_bsp.a(alt_errno.o)
                              ../lect4_led_bsp/\libhal_bsp.a(altera_avalon_sgdma.o) (alt_errno)
../lect4_led_bsp/\libhal_bsp.a(alt_find_dev.o)
                              ../lect4_led_bsp/\libhal_bsp.a(altera_avalon_sgdma.o) (alt_find_dev)
../lect4_led_bsp/\libhal_bsp.a(alt_icache_flush_all.o)
                              ../lect4_led_bsp/\libhal_bsp.a(alt_load.o) (alt_icache_flush_all)
../lect4_led_bsp/\libhal_bsp.a(alt_iic.o)
                              ../lect4_led_bsp/\libhal_bsp.a(altera_avalon_sgdma.o) (alt_ic_isr_register)
../lect4_led_bsp/\libhal_bsp.a(alt_iic_isr_register.o)
                              ../lect4_led_bsp/\libhal_bsp.a(alt_iic.o) (alt_iic_isr_register)
../lect4_led_bsp/\libhal_bsp.a(alt_irq_entry.o)
                              ../lect4_led_bsp/\libhal_bsp.a(alt_iic_isr_register.o) (alt_irq_entry)
../lect4_led_bsp/\libhal_bsp.a(alt_irq_handler.o)
                              ../lect4_led_bsp/\libhal_bsp.a(alt_iic_isr_register.o) (alt_irq)
../lect4_led_bsp/\libhal_bsp.a(alt_irq_vars.o)
                              ../lect4_led_bsp/\libhal_bsp.a(alt_iic.o) (alt_irq_active)
../lect4_led_bsp/\libhal_bsp.a(alt_release_fd.o)
                              ../lect4_led_bsp/\libhal_bsp.a(alt_close.o) (alt_release_fd)
../lect4_led_bsp/\libhal_bsp.a(altera_nios2_gen2_irq.o)
                              ../lect4_led_bsp/\libhal_bsp.a(alt_sys_init.o) (altera_nios2_gen2_irq_init)
../lect4_led_bsp/\libhal_bsp.a(alt_exception_entry.o)
                              ../lect4_led_bsp/\libhal_bsp.a(alt_irq_entry.o) (alt_exception)
../lect4_led_bsp/\libhal_bsp.a(alt_instruction_exception_entry.o)
                              ../lect4_led_bsp/\libhal_bsp.a(alt_exception_entry.o) (alt_instruction_exception_entry)
c:/users/nazmievairat/intelfpga_lite/18.1/nios2eds/bin/gnu/h-x86_64-mingw32/bin/../lib/gcc/nios2-elf/5.3.0/../../../../../H-x86_64-mingw32/nios2-elf/lib\libsmallc.a(lib_a-atexit.o)
                              ../lect4_led_bsp/\libhal_bsp.a(alt_main.o) (atexit)
c:/users/nazmievairat/intelfpga_lite/18.1/nios2eds/bin/gnu/h-x86_64-mingw32/bin/../lib/gcc/nios2-elf/5.3.0/../../../../../H-x86_64-mingw32/nios2-elf/lib\libsmallc.a(lib_a-exit.o)
                              ../lect4_led_bsp/\libhal_bsp.a(alt_main.o) (exit)
c:/users/nazmievairat/intelfpga_lite/18.1/nios2eds/bin/gnu/h-x86_64-mingw32/bin/../lib/gcc/nios2-elf/5.3.0/../../../../../H-x86_64-mingw32/nios2-elf/lib\libsmallc.a(lib_a-int_errno.o)
                              ../lect4_led_bsp/\libhal_bsp.a(altera_avalon_sgdma.o) (errno)
c:/users/nazmievairat/intelfpga_lite/18.1/nios2eds/bin/gnu/h-x86_64-mingw32/bin/../lib/gcc/nios2-elf/5.3.0/../../../../../H-x86_64-mingw32/nios2-elf/lib\libsmallc.a(lib_a-memcmp.o)
                              ../lect4_led_bsp/\libhal_bsp.a(alt_find_dev.o) (memcmp)
c:/users/nazmievairat/intelfpga_lite/18.1/nios2eds/bin/gnu/h-x86_64-mingw32/bin/../lib/gcc/nios2-elf/5.3.0/../../../../../H-x86_64-mingw32/nios2-elf/lib\libsmallc.a(lib_a-strlen.o)
                              ../lect4_led_bsp/\libhal_bsp.a(alt_find_dev.o) (strlen)
c:/users/nazmievairat/intelfpga_lite/18.1/nios2eds/bin/gnu/h-x86_64-mingw32/bin/../lib/gcc/nios2-elf/5.3.0/../../../../../H-x86_64-mingw32/nios2-elf/lib\libsmallc.a(lib_a-__atexit.o)
                              c:/users/nazmievairat/intelfpga_lite/18.1/nios2eds/bin/gnu/h-x86_64-mingw32/bin/../lib/gcc/nios2-elf/5.3.0/../../../../../H-x86_64-mingw32/nios2-elf/lib\libsmallc.a(lib_a-atexit.o) (__register_exitproc)
c:/users/nazmievairat/intelfpga_lite/18.1/nios2eds/bin/gnu/h-x86_64-mingw32/bin/../lib/gcc/nios2-elf/5.3.0/../../../../../H-x86_64-mingw32/nios2-elf/lib\libsmallc.a(lib_a-__call_atexit.o)
                              c:/users/nazmievairat/intelfpga_lite/18.1/nios2eds/bin/gnu/h-x86_64-mingw32/bin/../lib/gcc/nios2-elf/5.3.0/../../../../../H-x86_64-mingw32/nios2-elf/lib\libsmallc.a(lib_a-exit.o) (__call_exitprocs)
c:/users/nazmievairat/intelfpga_lite/18.1/nios2eds/bin/gnu/h-x86_64-mingw32/bin/../lib/gcc/nios2-elf/5.3.0/../../../../../H-x86_64-mingw32/nios2-elf/lib\libsmallc.a(lib_a-impure.o)
                              c:/users/nazmievairat/intelfpga_lite/18.1/nios2eds/bin/gnu/h-x86_64-mingw32/bin/../lib/gcc/nios2-elf/5.3.0/../../../../../H-x86_64-mingw32/nios2-elf/lib\libsmallc.a(lib_a-__atexit.o) (_global_impure_ptr)
../lect4_led_bsp/\libhal_bsp.a(alt_exit.o)
                              c:/users/nazmievairat/intelfpga_lite/18.1/nios2eds/bin/gnu/h-x86_64-mingw32/bin/../lib/gcc/nios2-elf/5.3.0/../../../../../H-x86_64-mingw32/nios2-elf/lib\libsmallc.a(lib_a-exit.o) (_exit)

Allocating common symbols
Common symbol       size              file

alt_irq             0x100             ../lect4_led_bsp/\libhal_bsp.a(alt_irq_handler.o)
dma                 0x4               obj/default/hello_world.o
ds4                 0x20              obj/default/hello_world.o
errno               0x4               c:/users/nazmievairat/intelfpga_lite/18.1/nios2eds/bin/gnu/h-x86_64-mingw32/bin/../lib/gcc/nios2-elf/5.3.0/../../../../../H-x86_64-mingw32/nios2-elf/lib\libsmallc.a(lib_a-int_errno.o)
ds2                 0x20              obj/default/hello_world.o
leds                0x200             obj/default/hello_world.o
ds3                 0x20              obj/default/hello_world.o
ds1                 0x20              obj/default/hello_world.o

Memory Configuration

Name             Origin             Length             Attributes
reset            0x0000000000000000 0x0000000000000020
onchip_memory2_0 0x0000000000000020 0x0000000000003fe0
*default*        0x0000000000000000 0xffffffffffffffff

Linker script and memory map

LOAD ../lect4_led_bsp//obj/HAL/src/crt0.o
LOAD obj/default/hello_world.o
LOAD c:/users/nazmievairat/intelfpga_lite/18.1/nios2eds/bin/gnu/h-x86_64-mingw32/bin/../lib/gcc/nios2-elf/5.3.0/../../../../../H-x86_64-mingw32/nios2-elf/lib\libstdc++.a
LOAD c:/users/nazmievairat/intelfpga_lite/18.1/nios2eds/bin/gnu/h-x86_64-mingw32/bin/../lib/gcc/nios2-elf/5.3.0/../../../../../H-x86_64-mingw32/nios2-elf/lib\libm.a
LOAD c:/users/nazmievairat/intelfpga_lite/18.1/nios2eds/bin/gnu/h-x86_64-mingw32/bin/../lib/gcc/nios2-elf/5.3.0\libgcc.a
START GROUP
LOAD c:/users/nazmievairat/intelfpga_lite/18.1/nios2eds/bin/gnu/h-x86_64-mingw32/bin/../lib/gcc/nios2-elf/5.3.0/../../../../../H-x86_64-mingw32/nios2-elf/lib\libsmallc.a
LOAD c:/users/nazmievairat/intelfpga_lite/18.1/nios2eds/bin/gnu/h-x86_64-mingw32/bin/../lib/gcc/nios2-elf/5.3.0\libgcc.a
LOAD ../lect4_led_bsp/\libhal_bsp.a
LOAD c:/users/nazmievairat/intelfpga_lite/18.1/nios2eds/bin/gnu/h-x86_64-mingw32/bin/../lib/gcc/nios2-elf/5.3.0/../../../../../H-x86_64-mingw32/nios2-elf/lib\libm.a
END GROUP
LOAD c:/users/nazmievairat/intelfpga_lite/18.1/nios2eds/bin/gnu/h-x86_64-mingw32/bin/../lib/gcc/nios2-elf/5.3.0\libgcc.a
                0x0000000000000000                __alt_mem_onchip_memory2_0 = 0x0

.entry          0x0000000000000000       0x20
 *(.entry)
 .entry         0x0000000000000000       0x20 ../lect4_led_bsp//obj/HAL/src/crt0.o
                0x0000000000000000                __reset

.exceptions     0x0000000000000020      0x224
                0x0000000000000020                PROVIDE (__ram_exceptions_start, ABSOLUTE (.))
                0x0000000000000020                . = ALIGN (0x20)
 *(.irq)
 *(.exceptions.entry.label)
 .exceptions.entry.label
                0x0000000000000020        0x0 ../lect4_led_bsp/\libhal_bsp.a(alt_irq_entry.o)
                0x0000000000000020                alt_irq_entry
 .exceptions.entry.label
                0x0000000000000020        0x0 ../lect4_led_bsp/\libhal_bsp.a(alt_exception_entry.o)
                0x0000000000000020                alt_exception
 *(.exceptions.entry.user)
 *(.exceptions.entry.ecc_fatal)
 *(.exceptions.entry)
 .exceptions.entry
                0x0000000000000020       0x54 ../lect4_led_bsp/\libhal_bsp.a(alt_exception_entry.o)
 *(.exceptions.irqtest.user)
 *(.exceptions.irqtest)
 .exceptions.irqtest
                0x0000000000000074       0x10 ../lect4_led_bsp/\libhal_bsp.a(alt_irq_entry.o)
 *(.exceptions.irqhandler.user)
 *(.exceptions.irqhandler)
 .exceptions.irqhandler
                0x0000000000000084        0x4 ../lect4_led_bsp/\libhal_bsp.a(alt_irq_entry.o)
 *(.exceptions.irqreturn.user)
 *(.exceptions.irqreturn)
 .exceptions.irqreturn
                0x0000000000000088        0x4 ../lect4_led_bsp/\libhal_bsp.a(alt_irq_entry.o)
 *(.exceptions.notirq.label)
 .exceptions.notirq.label
                0x000000000000008c        0x0 ../lect4_led_bsp/\libhal_bsp.a(alt_irq_entry.o)
 *(.exceptions.notirq.user)
 *(.exceptions.notirq)
 .exceptions.notirq
                0x000000000000008c        0x8 ../lect4_led_bsp/\libhal_bsp.a(alt_exception_entry.o)
 *(.exceptions.soft.user)
 *(.exceptions.soft)
 *(.exceptions.unknown.user)
 *(.exceptions.unknown)
 .exceptions.unknown
                0x0000000000000094       0x14 ../lect4_led_bsp/\libhal_bsp.a(alt_exception_entry.o)
 *(.exceptions.exit.label)
 .exceptions.exit.label
                0x00000000000000a8        0x0 ../lect4_led_bsp/\libhal_bsp.a(alt_irq_entry.o)
 .exceptions.exit.label
                0x00000000000000a8        0x0 ../lect4_led_bsp/\libhal_bsp.a(alt_exception_entry.o)
 *(.exceptions.exit.user)
 *(.exceptions.exit)
 .exceptions.exit
                0x00000000000000a8       0x54 ../lect4_led_bsp/\libhal_bsp.a(alt_exception_entry.o)
 *(.exceptions)
 .exceptions    0x00000000000000fc       0xd4 ../lect4_led_bsp/\libhal_bsp.a(alt_irq_handler.o)
                0x00000000000000fc                alt_irq_handler
 .exceptions    0x00000000000001d0       0x74 ../lect4_led_bsp/\libhal_bsp.a(alt_instruction_exception_entry.o)
                0x00000000000001d0                alt_instruction_exception_entry
                0x0000000000000244                PROVIDE (__ram_exceptions_end, ABSOLUTE (.))
                0x0000000000000020                PROVIDE (__flash_exceptions_start, LOADADDR (.exceptions))

.text           0x0000000000000244     0x1eac
                [!provide]                        PROVIDE (stext, ABSOLUTE (.))
 *(.interp)
 *(.hash)
 *(.dynsym)
 *(.dynstr)
 *(.gnu.version)
 *(.gnu.version_d)
 *(.gnu.version_r)
 *(.rel.init)
 *(.rela.init)
 *(.rel.text .rel.text.* .rel.gnu.linkonce.t.*)
 *(.rela.text .rela.text.* .rela.gnu.linkonce.t.*)
 *(.rel.fini)
 *(.rela.fini)
 *(.rel.rodata .rel.rodata.* .rel.gnu.linkonce.r.*)
 *(.rela.rodata .rela.rodata.* .rela.gnu.linkonce.r.*)
 *(.rel.data .rel.data.* .rel.gnu.linkonce.d.*)
 *(.rela.data .rela.data.* .rela.gnu.linkonce.d.*)
 *(.rel.tdata .rel.tdata.* .rel.gnu.linkonce.td.*)
 *(.rela.tdata .rela.tdata.* .rela.gnu.linkonce.td.*)
 *(.rel.tbss .rel.tbss.* .rel.gnu.linkonce.tb.*)
 *(.rela.tbss .rela.tbss.* .rela.gnu.linkonce.tb.*)
 *(.rel.ctors)
 *(.rela.ctors)
 *(.rel.dtors)
 *(.rela.dtors)
 *(.rel.got)
 *(.rela.got)
 *(.rel.sdata .rel.sdata.* .rel.gnu.linkonce.s.*)
 *(.rela.sdata .rela.sdata.* .rela.gnu.linkonce.s.*)
 *(.rel.sbss .rel.sbss.* .rel.gnu.linkonce.sb.*)
 *(.rela.sbss .rela.sbss.* .rela.gnu.linkonce.sb.*)
 *(.rel.sdata2 .rel.sdata2.* .rel.gnu.linkonce.s2.*)
 *(.rela.sdata2 .rela.sdata2.* .rela.gnu.linkonce.s2.*)
 *(.rel.sbss2 .rel.sbss2.* .rel.gnu.linkonce.sb2.*)
 *(.rela.sbss2 .rela.sbss2.* .rela.gnu.linkonce.sb2.*)
 *(.rel.bss .rel.bss.* .rel.gnu.linkonce.b.*)
 *(.rela.bss .rela.bss.* .rela.gnu.linkonce.b.*)
 *(.rel.plt)
 *(.rela.plt)
 *(.rel.dyn)
 *(.init)
 *(.plt)
 *(.text .stub .text.* .gnu.linkonce.t.*)
 .text          0x0000000000000244       0x3c ../lect4_led_bsp//obj/HAL/src/crt0.o
                0x0000000000000244                _start
 .text          0x0000000000000280      0x3ec obj/default/hello_world.o
                0x0000000000000280                dma_callback
                0x0000000000000424                main
 .text          0x000000000000066c       0xec ../lect4_led_bsp/\libhal_bsp.a(alt_load.o)
                0x00000000000006d4                alt_load
 .text          0x0000000000000758       0x60 ../lect4_led_bsp/\libhal_bsp.a(alt_main.o)
                0x0000000000000758                alt_main
 .text          0x00000000000007b8       0x74 ../lect4_led_bsp/\libhal_bsp.a(alt_sys_init.o)
                0x00000000000007b8                alt_irq_init
                0x00000000000007f0                alt_sys_init
 .text          0x000000000000082c      0xd94 ../lect4_led_bsp/\libhal_bsp.a(altera_avalon_sgdma.o)
                0x0000000000000868                alt_avalon_sgdma_do_async_transfer
                0x000000000000098c                alt_avalon_sgdma_do_sync_transfer
                0x0000000000000a9c                alt_avalon_sgdma_construct_mem_to_mem_desc
                0x0000000000000b10                alt_avalon_sgdma_construct_mem_to_mem_desc_burst
                0x0000000000000b94                alt_avalon_sgdma_construct_stream_to_mem_desc
                0x0000000000000bf4                alt_avalon_sgdma_construct_stream_to_mem_desc_burst
                0x0000000000000c6c                alt_avalon_sgdma_construct_mem_to_stream_desc
                0x0000000000000cec                alt_avalon_sgdma_construct_mem_to_stream_desc_burst
                0x0000000000000d78                alt_avalon_sgdma_register_callback
                0x0000000000000dcc                alt_avalon_sgdma_start
                0x0000000000000e24                alt_avalon_sgdma_stop
                0x0000000000000e80                alt_avalon_sgdma_check_descriptor_status
                0x0000000000000ee4                alt_avalon_sgdma_open
                0x0000000000000f38                alt_avalon_sgdma_construct_descriptor
                0x0000000000000fc4                alt_avalon_sgdma_enable_desc_poll
                0x0000000000001044                alt_avalon_sgdma_disable_desc_poll
                0x00000000000010a4                alt_avalon_sgdma_construct_descriptor_burst
                0x0000000000001518                alt_avalon_sgdma_init
 .text          0x00000000000015c0      0x10c ../lect4_led_bsp/\libhal_bsp.a(alt_close.o)
                0x00000000000015fc                close
 .text          0x00000000000016cc       0x28 ../lect4_led_bsp/\libhal_bsp.a(alt_dcache_flush.o)
                0x00000000000016cc                alt_dcache_flush
 .text          0x00000000000016f4       0x20 ../lect4_led_bsp/\libhal_bsp.a(alt_dcache_flush_all.o)
                0x00000000000016f4                alt_dcache_flush_all
 .text          0x0000000000001714       0x2c ../lect4_led_bsp/\libhal_bsp.a(alt_dev.o)
 .text          0x0000000000001740       0xe0 ../lect4_led_bsp/\libhal_bsp.a(alt_dev_llist_insert.o)
                0x000000000000177c                alt_dev_llist_insert
 .text          0x0000000000001820       0x60 ../lect4_led_bsp/\libhal_bsp.a(alt_do_ctors.o)
                0x0000000000001820                _do_ctors
 .text          0x0000000000001880       0x60 ../lect4_led_bsp/\libhal_bsp.a(alt_do_dtors.o)
                0x0000000000001880                _do_dtors
 .text          0x00000000000018e0        0x0 ../lect4_led_bsp/\libhal_bsp.a(alt_errno.o)
 .text          0x00000000000018e0       0x90 ../lect4_led_bsp/\libhal_bsp.a(alt_find_dev.o)
                0x00000000000018e0                alt_find_dev
 .text          0x0000000000001970       0x20 ../lect4_led_bsp/\libhal_bsp.a(alt_icache_flush_all.o)
                0x0000000000001970                alt_icache_flush_all
 .text          0x0000000000001990      0x1b0 ../lect4_led_bsp/\libhal_bsp.a(alt_iic.o)
                0x0000000000001990                alt_ic_isr_register
                0x00000000000019e0                alt_ic_irq_enable
                0x0000000000001a68                alt_ic_irq_disable
                0x0000000000001af4                alt_ic_irq_enabled
 .text          0x0000000000001b40       0xf0 ../lect4_led_bsp/\libhal_bsp.a(alt_iic_isr_register.o)
                0x0000000000001b40                alt_iic_isr_register
 .text          0x0000000000001c30        0x0 ../lect4_led_bsp/\libhal_bsp.a(alt_irq_entry.o)
 .text          0x0000000000001c30        0x0 ../lect4_led_bsp/\libhal_bsp.a(alt_irq_handler.o)
 .text          0x0000000000001c30        0x0 ../lect4_led_bsp/\libhal_bsp.a(alt_irq_vars.o)
 .text          0x0000000000001c30       0x64 ../lect4_led_bsp/\libhal_bsp.a(alt_release_fd.o)
                0x0000000000001c30                alt_release_fd
 .text          0x0000000000001c94       0x24 ../lect4_led_bsp/\libhal_bsp.a(altera_nios2_gen2_irq.o)
                0x0000000000001c94                altera_nios2_gen2_irq_init
 .text          0x0000000000001cb8        0x0 ../lect4_led_bsp/\libhal_bsp.a(alt_exception_entry.o)
 .text          0x0000000000001cb8       0x9c ../lect4_led_bsp/\libhal_bsp.a(alt_instruction_exception_entry.o)
                0x0000000000001cb8                alt_exception_cause_generated_bad_addr
 .text          0x0000000000001d54        0x0 c:/users/nazmievairat/intelfpga_lite/18.1/nios2eds/bin/gnu/h-x86_64-mingw32/bin/../lib/gcc/nios2-elf/5.3.0/../../../../../H-x86_64-mingw32/nios2-elf/lib\libsmallc.a(lib_a-atexit.o)
 .text.atexit   0x0000000000001d54       0x14 c:/users/nazmievairat/intelfpga_lite/18.1/nios2eds/bin/gnu/h-x86_64-mingw32/bin/../lib/gcc/nios2-elf/5.3.0/../../../../../H-x86_64-mingw32/nios2-elf/lib\libsmallc.a(lib_a-atexit.o)
                0x0000000000001d54                atexit
 .text          0x0000000000001d68        0x0 c:/users/nazmievairat/intelfpga_lite/18.1/nios2eds/bin/gnu/h-x86_64-mingw32/bin/../lib/gcc/nios2-elf/5.3.0/../../../../../H-x86_64-mingw32/nios2-elf/lib\libsmallc.a(lib_a-exit.o)
 .text.exit     0x0000000000001d68       0x20 c:/users/nazmievairat/intelfpga_lite/18.1/nios2eds/bin/gnu/h-x86_64-mingw32/bin/../lib/gcc/nios2-elf/5.3.0/../../../../../H-x86_64-mingw32/nios2-elf/lib\libsmallc.a(lib_a-exit.o)
                0x0000000000001d68                exit
 .text          0x0000000000001d88        0x0 c:/users/nazmievairat/intelfpga_lite/18.1/nios2eds/bin/gnu/h-x86_64-mingw32/bin/../lib/gcc/nios2-elf/5.3.0/../../../../../H-x86_64-mingw32/nios2-elf/lib\libsmallc.a(lib_a-int_errno.o)
 .text          0x0000000000001d88        0x0 c:/users/nazmievairat/intelfpga_lite/18.1/nios2eds/bin/gnu/h-x86_64-mingw32/bin/../lib/gcc/nios2-elf/5.3.0/../../../../../H-x86_64-mingw32/nios2-elf/lib\libsmallc.a(lib_a-memcmp.o)
 .text.memcmp   0x0000000000001d88       0x30 c:/users/nazmievairat/intelfpga_lite/18.1/nios2eds/bin/gnu/h-x86_64-mingw32/bin/../lib/gcc/nios2-elf/5.3.0/../../../../../H-x86_64-mingw32/nios2-elf/lib\libsmallc.a(lib_a-memcmp.o)
                0x0000000000001d88                memcmp
 .text          0x0000000000001db8        0x0 c:/users/nazmievairat/intelfpga_lite/18.1/nios2eds/bin/gnu/h-x86_64-mingw32/bin/../lib/gcc/nios2-elf/5.3.0/../../../../../H-x86_64-mingw32/nios2-elf/lib\libsmallc.a(lib_a-strlen.o)
 .text.strlen   0x0000000000001db8       0x1c c:/users/nazmievairat/intelfpga_lite/18.1/nios2eds/bin/gnu/h-x86_64-mingw32/bin/../lib/gcc/nios2-elf/5.3.0/../../../../../H-x86_64-mingw32/nios2-elf/lib\libsmallc.a(lib_a-strlen.o)
                0x0000000000001db8                strlen
 .text          0x0000000000001dd4        0x0 c:/users/nazmievairat/intelfpga_lite/18.1/nios2eds/bin/gnu/h-x86_64-mingw32/bin/../lib/gcc/nios2-elf/5.3.0/../../../../../H-x86_64-mingw32/nios2-elf/lib\libsmallc.a(lib_a-__atexit.o)
 .text.__register_exitproc
                0x0000000000001dd4      0x158 c:/users/nazmievairat/intelfpga_lite/18.1/nios2eds/bin/gnu/h-x86_64-mingw32/bin/../lib/gcc/nios2-elf/5.3.0/../../../../../H-x86_64-mingw32/nios2-elf/lib\libsmallc.a(lib_a-__atexit.o)
                0x0000000000001dd4                __register_exitproc
 .text          0x0000000000001f2c        0x0 c:/users/nazmievairat/intelfpga_lite/18.1/nios2eds/bin/gnu/h-x86_64-mingw32/bin/../lib/gcc/nios2-elf/5.3.0/../../../../../H-x86_64-mingw32/nios2-elf/lib\libsmallc.a(lib_a-__call_atexit.o)
 .text.__call_exitprocs
                0x0000000000001f2c      0x190 c:/users/nazmievairat/intelfpga_lite/18.1/nios2eds/bin/gnu/h-x86_64-mingw32/bin/../lib/gcc/nios2-elf/5.3.0/../../../../../H-x86_64-mingw32/nios2-elf/lib\libsmallc.a(lib_a-__call_atexit.o)
                0x0000000000001f2c                __call_exitprocs
 .text          0x00000000000020bc        0x0 c:/users/nazmievairat/intelfpga_lite/18.1/nios2eds/bin/gnu/h-x86_64-mingw32/bin/../lib/gcc/nios2-elf/5.3.0/../../../../../H-x86_64-mingw32/nios2-elf/lib\libsmallc.a(lib_a-impure.o)
 .text          0x00000000000020bc       0x34 ../lect4_led_bsp/\libhal_bsp.a(alt_exit.o)
                0x00000000000020bc                _exit
 *(.gnu.warning.*)
 *(.fini)
                [!provide]                        PROVIDE (__etext, ABSOLUTE (.))
                [!provide]                        PROVIDE (_etext, ABSOLUTE (.))
                [!provide]                        PROVIDE (etext, ABSOLUTE (.))
 *(.eh_frame_hdr)
                0x00000000000020f0                . = ALIGN (0x4)
                [!provide]                        PROVIDE (__preinit_array_start, ABSOLUTE (.))
 *(.preinit_array)
                [!provide]                        PROVIDE (__preinit_array_end, ABSOLUTE (.))
                [!provide]                        PROVIDE (__init_array_start, ABSOLUTE (.))
 *(.init_array)
                [!provide]                        PROVIDE (__init_array_end, ABSOLUTE (.))
                [!provide]                        PROVIDE (__fini_array_start, ABSOLUTE (.))
 *(.fini_array)
                [!provide]                        PROVIDE (__fini_array_end, ABSOLUTE (.))
 *(.eh_frame)
 *(.gcc_except_table .gcc_except_table.*)
 *(.dynamic)
                0x00000000000020f0                PROVIDE (__CTOR_LIST__, ABSOLUTE (.))
 *(.ctors)
 *(SORT(.ctors.*))
                0x00000000000020f0                PROVIDE (__CTOR_END__, ABSOLUTE (.))
                0x00000000000020f0                PROVIDE (__DTOR_LIST__, ABSOLUTE (.))
 *(.dtors)
 *(SORT(.dtors.*))
                0x00000000000020f0                PROVIDE (__DTOR_END__, ABSOLUTE (.))
 *(.jcr)
                0x00000000000020f0                . = ALIGN (0x4)

.rodata         0x00000000000020f0       0x2c
                0x00000000000020f0                PROVIDE (__ram_rodata_start, ABSOLUTE (.))
                0x00000000000020f0                . = ALIGN (0x4)
 *(.rodata .rodata.* .gnu.linkonce.r.*)
 .rodata        0x00000000000020f0        0xd obj/default/hello_world.o
 *fill*         0x00000000000020fd        0x3 
 .rodata        0x0000000000002100        0xd ../lect4_led_bsp/\libhal_bsp.a(alt_sys_init.o)
 *fill*         0x000000000000210d        0x3 
 .rodata        0x0000000000002110        0xa ../lect4_led_bsp/\libhal_bsp.a(alt_dev.o)
 *(.rodata1)
                0x000000000000211c                . = ALIGN (0x4)
 *fill*         0x000000000000211a        0x2 
                0x000000000000211c                PROVIDE (__ram_rodata_end, ABSOLUTE (.))
                0x00000000000020f0                PROVIDE (__flash_rodata_start, LOADADDR (.rodata))

.rwdata         0x000000000000211c      0x2f4 load address 0x0000000000002410
                0x000000000000211c                PROVIDE (__ram_rwdata_start, ABSOLUTE (.))
                0x000000000000211c                . = ALIGN (0x4)
 *(.got.plt)
 *(.got)
 *(.data1)
 *(.data .data.* .gnu.linkonce.d.*)
 .data          0x000000000000211c        0x0 ../lect4_led_bsp//obj/HAL/src/crt0.o
 .data          0x000000000000211c       0x10 obj/default/hello_world.o
                0x000000000000211c                binary_pattern
 .data          0x000000000000212c        0x0 ../lect4_led_bsp/\libhal_bsp.a(alt_load.o)
 .data          0x000000000000212c        0x0 ../lect4_led_bsp/\libhal_bsp.a(alt_main.o)
 .data          0x000000000000212c       0x30 ../lect4_led_bsp/\libhal_bsp.a(alt_sys_init.o)
 .data          0x000000000000215c        0x0 ../lect4_led_bsp/\libhal_bsp.a(altera_avalon_sgdma.o)
 .data          0x000000000000215c        0x0 ../lect4_led_bsp/\libhal_bsp.a(alt_close.o)
 .data          0x000000000000215c        0x0 ../lect4_led_bsp/\libhal_bsp.a(alt_dcache_flush.o)
 .data          0x000000000000215c        0x0 ../lect4_led_bsp/\libhal_bsp.a(alt_dcache_flush_all.o)
 .data          0x000000000000215c      0x1a8 ../lect4_led_bsp/\libhal_bsp.a(alt_dev.o)
                0x000000000000215c                alt_dev_null
                0x0000000000002184                alt_fd_list
 .data          0x0000000000002304        0x0 ../lect4_led_bsp/\libhal_bsp.a(alt_dev_llist_insert.o)
 .data          0x0000000000002304        0x0 ../lect4_led_bsp/\libhal_bsp.a(alt_do_ctors.o)
 .data          0x0000000000002304        0x0 ../lect4_led_bsp/\libhal_bsp.a(alt_do_dtors.o)
 .data          0x0000000000002304        0x0 ../lect4_led_bsp/\libhal_bsp.a(alt_errno.o)
 .data          0x0000000000002304        0x0 ../lect4_led_bsp/\libhal_bsp.a(alt_find_dev.o)
 .data          0x0000000000002304        0x0 ../lect4_led_bsp/\libhal_bsp.a(alt_icache_flush_all.o)
 .data          0x0000000000002304        0x0 ../lect4_led_bsp/\libhal_bsp.a(alt_iic.o)
 .data          0x0000000000002304        0x0 ../lect4_led_bsp/\libhal_bsp.a(alt_iic_isr_register.o)
 .data          0x0000000000002304        0x0 ../lect4_led_bsp/\libhal_bsp.a(alt_irq_entry.o)
 .data          0x0000000000002304        0x0 ../lect4_led_bsp/\libhal_bsp.a(alt_irq_handler.o)
 .data          0x0000000000002304        0x0 ../lect4_led_bsp/\libhal_bsp.a(alt_irq_vars.o)
 .data          0x0000000000002304        0x0 ../lect4_led_bsp/\libhal_bsp.a(alt_release_fd.o)
 .data          0x0000000000002304        0x0 ../lect4_led_bsp/\libhal_bsp.a(altera_nios2_gen2_irq.o)
 .data          0x0000000000002304        0x0 ../lect4_led_bsp/\libhal_bsp.a(alt_exception_entry.o)
 .data          0x0000000000002304        0x0 ../lect4_led_bsp/\libhal_bsp.a(alt_instruction_exception_entry.o)
 .data          0x0000000000002304        0x0 c:/users/nazmievairat/intelfpga_lite/18.1/nios2eds/bin/gnu/h-x86_64-mingw32/bin/../lib/gcc/nios2-elf/5.3.0/../../../../../H-x86_64-mingw32/nios2-elf/lib\libsmallc.a(lib_a-atexit.o)
 .data          0x0000000000002304        0x0 c:/users/nazmievairat/intelfpga_lite/18.1/nios2eds/bin/gnu/h-x86_64-mingw32/bin/../lib/gcc/nios2-elf/5.3.0/../../../../../H-x86_64-mingw32/nios2-elf/lib\libsmallc.a(lib_a-exit.o)
 .data          0x0000000000002304        0x0 c:/users/nazmievairat/intelfpga_lite/18.1/nios2eds/bin/gnu/h-x86_64-mingw32/bin/../lib/gcc/nios2-elf/5.3.0/../../../../../H-x86_64-mingw32/nios2-elf/lib\libsmallc.a(lib_a-int_errno.o)
 .data          0x0000000000002304        0x0 c:/users/nazmievairat/intelfpga_lite/18.1/nios2eds/bin/gnu/h-x86_64-mingw32/bin/../lib/gcc/nios2-elf/5.3.0/../../../../../H-x86_64-mingw32/nios2-elf/lib\libsmallc.a(lib_a-memcmp.o)
 .data          0x0000000000002304        0x0 c:/users/nazmievairat/intelfpga_lite/18.1/nios2eds/bin/gnu/h-x86_64-mingw32/bin/../lib/gcc/nios2-elf/5.3.0/../../../../../H-x86_64-mingw32/nios2-elf/lib\libsmallc.a(lib_a-strlen.o)
 .data          0x0000000000002304        0x0 c:/users/nazmievairat/intelfpga_lite/18.1/nios2eds/bin/gnu/h-x86_64-mingw32/bin/../lib/gcc/nios2-elf/5.3.0/../../../../../H-x86_64-mingw32/nios2-elf/lib\libsmallc.a(lib_a-__atexit.o)
 .data          0x0000000000002304        0x0 c:/users/nazmievairat/intelfpga_lite/18.1/nios2eds/bin/gnu/h-x86_64-mingw32/bin/../lib/gcc/nios2-elf/5.3.0/../../../../../H-x86_64-mingw32/nios2-elf/lib\libsmallc.a(lib_a-__call_atexit.o)
 .data          0x0000000000002304        0x0 c:/users/nazmievairat/intelfpga_lite/18.1/nios2eds/bin/gnu/h-x86_64-mingw32/bin/../lib/gcc/nios2-elf/5.3.0/../../../../../H-x86_64-mingw32/nios2-elf/lib\libsmallc.a(lib_a-impure.o)
 .data.impure_data
                0x0000000000002304       0xe0 c:/users/nazmievairat/intelfpga_lite/18.1/nios2eds/bin/gnu/h-x86_64-mingw32/bin/../lib/gcc/nios2-elf/5.3.0/../../../../../H-x86_64-mingw32/nios2-elf/lib\libsmallc.a(lib_a-impure.o)
 .data          0x00000000000023e4        0x0 ../lect4_led_bsp/\libhal_bsp.a(alt_exit.o)
                0x000000000000a3e4                _gp = ABSOLUTE ((. + 0x8000))
                [!provide]                        PROVIDE (gp, _gp)
 *(.rwdata .rwdata.*)
 *(.sdata .sdata.* .gnu.linkonce.s.*)
 .sdata         0x00000000000023e4        0x8 ../lect4_led_bsp/\libhal_bsp.a(altera_avalon_sgdma.o)
                0x00000000000023e4                alt_sgdma_list
 .sdata         0x00000000000023ec       0x14 ../lect4_led_bsp/\libhal_bsp.a(alt_dev.o)
                0x00000000000023ec                alt_fs_list
                0x00000000000023f4                alt_dev_list
                0x00000000000023fc                alt_max_fd
 .sdata         0x0000000000002400        0x4 ../lect4_led_bsp/\libhal_bsp.a(alt_errno.o)
                0x0000000000002400                alt_errno
 .sdata         0x0000000000002404        0x4 ../lect4_led_bsp/\libhal_bsp.a(alt_irq_vars.o)
                0x0000000000002404                alt_priority_mask
 .sdata._global_impure_ptr
                0x0000000000002408        0x4 c:/users/nazmievairat/intelfpga_lite/18.1/nios2eds/bin/gnu/h-x86_64-mingw32/bin/../lib/gcc/nios2-elf/5.3.0/../../../../../H-x86_64-mingw32/nios2-elf/lib\libsmallc.a(lib_a-impure.o)
                0x0000000000002408                _global_impure_ptr
 .sdata._impure_ptr
                0x000000000000240c        0x4 c:/users/nazmievairat/intelfpga_lite/18.1/nios2eds/bin/gnu/h-x86_64-mingw32/bin/../lib/gcc/nios2-elf/5.3.0/../../../../../H-x86_64-mingw32/nios2-elf/lib\libsmallc.a(lib_a-impure.o)
                0x000000000000240c                _impure_ptr
 *(.sdata2 .sdata2.* .gnu.linkonce.s2.*)
                0x0000000000002410                . = ALIGN (0x4)
                0x0000000000002410                _edata = ABSOLUTE (.)
                [!provide]                        PROVIDE (edata, ABSOLUTE (.))
                0x0000000000002410                PROVIDE (__ram_rwdata_end, ABSOLUTE (.))
                0x0000000000002410                PROVIDE (__flash_rwdata_start, LOADADDR (.rwdata))

.bss            0x0000000000002704      0x39c
                0x0000000000002704                __bss_start = ABSOLUTE (.)
                [!provide]                        PROVIDE (__sbss_start, ABSOLUTE (.))
                [!provide]                        PROVIDE (___sbss_start, ABSOLUTE (.))
 *(.dynsbss)
 *(.sbss .sbss.* .gnu.linkonce.sb.*)
 .sbss          0x0000000000002704        0x4 obj/default/hello_world.o
                0x0000000000002704                dma
 .sbss          0x0000000000002708        0xc ../lect4_led_bsp/\libhal_bsp.a(alt_main.o)
                0x0000000000002708                alt_argc
                0x000000000000270c                alt_argv
                0x0000000000002710                alt_envp
 .sbss          0x0000000000002714        0x4 ../lect4_led_bsp/\libhal_bsp.a(alt_irq_vars.o)
                0x0000000000002714                alt_irq_active
 .sbss          0x0000000000002718        0x4 ../lect4_led_bsp/\libhal_bsp.a(alt_instruction_exception_entry.o)
                0x0000000000002718                alt_instruction_exception_handler
 .sbss          0x000000000000271c        0x4 c:/users/nazmievairat/intelfpga_lite/18.1/nios2eds/bin/gnu/h-x86_64-mingw32/bin/../lib/gcc/nios2-elf/5.3.0/../../../../../H-x86_64-mingw32/nios2-elf/lib\libsmallc.a(lib_a-int_errno.o)
                0x000000000000271c                errno
 *(.sbss2 .sbss2.* .gnu.linkonce.sb2.*)
 *(.scommon)
                [!provide]                        PROVIDE (__sbss_end, ABSOLUTE (.))
                [!provide]                        PROVIDE (___sbss_end, ABSOLUTE (.))
 *(.dynbss)
 *(.bss .bss.* .gnu.linkonce.b.*)
 .bss           0x0000000000002720        0x0 ../lect4_led_bsp//obj/HAL/src/crt0.o
 .bss           0x0000000000002720        0x0 obj/default/hello_world.o
 .bss           0x0000000000002720        0x0 ../lect4_led_bsp/\libhal_bsp.a(alt_load.o)
 .bss           0x0000000000002720        0x0 ../lect4_led_bsp/\libhal_bsp.a(alt_main.o)
 .bss           0x0000000000002720        0x0 ../lect4_led_bsp/\libhal_bsp.a(alt_sys_init.o)
 .bss           0x0000000000002720        0x0 ../lect4_led_bsp/\libhal_bsp.a(altera_avalon_sgdma.o)
 .bss           0x0000000000002720        0x0 ../lect4_led_bsp/\libhal_bsp.a(alt_close.o)
 .bss           0x0000000000002720        0x0 ../lect4_led_bsp/\libhal_bsp.a(alt_dcache_flush.o)
 .bss           0x0000000000002720        0x0 ../lect4_led_bsp/\libhal_bsp.a(alt_dcache_flush_all.o)
 .bss           0x0000000000002720        0x0 ../lect4_led_bsp/\libhal_bsp.a(alt_dev.o)
 .bss           0x0000000000002720        0x0 ../lect4_led_bsp/\libhal_bsp.a(alt_dev_llist_insert.o)
 .bss           0x0000000000002720        0x0 ../lect4_led_bsp/\libhal_bsp.a(alt_do_ctors.o)
 .bss           0x0000000000002720        0x0 ../lect4_led_bsp/\libhal_bsp.a(alt_do_dtors.o)
 .bss           0x0000000000002720        0x0 ../lect4_led_bsp/\libhal_bsp.a(alt_errno.o)
 .bss           0x0000000000002720        0x0 ../lect4_led_bsp/\libhal_bsp.a(alt_find_dev.o)
 .bss           0x0000000000002720        0x0 ../lect4_led_bsp/\libhal_bsp.a(alt_icache_flush_all.o)
 .bss           0x0000000000002720        0x0 ../lect4_led_bsp/\libhal_bsp.a(alt_iic.o)
 .bss           0x0000000000002720        0x0 ../lect4_led_bsp/\libhal_bsp.a(alt_iic_isr_register.o)
 .bss           0x0000000000002720        0x0 ../lect4_led_bsp/\libhal_bsp.a(alt_irq_entry.o)
 .bss           0x0000000000002720        0x0 ../lect4_led_bsp/\libhal_bsp.a(alt_irq_handler.o)
 .bss           0x0000000000002720        0x0 ../lect4_led_bsp/\libhal_bsp.a(alt_irq_vars.o)
 .bss           0x0000000000002720        0x0 ../lect4_led_bsp/\libhal_bsp.a(alt_release_fd.o)
 .bss           0x0000000000002720        0x0 ../lect4_led_bsp/\libhal_bsp.a(altera_nios2_gen2_irq.o)
 .bss           0x0000000000002720        0x0 ../lect4_led_bsp/\libhal_bsp.a(alt_exception_entry.o)
 .bss           0x0000000000002720        0x0 ../lect4_led_bsp/\libhal_bsp.a(alt_instruction_exception_entry.o)
 .bss           0x0000000000002720        0x0 c:/users/nazmievairat/intelfpga_lite/18.1/nios2eds/bin/gnu/h-x86_64-mingw32/bin/../lib/gcc/nios2-elf/5.3.0/../../../../../H-x86_64-mingw32/nios2-elf/lib\libsmallc.a(lib_a-atexit.o)
 .bss           0x0000000000002720        0x0 c:/users/nazmievairat/intelfpga_lite/18.1/nios2eds/bin/gnu/h-x86_64-mingw32/bin/../lib/gcc/nios2-elf/5.3.0/../../../../../H-x86_64-mingw32/nios2-elf/lib\libsmallc.a(lib_a-exit.o)
 .bss           0x0000000000002720        0x0 c:/users/nazmievairat/intelfpga_lite/18.1/nios2eds/bin/gnu/h-x86_64-mingw32/bin/../lib/gcc/nios2-elf/5.3.0/../../../../../H-x86_64-mingw32/nios2-elf/lib\libsmallc.a(lib_a-int_errno.o)
 .bss           0x0000000000002720        0x0 c:/users/nazmievairat/intelfpga_lite/18.1/nios2eds/bin/gnu/h-x86_64-mingw32/bin/../lib/gcc/nios2-elf/5.3.0/../../../../../H-x86_64-mingw32/nios2-elf/lib\libsmallc.a(lib_a-memcmp.o)
 .bss           0x0000000000002720        0x0 c:/users/nazmievairat/intelfpga_lite/18.1/nios2eds/bin/gnu/h-x86_64-mingw32/bin/../lib/gcc/nios2-elf/5.3.0/../../../../../H-x86_64-mingw32/nios2-elf/lib\libsmallc.a(lib_a-strlen.o)
 .bss           0x0000000000002720        0x0 c:/users/nazmievairat/intelfpga_lite/18.1/nios2eds/bin/gnu/h-x86_64-mingw32/bin/../lib/gcc/nios2-elf/5.3.0/../../../../../H-x86_64-mingw32/nios2-elf/lib\libsmallc.a(lib_a-__atexit.o)
 .bss           0x0000000000002720        0x0 c:/users/nazmievairat/intelfpga_lite/18.1/nios2eds/bin/gnu/h-x86_64-mingw32/bin/../lib/gcc/nios2-elf/5.3.0/../../../../../H-x86_64-mingw32/nios2-elf/lib\libsmallc.a(lib_a-__call_atexit.o)
 .bss           0x0000000000002720        0x0 c:/users/nazmievairat/intelfpga_lite/18.1/nios2eds/bin/gnu/h-x86_64-mingw32/bin/../lib/gcc/nios2-elf/5.3.0/../../../../../H-x86_64-mingw32/nios2-elf/lib\libsmallc.a(lib_a-impure.o)
 .bss           0x0000000000002720        0x0 ../lect4_led_bsp/\libhal_bsp.a(alt_exit.o)
 *(COMMON)
 COMMON         0x0000000000002720      0x280 obj/default/hello_world.o
                0x0000000000002720                ds4
                0x0000000000002740                ds2
                0x0000000000002760                leds
                0x0000000000002960                ds3
                0x0000000000002980                ds1
 COMMON         0x00000000000029a0      0x100 ../lect4_led_bsp/\libhal_bsp.a(alt_irq_handler.o)
                0x00000000000029a0                alt_irq
                0x0000000000002aa0                . = ALIGN (0x4)
                0x0000000000002aa0                __bss_end = ABSOLUTE (.)

.onchip_memory2_0
                0x0000000000002aa0        0x0
                [!provide]                        PROVIDE (_alt_partition_onchip_memory2_0_start, ABSOLUTE (.))
 *(.onchip_memory2_0 .onchip_memory2_0. onchip_memory2_0.*)
                0x0000000000002aa0                . = ALIGN (0x4)
                [!provide]                        PROVIDE (_alt_partition_onchip_memory2_0_end, ABSOLUTE (.))
                0x0000000000002aa0                _end = ABSOLUTE (.)
                0x0000000000002aa0                end = ABSOLUTE (.)
                0x0000000000002aa0                __alt_stack_base = ABSOLUTE (.)
                [!provide]                        PROVIDE (_alt_partition_onchip_memory2_0_load_addr, LOADADDR (.onchip_memory2_0))

.stab
 *(.stab)

.stabstr
 *(.stabstr)

.stab.excl
 *(.stab.excl)

.stab.exclstr
 *(.stab.exclstr)

.stab.index
 *(.stab.index)

.stab.indexstr
 *(.stab.indexstr)

.comment        0x0000000000000000       0x23
 *(.comment)
 .comment       0x0000000000000000       0x23 obj/default/hello_world.o
                                         0x24 (size before relaxing)
 .comment       0x0000000000000023       0x24 ../lect4_led_bsp/\libhal_bsp.a(alt_load.o)
 .comment       0x0000000000000023       0x24 ../lect4_led_bsp/\libhal_bsp.a(alt_main.o)
 .comment       0x0000000000000023       0x24 ../lect4_led_bsp/\libhal_bsp.a(alt_sys_init.o)
 .comment       0x0000000000000023       0x24 ../lect4_led_bsp/\libhal_bsp.a(altera_avalon_sgdma.o)
 .comment       0x0000000000000023       0x24 ../lect4_led_bsp/\libhal_bsp.a(alt_close.o)
 .comment       0x0000000000000023       0x24 ../lect4_led_bsp/\libhal_bsp.a(alt_dcache_flush.o)
 .comment       0x0000000000000023       0x24 ../lect4_led_bsp/\libhal_bsp.a(alt_dcache_flush_all.o)
 .comment       0x0000000000000023       0x24 ../lect4_led_bsp/\libhal_bsp.a(alt_dev.o)
 .comment       0x0000000000000023       0x24 ../lect4_led_bsp/\libhal_bsp.a(alt_dev_llist_insert.o)
 .comment       0x0000000000000023       0x24 ../lect4_led_bsp/\libhal_bsp.a(alt_do_ctors.o)
 .comment       0x0000000000000023       0x24 ../lect4_led_bsp/\libhal_bsp.a(alt_do_dtors.o)
 .comment       0x0000000000000023       0x24 ../lect4_led_bsp/\libhal_bsp.a(alt_errno.o)
 .comment       0x0000000000000023       0x24 ../lect4_led_bsp/\libhal_bsp.a(alt_find_dev.o)
 .comment       0x0000000000000023       0x24 ../lect4_led_bsp/\libhal_bsp.a(alt_icache_flush_all.o)
 .comment       0x0000000000000023       0x24 ../lect4_led_bsp/\libhal_bsp.a(alt_iic.o)
 .comment       0x0000000000000023       0x24 ../lect4_led_bsp/\libhal_bsp.a(alt_iic_isr_register.o)
 .comment       0x0000000000000023       0x24 ../lect4_led_bsp/\libhal_bsp.a(alt_irq_handler.o)
 .comment       0x0000000000000023       0x24 ../lect4_led_bsp/\libhal_bsp.a(alt_irq_vars.o)
 .comment       0x0000000000000023       0x24 ../lect4_led_bsp/\libhal_bsp.a(alt_release_fd.o)
 .comment       0x0000000000000023       0x24 ../lect4_led_bsp/\libhal_bsp.a(altera_nios2_gen2_irq.o)
 .comment       0x0000000000000023       0x24 ../lect4_led_bsp/\libhal_bsp.a(alt_instruction_exception_entry.o)
 .comment       0x0000000000000023       0x24 c:/users/nazmievairat/intelfpga_lite/18.1/nios2eds/bin/gnu/h-x86_64-mingw32/bin/../lib/gcc/nios2-elf/5.3.0/../../../../../H-x86_64-mingw32/nios2-elf/lib\libsmallc.a(lib_a-atexit.o)
 .comment       0x0000000000000023       0x24 c:/users/nazmievairat/intelfpga_lite/18.1/nios2eds/bin/gnu/h-x86_64-mingw32/bin/../lib/gcc/nios2-elf/5.3.0/../../../../../H-x86_64-mingw32/nios2-elf/lib\libsmallc.a(lib_a-exit.o)
 .comment       0x0000000000000023       0x24 c:/users/nazmievairat/intelfpga_lite/18.1/nios2eds/bin/gnu/h-x86_64-mingw32/bin/../lib/gcc/nios2-elf/5.3.0/../../../../../H-x86_64-mingw32/nios2-elf/lib\libsmallc.a(lib_a-int_errno.o)
 .comment       0x0000000000000023       0x24 c:/users/nazmievairat/intelfpga_lite/18.1/nios2eds/bin/gnu/h-x86_64-mingw32/bin/../lib/gcc/nios2-elf/5.3.0/../../../../../H-x86_64-mingw32/nios2-elf/lib\libsmallc.a(lib_a-memcmp.o)
 .comment       0x0000000000000023       0x24 c:/users/nazmievairat/intelfpga_lite/18.1/nios2eds/bin/gnu/h-x86_64-mingw32/bin/../lib/gcc/nios2-elf/5.3.0/../../../../../H-x86_64-mingw32/nios2-elf/lib\libsmallc.a(lib_a-strlen.o)
 .comment       0x0000000000000023       0x24 c:/users/nazmievairat/intelfpga_lite/18.1/nios2eds/bin/gnu/h-x86_64-mingw32/bin/../lib/gcc/nios2-elf/5.3.0/../../../../../H-x86_64-mingw32/nios2-elf/lib\libsmallc.a(lib_a-__atexit.o)
 .comment       0x0000000000000023       0x24 c:/users/nazmievairat/intelfpga_lite/18.1/nios2eds/bin/gnu/h-x86_64-mingw32/bin/../lib/gcc/nios2-elf/5.3.0/../../../../../H-x86_64-mingw32/nios2-elf/lib\libsmallc.a(lib_a-__call_atexit.o)
 .comment       0x0000000000000023       0x24 c:/users/nazmievairat/intelfpga_lite/18.1/nios2eds/bin/gnu/h-x86_64-mingw32/bin/../lib/gcc/nios2-elf/5.3.0/../../../../../H-x86_64-mingw32/nios2-elf/lib\libsmallc.a(lib_a-impure.o)
 .comment       0x0000000000000023       0x24 ../lect4_led_bsp/\libhal_bsp.a(alt_exit.o)

.debug
 *(.debug)

.line
 *(.line)

.debug_srcinfo
 *(.debug_srcinfo)

.debug_sfnames
 *(.debug_sfnames)

.debug_aranges  0x0000000000000000      0x458
 *(.debug_aranges)
 .debug_aranges
                0x0000000000000000       0x28 ../lect4_led_bsp//obj/HAL/src/crt0.o
 .debug_aranges
                0x0000000000000028       0x20 obj/default/hello_world.o
 .debug_aranges
                0x0000000000000048       0x20 ../lect4_led_bsp/\libhal_bsp.a(alt_load.o)
 .debug_aranges
                0x0000000000000068       0x20 ../lect4_led_bsp/\libhal_bsp.a(alt_main.o)
 .debug_aranges
                0x0000000000000088       0x20 ../lect4_led_bsp/\libhal_bsp.a(alt_sys_init.o)
 .debug_aranges
                0x00000000000000a8       0x20 ../lect4_led_bsp/\libhal_bsp.a(altera_avalon_sgdma.o)
 .debug_aranges
                0x00000000000000c8       0x20 ../lect4_led_bsp/\libhal_bsp.a(alt_close.o)
 .debug_aranges
                0x00000000000000e8       0x20 ../lect4_led_bsp/\libhal_bsp.a(alt_dcache_flush.o)
 .debug_aranges
                0x0000000000000108       0x20 ../lect4_led_bsp/\libhal_bsp.a(alt_dcache_flush_all.o)
 .debug_aranges
                0x0000000000000128       0x20 ../lect4_led_bsp/\libhal_bsp.a(alt_dev.o)
 .debug_aranges
                0x0000000000000148       0x20 ../lect4_led_bsp/\libhal_bsp.a(alt_dev_llist_insert.o)
 .debug_aranges
                0x0000000000000168       0x20 ../lect4_led_bsp/\libhal_bsp.a(alt_do_ctors.o)
 .debug_aranges
                0x0000000000000188       0x20 ../lect4_led_bsp/\libhal_bsp.a(alt_do_dtors.o)
 .debug_aranges
                0x00000000000001a8       0x18 ../lect4_led_bsp/\libhal_bsp.a(alt_errno.o)
 .debug_aranges
                0x00000000000001c0       0x20 ../lect4_led_bsp/\libhal_bsp.a(alt_find_dev.o)
 .debug_aranges
                0x00000000000001e0       0x20 ../lect4_led_bsp/\libhal_bsp.a(alt_icache_flush_all.o)
 .debug_aranges
                0x0000000000000200       0x20 ../lect4_led_bsp/\libhal_bsp.a(alt_iic.o)
 .debug_aranges
                0x0000000000000220       0x20 ../lect4_led_bsp/\libhal_bsp.a(alt_iic_isr_register.o)
 .debug_aranges
                0x0000000000000240       0x30 ../lect4_led_bsp/\libhal_bsp.a(alt_irq_entry.o)
 .debug_aranges
                0x0000000000000270       0x20 ../lect4_led_bsp/\libhal_bsp.a(alt_irq_handler.o)
 .debug_aranges
                0x0000000000000290       0x18 ../lect4_led_bsp/\libhal_bsp.a(alt_irq_vars.o)
 .debug_aranges
                0x00000000000002a8       0x20 ../lect4_led_bsp/\libhal_bsp.a(alt_release_fd.o)
 .debug_aranges
                0x00000000000002c8       0x20 ../lect4_led_bsp/\libhal_bsp.a(altera_nios2_gen2_irq.o)
 .debug_aranges
                0x00000000000002e8       0x38 ../lect4_led_bsp/\libhal_bsp.a(alt_exception_entry.o)
 .debug_aranges
                0x0000000000000320       0x28 ../lect4_led_bsp/\libhal_bsp.a(alt_instruction_exception_entry.o)
 .debug_aranges
                0x0000000000000348       0x20 c:/users/nazmievairat/intelfpga_lite/18.1/nios2eds/bin/gnu/h-x86_64-mingw32/bin/../lib/gcc/nios2-elf/5.3.0/../../../../../H-x86_64-mingw32/nios2-elf/lib\libsmallc.a(lib_a-atexit.o)
 .debug_aranges
                0x0000000000000368       0x20 c:/users/nazmievairat/intelfpga_lite/18.1/nios2eds/bin/gnu/h-x86_64-mingw32/bin/../lib/gcc/nios2-elf/5.3.0/../../../../../H-x86_64-mingw32/nios2-elf/lib\libsmallc.a(lib_a-exit.o)
 .debug_aranges
                0x0000000000000388       0x18 c:/users/nazmievairat/intelfpga_lite/18.1/nios2eds/bin/gnu/h-x86_64-mingw32/bin/../lib/gcc/nios2-elf/5.3.0/../../../../../H-x86_64-mingw32/nios2-elf/lib\libsmallc.a(lib_a-int_errno.o)
 .debug_aranges
                0x00000000000003a0       0x20 c:/users/nazmievairat/intelfpga_lite/18.1/nios2eds/bin/gnu/h-x86_64-mingw32/bin/../lib/gcc/nios2-elf/5.3.0/../../../../../H-x86_64-mingw32/nios2-elf/lib\libsmallc.a(lib_a-memcmp.o)
 .debug_aranges
                0x00000000000003c0       0x20 c:/users/nazmievairat/intelfpga_lite/18.1/nios2eds/bin/gnu/h-x86_64-mingw32/bin/../lib/gcc/nios2-elf/5.3.0/../../../../../H-x86_64-mingw32/nios2-elf/lib\libsmallc.a(lib_a-strlen.o)
 .debug_aranges
                0x00000000000003e0       0x20 c:/users/nazmievairat/intelfpga_lite/18.1/nios2eds/bin/gnu/h-x86_64-mingw32/bin/../lib/gcc/nios2-elf/5.3.0/../../../../../H-x86_64-mingw32/nios2-elf/lib\libsmallc.a(lib_a-__atexit.o)
 .debug_aranges
                0x0000000000000400       0x20 c:/users/nazmievairat/intelfpga_lite/18.1/nios2eds/bin/gnu/h-x86_64-mingw32/bin/../lib/gcc/nios2-elf/5.3.0/../../../../../H-x86_64-mingw32/nios2-elf/lib\libsmallc.a(lib_a-__call_atexit.o)
 .debug_aranges
                0x0000000000000420       0x18 c:/users/nazmievairat/intelfpga_lite/18.1/nios2eds/bin/gnu/h-x86_64-mingw32/bin/../lib/gcc/nios2-elf/5.3.0/../../../../../H-x86_64-mingw32/nios2-elf/lib\libsmallc.a(lib_a-impure.o)
 .debug_aranges
                0x0000000000000438       0x20 ../lect4_led_bsp/\libhal_bsp.a(alt_exit.o)

.debug_pubnames
 *(.debug_pubnames)

.debug_info     0x0000000000000000     0x48d8
 *(.debug_info .gnu.linkonce.wi.*)
 .debug_info    0x0000000000000000       0xa4 ../lect4_led_bsp//obj/HAL/src/crt0.o
 .debug_info    0x00000000000000a4      0x34a obj/default/hello_world.o
 .debug_info    0x00000000000003ee      0x145 ../lect4_led_bsp/\libhal_bsp.a(alt_load.o)
 .debug_info    0x0000000000000533      0x131 ../lect4_led_bsp/\libhal_bsp.a(alt_main.o)
 .debug_info    0x0000000000000664      0x2bc ../lect4_led_bsp/\libhal_bsp.a(alt_sys_init.o)
 .debug_info    0x0000000000000920      0xa82 ../lect4_led_bsp/\libhal_bsp.a(altera_avalon_sgdma.o)
 .debug_info    0x00000000000013a2      0x321 ../lect4_led_bsp/\libhal_bsp.a(alt_close.o)
 .debug_info    0x00000000000016c3       0xbc ../lect4_led_bsp/\libhal_bsp.a(alt_dcache_flush.o)
 .debug_info    0x000000000000177f       0x92 ../lect4_led_bsp/\libhal_bsp.a(alt_dcache_flush_all.o)
 .debug_info    0x0000000000001811      0x49c ../lect4_led_bsp/\libhal_bsp.a(alt_dev.o)
 .debug_info    0x0000000000001cad      0x1a9 ../lect4_led_bsp/\libhal_bsp.a(alt_dev_llist_insert.o)
 .debug_info    0x0000000000001e56       0x83 ../lect4_led_bsp/\libhal_bsp.a(alt_do_ctors.o)
 .debug_info    0x0000000000001ed9       0x83 ../lect4_led_bsp/\libhal_bsp.a(alt_do_dtors.o)
 .debug_info    0x0000000000001f5c       0xa6 ../lect4_led_bsp/\libhal_bsp.a(alt_errno.o)
 .debug_info    0x0000000000002002      0x2e9 ../lect4_led_bsp/\libhal_bsp.a(alt_find_dev.o)
 .debug_info    0x00000000000022eb       0x92 ../lect4_led_bsp/\libhal_bsp.a(alt_icache_flush_all.o)
 .debug_info    0x000000000000237d      0x350 ../lect4_led_bsp/\libhal_bsp.a(alt_iic.o)
 .debug_info    0x00000000000026cd      0x1ef ../lect4_led_bsp/\libhal_bsp.a(alt_iic_isr_register.o)
 .debug_info    0x00000000000028bc       0xad ../lect4_led_bsp/\libhal_bsp.a(alt_irq_entry.o)
 .debug_info    0x0000000000002969      0x187 ../lect4_led_bsp/\libhal_bsp.a(alt_irq_handler.o)
 .debug_info    0x0000000000002af0       0x88 ../lect4_led_bsp/\libhal_bsp.a(alt_irq_vars.o)
 .debug_info    0x0000000000002b78      0x2b0 ../lect4_led_bsp/\libhal_bsp.a(alt_release_fd.o)
 .debug_info    0x0000000000002e28       0x92 ../lect4_led_bsp/\libhal_bsp.a(altera_nios2_gen2_irq.o)
 .debug_info    0x0000000000002eba       0xb3 ../lect4_led_bsp/\libhal_bsp.a(alt_exception_entry.o)
 .debug_info    0x0000000000002f6d      0x1e7 ../lect4_led_bsp/\libhal_bsp.a(alt_instruction_exception_entry.o)
 .debug_info    0x0000000000003154       0xfe c:/users/nazmievairat/intelfpga_lite/18.1/nios2eds/bin/gnu/h-x86_64-mingw32/bin/../lib/gcc/nios2-elf/5.3.0/../../../../../H-x86_64-mingw32/nios2-elf/lib\libsmallc.a(lib_a-atexit.o)
 .debug_info    0x0000000000003252       0xe5 c:/users/nazmievairat/intelfpga_lite/18.1/nios2eds/bin/gnu/h-x86_64-mingw32/bin/../lib/gcc/nios2-elf/5.3.0/../../../../../H-x86_64-mingw32/nios2-elf/lib\libsmallc.a(lib_a-exit.o)
 .debug_info    0x0000000000003337       0x8a c:/users/nazmievairat/intelfpga_lite/18.1/nios2eds/bin/gnu/h-x86_64-mingw32/bin/../lib/gcc/nios2-elf/5.3.0/../../../../../H-x86_64-mingw32/nios2-elf/lib\libsmallc.a(lib_a-int_errno.o)
 .debug_info    0x00000000000033c1       0xf4 c:/users/nazmievairat/intelfpga_lite/18.1/nios2eds/bin/gnu/h-x86_64-mingw32/bin/../lib/gcc/nios2-elf/5.3.0/../../../../../H-x86_64-mingw32/nios2-elf/lib\libsmallc.a(lib_a-memcmp.o)
 .debug_info    0x00000000000034b5       0xc9 c:/users/nazmievairat/intelfpga_lite/18.1/nios2eds/bin/gnu/h-x86_64-mingw32/bin/../lib/gcc/nios2-elf/5.3.0/../../../../../H-x86_64-mingw32/nios2-elf/lib\libsmallc.a(lib_a-strlen.o)
 .debug_info    0x000000000000357e      0x64a c:/users/nazmievairat/intelfpga_lite/18.1/nios2eds/bin/gnu/h-x86_64-mingw32/bin/../lib/gcc/nios2-elf/5.3.0/../../../../../H-x86_64-mingw32/nios2-elf/lib\libsmallc.a(lib_a-__atexit.o)
 .debug_info    0x0000000000003bc8      0x67b c:/users/nazmievairat/intelfpga_lite/18.1/nios2eds/bin/gnu/h-x86_64-mingw32/bin/../lib/gcc/nios2-elf/5.3.0/../../../../../H-x86_64-mingw32/nios2-elf/lib\libsmallc.a(lib_a-__call_atexit.o)
 .debug_info    0x0000000000004243      0x5a9 c:/users/nazmievairat/intelfpga_lite/18.1/nios2eds/bin/gnu/h-x86_64-mingw32/bin/../lib/gcc/nios2-elf/5.3.0/../../../../../H-x86_64-mingw32/nios2-elf/lib\libsmallc.a(lib_a-impure.o)
 .debug_info    0x00000000000047ec       0xec ../lect4_led_bsp/\libhal_bsp.a(alt_exit.o)

.debug_abbrev   0x0000000000000000     0x1aea
 *(.debug_abbrev)
 .debug_abbrev  0x0000000000000000       0x12 ../lect4_led_bsp//obj/HAL/src/crt0.o
 .debug_abbrev  0x0000000000000012      0x132 obj/default/hello_world.o
 .debug_abbrev  0x0000000000000144       0x9f ../lect4_led_bsp/\libhal_bsp.a(alt_load.o)
 .debug_abbrev  0x00000000000001e3       0xba ../lect4_led_bsp/\libhal_bsp.a(alt_main.o)
 .debug_abbrev  0x000000000000029d      0x10d ../lect4_led_bsp/\libhal_bsp.a(alt_sys_init.o)
 .debug_abbrev  0x00000000000003aa      0x279 ../lect4_led_bsp/\libhal_bsp.a(altera_avalon_sgdma.o)
 .debug_abbrev  0x0000000000000623      0x11f ../lect4_led_bsp/\libhal_bsp.a(alt_close.o)
 .debug_abbrev  0x0000000000000742       0x74 ../lect4_led_bsp/\libhal_bsp.a(alt_dcache_flush.o)
 .debug_abbrev  0x00000000000007b6       0x42 ../lect4_led_bsp/\libhal_bsp.a(alt_dcache_flush_all.o)
 .debug_abbrev  0x00000000000007f8       0xd9 ../lect4_led_bsp/\libhal_bsp.a(alt_dev.o)
 .debug_abbrev  0x00000000000008d1      0x114 ../lect4_led_bsp/\libhal_bsp.a(alt_dev_llist_insert.o)
 .debug_abbrev  0x00000000000009e5       0x79 ../lect4_led_bsp/\libhal_bsp.a(alt_do_ctors.o)
 .debug_abbrev  0x0000000000000a5e       0x79 ../lect4_led_bsp/\libhal_bsp.a(alt_do_dtors.o)
 .debug_abbrev  0x0000000000000ad7       0x5a ../lect4_led_bsp/\libhal_bsp.a(alt_errno.o)
 .debug_abbrev  0x0000000000000b31       0xf0 ../lect4_led_bsp/\libhal_bsp.a(alt_find_dev.o)
 .debug_abbrev  0x0000000000000c21       0x42 ../lect4_led_bsp/\libhal_bsp.a(alt_icache_flush_all.o)
 .debug_abbrev  0x0000000000000c63      0x163 ../lect4_led_bsp/\libhal_bsp.a(alt_iic.o)
 .debug_abbrev  0x0000000000000dc6      0x169 ../lect4_led_bsp/\libhal_bsp.a(alt_iic_isr_register.o)
 .debug_abbrev  0x0000000000000f2f       0x12 ../lect4_led_bsp/\libhal_bsp.a(alt_irq_entry.o)
 .debug_abbrev  0x0000000000000f41      0x122 ../lect4_led_bsp/\libhal_bsp.a(alt_irq_handler.o)
 .debug_abbrev  0x0000000000001063       0x40 ../lect4_led_bsp/\libhal_bsp.a(alt_irq_vars.o)
 .debug_abbrev  0x00000000000010a3       0xde ../lect4_led_bsp/\libhal_bsp.a(alt_release_fd.o)
 .debug_abbrev  0x0000000000001181       0x42 ../lect4_led_bsp/\libhal_bsp.a(altera_nios2_gen2_irq.o)
 .debug_abbrev  0x00000000000011c3       0x12 ../lect4_led_bsp/\libhal_bsp.a(alt_exception_entry.o)
 .debug_abbrev  0x00000000000011d5       0xdc ../lect4_led_bsp/\libhal_bsp.a(alt_instruction_exception_entry.o)
 .debug_abbrev  0x00000000000012b1       0xaa c:/users/nazmievairat/intelfpga_lite/18.1/nios2eds/bin/gnu/h-x86_64-mingw32/bin/../lib/gcc/nios2-elf/5.3.0/../../../../../H-x86_64-mingw32/nios2-elf/lib\libsmallc.a(lib_a-atexit.o)
 .debug_abbrev  0x000000000000135b       0x8b c:/users/nazmievairat/intelfpga_lite/18.1/nios2eds/bin/gnu/h-x86_64-mingw32/bin/../lib/gcc/nios2-elf/5.3.0/../../../../../H-x86_64-mingw32/nios2-elf/lib\libsmallc.a(lib_a-exit.o)
 .debug_abbrev  0x00000000000013e6       0x37 c:/users/nazmievairat/intelfpga_lite/18.1/nios2eds/bin/gnu/h-x86_64-mingw32/bin/../lib/gcc/nios2-elf/5.3.0/../../../../../H-x86_64-mingw32/nios2-elf/lib\libsmallc.a(lib_a-int_errno.o)
 .debug_abbrev  0x000000000000141d       0x7f c:/users/nazmievairat/intelfpga_lite/18.1/nios2eds/bin/gnu/h-x86_64-mingw32/bin/../lib/gcc/nios2-elf/5.3.0/../../../../../H-x86_64-mingw32/nios2-elf/lib\libsmallc.a(lib_a-memcmp.o)
 .debug_abbrev  0x000000000000149c       0x7f c:/users/nazmievairat/intelfpga_lite/18.1/nios2eds/bin/gnu/h-x86_64-mingw32/bin/../lib/gcc/nios2-elf/5.3.0/../../../../../H-x86_64-mingw32/nios2-elf/lib\libsmallc.a(lib_a-strlen.o)
 .debug_abbrev  0x000000000000151b      0x1e6 c:/users/nazmievairat/intelfpga_lite/18.1/nios2eds/bin/gnu/h-x86_64-mingw32/bin/../lib/gcc/nios2-elf/5.3.0/../../../../../H-x86_64-mingw32/nios2-elf/lib\libsmallc.a(lib_a-__atexit.o)
 .debug_abbrev  0x0000000000001701      0x1f6 c:/users/nazmievairat/intelfpga_lite/18.1/nios2eds/bin/gnu/h-x86_64-mingw32/bin/../lib/gcc/nios2-elf/5.3.0/../../../../../H-x86_64-mingw32/nios2-elf/lib\libsmallc.a(lib_a-__call_atexit.o)
 .debug_abbrev  0x00000000000018f7      0x14a c:/users/nazmievairat/intelfpga_lite/18.1/nios2eds/bin/gnu/h-x86_64-mingw32/bin/../lib/gcc/nios2-elf/5.3.0/../../../../../H-x86_64-mingw32/nios2-elf/lib\libsmallc.a(lib_a-impure.o)
 .debug_abbrev  0x0000000000001a41       0xa9 ../lect4_led_bsp/\libhal_bsp.a(alt_exit.o)

.debug_line     0x0000000000000000     0x1d8d
 *(.debug_line)
 .debug_line    0x0000000000000000       0x66 ../lect4_led_bsp//obj/HAL/src/crt0.o
 .debug_line    0x0000000000000066      0x161 obj/default/hello_world.o
 .debug_line    0x00000000000001c7       0x8e ../lect4_led_bsp/\libhal_bsp.a(alt_load.o)
 .debug_line    0x0000000000000255       0xa0 ../lect4_led_bsp/\libhal_bsp.a(alt_main.o)
 .debug_line    0x00000000000002f5       0xed ../lect4_led_bsp/\libhal_bsp.a(alt_sys_init.o)
 .debug_line    0x00000000000003e2      0x2ba ../lect4_led_bsp/\libhal_bsp.a(altera_avalon_sgdma.o)
 .debug_line    0x000000000000069c      0x178 ../lect4_led_bsp/\libhal_bsp.a(alt_close.o)
 .debug_line    0x0000000000000814       0x67 ../lect4_led_bsp/\libhal_bsp.a(alt_dcache_flush.o)
 .debug_line    0x000000000000087b       0x51 ../lect4_led_bsp/\libhal_bsp.a(alt_dcache_flush_all.o)
 .debug_line    0x00000000000008cc      0x10b ../lect4_led_bsp/\libhal_bsp.a(alt_dev.o)
 .debug_line    0x00000000000009d7       0xcf ../lect4_led_bsp/\libhal_bsp.a(alt_dev_llist_insert.o)
 .debug_line    0x0000000000000aa6       0x59 ../lect4_led_bsp/\libhal_bsp.a(alt_do_ctors.o)
 .debug_line    0x0000000000000aff       0x59 ../lect4_led_bsp/\libhal_bsp.a(alt_do_dtors.o)
 .debug_line    0x0000000000000b58       0x51 ../lect4_led_bsp/\libhal_bsp.a(alt_errno.o)
 .debug_line    0x0000000000000ba9       0xb5 ../lect4_led_bsp/\libhal_bsp.a(alt_find_dev.o)
 .debug_line    0x0000000000000c5e       0x4f ../lect4_led_bsp/\libhal_bsp.a(alt_icache_flush_all.o)
 .debug_line    0x0000000000000cad       0xeb ../lect4_led_bsp/\libhal_bsp.a(alt_iic.o)
 .debug_line    0x0000000000000d98       0xdb ../lect4_led_bsp/\libhal_bsp.a(alt_iic_isr_register.o)
 .debug_line    0x0000000000000e73       0x6b ../lect4_led_bsp/\libhal_bsp.a(alt_irq_entry.o)
 .debug_line    0x0000000000000ede       0xaa ../lect4_led_bsp/\libhal_bsp.a(alt_irq_handler.o)
 .debug_line    0x0000000000000f88       0x50 ../lect4_led_bsp/\libhal_bsp.a(alt_irq_vars.o)
 .debug_line    0x0000000000000fd8       0xae ../lect4_led_bsp/\libhal_bsp.a(alt_release_fd.o)
 .debug_line    0x0000000000001086       0x51 ../lect4_led_bsp/\libhal_bsp.a(altera_nios2_gen2_irq.o)
 .debug_line    0x00000000000010d7       0xb3 ../lect4_led_bsp/\libhal_bsp.a(alt_exception_entry.o)
 .debug_line    0x000000000000118a       0xba ../lect4_led_bsp/\libhal_bsp.a(alt_instruction_exception_entry.o)
 .debug_line    0x0000000000001244       0xe4 c:/users/nazmievairat/intelfpga_lite/18.1/nios2eds/bin/gnu/h-x86_64-mingw32/bin/../lib/gcc/nios2-elf/5.3.0/../../../../../H-x86_64-mingw32/nios2-elf/lib\libsmallc.a(lib_a-atexit.o)
 .debug_line    0x0000000000001328      0x156 c:/users/nazmievairat/intelfpga_lite/18.1/nios2eds/bin/gnu/h-x86_64-mingw32/bin/../lib/gcc/nios2-elf/5.3.0/../../../../../H-x86_64-mingw32/nios2-elf/lib\libsmallc.a(lib_a-exit.o)
 .debug_line    0x000000000000147e       0x5c c:/users/nazmievairat/intelfpga_lite/18.1/nios2eds/bin/gnu/h-x86_64-mingw32/bin/../lib/gcc/nios2-elf/5.3.0/../../../../../H-x86_64-mingw32/nios2-elf/lib\libsmallc.a(lib_a-int_errno.o)
 .debug_line    0x00000000000014da      0x15d c:/users/nazmievairat/intelfpga_lite/18.1/nios2eds/bin/gnu/h-x86_64-mingw32/bin/../lib/gcc/nios2-elf/5.3.0/../../../../../H-x86_64-mingw32/nios2-elf/lib\libsmallc.a(lib_a-memcmp.o)
 .debug_line    0x0000000000001637      0x159 c:/users/nazmievairat/intelfpga_lite/18.1/nios2eds/bin/gnu/h-x86_64-mingw32/bin/../lib/gcc/nios2-elf/5.3.0/../../../../../H-x86_64-mingw32/nios2-elf/lib\libsmallc.a(lib_a-strlen.o)
 .debug_line    0x0000000000001790      0x20a c:/users/nazmievairat/intelfpga_lite/18.1/nios2eds/bin/gnu/h-x86_64-mingw32/bin/../lib/gcc/nios2-elf/5.3.0/../../../../../H-x86_64-mingw32/nios2-elf/lib\libsmallc.a(lib_a-__atexit.o)
 .debug_line    0x000000000000199a      0x22f c:/users/nazmievairat/intelfpga_lite/18.1/nios2eds/bin/gnu/h-x86_64-mingw32/bin/../lib/gcc/nios2-elf/5.3.0/../../../../../H-x86_64-mingw32/nios2-elf/lib\libsmallc.a(lib_a-__call_atexit.o)
 .debug_line    0x0000000000001bc9      0x153 c:/users/nazmievairat/intelfpga_lite/18.1/nios2eds/bin/gnu/h-x86_64-mingw32/bin/../lib/gcc/nios2-elf/5.3.0/../../../../../H-x86_64-mingw32/nios2-elf/lib\libsmallc.a(lib_a-impure.o)
 .debug_line    0x0000000000001d1c       0x71 ../lect4_led_bsp/\libhal_bsp.a(alt_exit.o)

.debug_frame    0x0000000000000000      0x9a8
 *(.debug_frame)
 .debug_frame   0x0000000000000000       0x50 obj/default/hello_world.o
 .debug_frame   0x0000000000000050       0x5c ../lect4_led_bsp/\libhal_bsp.a(alt_load.o)
 .debug_frame   0x00000000000000ac       0x2c ../lect4_led_bsp/\libhal_bsp.a(alt_main.o)
 .debug_frame   0x00000000000000d8       0x60 ../lect4_led_bsp/\libhal_bsp.a(alt_sys_init.o)
 .debug_frame   0x0000000000000138      0x310 ../lect4_led_bsp/\libhal_bsp.a(altera_avalon_sgdma.o)
 .debug_frame   0x0000000000000448       0x60 ../lect4_led_bsp/\libhal_bsp.a(alt_close.o)
 .debug_frame   0x00000000000004a8       0x34 ../lect4_led_bsp/\libhal_bsp.a(alt_dcache_flush.o)
 .debug_frame   0x00000000000004dc       0x34 ../lect4_led_bsp/\libhal_bsp.a(alt_dcache_flush_all.o)
 .debug_frame   0x0000000000000510       0x34 ../lect4_led_bsp/\libhal_bsp.a(alt_dev.o)
 .debug_frame   0x0000000000000544       0x60 ../lect4_led_bsp/\libhal_bsp.a(alt_dev_llist_insert.o)
 .debug_frame   0x00000000000005a4       0x38 ../lect4_led_bsp/\libhal_bsp.a(alt_do_ctors.o)
 .debug_frame   0x00000000000005dc       0x38 ../lect4_led_bsp/\libhal_bsp.a(alt_do_dtors.o)
 .debug_frame   0x0000000000000614       0x38 ../lect4_led_bsp/\libhal_bsp.a(alt_find_dev.o)
 .debug_frame   0x000000000000064c       0x34 ../lect4_led_bsp/\libhal_bsp.a(alt_icache_flush_all.o)
 .debug_frame   0x0000000000000680       0xa4 ../lect4_led_bsp/\libhal_bsp.a(alt_iic.o)
 .debug_frame   0x0000000000000724       0x38 ../lect4_led_bsp/\libhal_bsp.a(alt_iic_isr_register.o)
 .debug_frame   0x000000000000075c       0x38 ../lect4_led_bsp/\libhal_bsp.a(alt_irq_handler.o)
 .debug_frame   0x0000000000000794       0x34 ../lect4_led_bsp/\libhal_bsp.a(alt_release_fd.o)
 .debug_frame   0x00000000000007c8       0x34 ../lect4_led_bsp/\libhal_bsp.a(altera_nios2_gen2_irq.o)
 .debug_frame   0x00000000000007fc       0x5c ../lect4_led_bsp/\libhal_bsp.a(alt_instruction_exception_entry.o)
 .debug_frame   0x0000000000000858       0x20 c:/users/nazmievairat/intelfpga_lite/18.1/nios2eds/bin/gnu/h-x86_64-mingw32/bin/../lib/gcc/nios2-elf/5.3.0/../../../../../H-x86_64-mingw32/nios2-elf/lib\libsmallc.a(lib_a-atexit.o)
 .debug_frame   0x0000000000000878       0x28 c:/users/nazmievairat/intelfpga_lite/18.1/nios2eds/bin/gnu/h-x86_64-mingw32/bin/../lib/gcc/nios2-elf/5.3.0/../../../../../H-x86_64-mingw32/nios2-elf/lib\libsmallc.a(lib_a-exit.o)
 .debug_frame   0x00000000000008a0       0x20 c:/users/nazmievairat/intelfpga_lite/18.1/nios2eds/bin/gnu/h-x86_64-mingw32/bin/../lib/gcc/nios2-elf/5.3.0/../../../../../H-x86_64-mingw32/nios2-elf/lib\libsmallc.a(lib_a-memcmp.o)
 .debug_frame   0x00000000000008c0       0x20 c:/users/nazmievairat/intelfpga_lite/18.1/nios2eds/bin/gnu/h-x86_64-mingw32/bin/../lib/gcc/nios2-elf/5.3.0/../../../../../H-x86_64-mingw32/nios2-elf/lib\libsmallc.a(lib_a-strlen.o)
 .debug_frame   0x00000000000008e0       0x48 c:/users/nazmievairat/intelfpga_lite/18.1/nios2eds/bin/gnu/h-x86_64-mingw32/bin/../lib/gcc/nios2-elf/5.3.0/../../../../../H-x86_64-mingw32/nios2-elf/lib\libsmallc.a(lib_a-__atexit.o)
 .debug_frame   0x0000000000000928       0x54 c:/users/nazmievairat/intelfpga_lite/18.1/nios2eds/bin/gnu/h-x86_64-mingw32/bin/../lib/gcc/nios2-elf/5.3.0/../../../../../H-x86_64-mingw32/nios2-elf/lib\libsmallc.a(lib_a-__call_atexit.o)
 .debug_frame   0x000000000000097c       0x2c ../lect4_led_bsp/\libhal_bsp.a(alt_exit.o)

.debug_str      0x0000000000000000     0x1917
 *(.debug_str)
 .debug_str     0x0000000000000000      0x2a8 obj/default/hello_world.o
                                        0x323 (size before relaxing)
 .debug_str     0x00000000000002a8      0x159 ../lect4_led_bsp/\libhal_bsp.a(alt_load.o)
                                        0x245 (size before relaxing)
 .debug_str     0x0000000000000401       0x44 ../lect4_led_bsp/\libhal_bsp.a(alt_main.o)
                                        0x1d0 (size before relaxing)
 .debug_str     0x0000000000000445       0x4f ../lect4_led_bsp/\libhal_bsp.a(alt_sys_init.o)
                                        0x33a (size before relaxing)
 .debug_str     0x0000000000000494      0x3c5 ../lect4_led_bsp/\libhal_bsp.a(altera_avalon_sgdma.o)
                                        0x6c3 (size before relaxing)
 .debug_str     0x0000000000000859       0x79 ../lect4_led_bsp/\libhal_bsp.a(alt_close.o)
                                        0x23e (size before relaxing)
 .debug_str     0x00000000000008d2       0x2c ../lect4_led_bsp/\libhal_bsp.a(alt_dcache_flush.o)
                                        0x18e (size before relaxing)
 .debug_str     0x00000000000008fe       0x34 ../lect4_led_bsp/\libhal_bsp.a(alt_dcache_flush_all.o)
                                        0x188 (size before relaxing)
 .debug_str     0x0000000000000932      0x120 ../lect4_led_bsp/\libhal_bsp.a(alt_dev.o)
                                        0x338 (size before relaxing)
 .debug_str     0x0000000000000a52       0x45 ../lect4_led_bsp/\libhal_bsp.a(alt_dev_llist_insert.o)
                                        0x1ff (size before relaxing)
 .debug_str     0x0000000000000a97       0x48 ../lect4_led_bsp/\libhal_bsp.a(alt_do_ctors.o)
                                        0x103 (size before relaxing)
 .debug_str     0x0000000000000adf       0x4c ../lect4_led_bsp/\libhal_bsp.a(alt_do_dtors.o)
                                        0x102 (size before relaxing)
 .debug_str     0x0000000000000b2b       0x14 ../lect4_led_bsp/\libhal_bsp.a(alt_errno.o)
                                        0x178 (size before relaxing)
 .debug_str     0x0000000000000b3f       0x24 ../lect4_led_bsp/\libhal_bsp.a(alt_find_dev.o)
                                        0x21f (size before relaxing)
 .debug_str     0x0000000000000b63       0x34 ../lect4_led_bsp/\libhal_bsp.a(alt_icache_flush_all.o)
                                        0x188 (size before relaxing)
 .debug_str     0x0000000000000b97       0xb7 ../lect4_led_bsp/\libhal_bsp.a(alt_iic.o)
                                        0x271 (size before relaxing)
 .debug_str     0x0000000000000c4e       0x4c ../lect4_led_bsp/\libhal_bsp.a(alt_iic_isr_register.o)
                                        0x21b (size before relaxing)
 .debug_str     0x0000000000000c9a       0x3a ../lect4_led_bsp/\libhal_bsp.a(alt_irq_handler.o)
                                        0x1ca (size before relaxing)
 .debug_str     0x0000000000000cd4       0x17 ../lect4_led_bsp/\libhal_bsp.a(alt_irq_vars.o)
                                        0x16d (size before relaxing)
 .debug_str     0x0000000000000ceb       0x28 ../lect4_led_bsp/\libhal_bsp.a(alt_release_fd.o)
                                        0x206 (size before relaxing)
 .debug_str     0x0000000000000d13       0x3b ../lect4_led_bsp/\libhal_bsp.a(altera_nios2_gen2_irq.o)
                                        0x18f (size before relaxing)
 .debug_str     0x0000000000000d4e      0x48b ../lect4_led_bsp/\libhal_bsp.a(alt_instruction_exception_entry.o)
                                        0x5d3 (size before relaxing)
 .debug_str     0x00000000000011d9      0x15d c:/users/nazmievairat/intelfpga_lite/18.1/nios2eds/bin/gnu/h-x86_64-mingw32/bin/../lib/gcc/nios2-elf/5.3.0/../../../../../H-x86_64-mingw32/nios2-elf/lib\libsmallc.a(lib_a-atexit.o)
                                        0x202 (size before relaxing)
 .debug_str     0x0000000000001336       0x4f c:/users/nazmievairat/intelfpga_lite/18.1/nios2eds/bin/gnu/h-x86_64-mingw32/bin/../lib/gcc/nios2-elf/5.3.0/../../../../../H-x86_64-mingw32/nios2-elf/lib\libsmallc.a(lib_a-exit.o)
                                        0x1d6 (size before relaxing)
 .debug_str     0x0000000000001385       0xc5 c:/users/nazmievairat/intelfpga_lite/18.1/nios2eds/bin/gnu/h-x86_64-mingw32/bin/../lib/gcc/nios2-elf/5.3.0/../../../../../H-x86_64-mingw32/nios2-elf/lib\libsmallc.a(lib_a-int_errno.o)
                                        0x1be (size before relaxing)
 .debug_str     0x000000000000144a       0xd2 c:/users/nazmievairat/intelfpga_lite/18.1/nios2eds/bin/gnu/h-x86_64-mingw32/bin/../lib/gcc/nios2-elf/5.3.0/../../../../../H-x86_64-mingw32/nios2-elf/lib\libsmallc.a(lib_a-memcmp.o)
                                        0x1c5 (size before relaxing)
 .debug_str     0x000000000000151c       0x41 c:/users/nazmievairat/intelfpga_lite/18.1/nios2eds/bin/gnu/h-x86_64-mingw32/bin/../lib/gcc/nios2-elf/5.3.0/../../../../../H-x86_64-mingw32/nios2-elf/lib\libsmallc.a(lib_a-strlen.o)
                                        0x1cb (size before relaxing)
 .debug_str     0x000000000000155d      0x2e9 c:/users/nazmievairat/intelfpga_lite/18.1/nios2eds/bin/gnu/h-x86_64-mingw32/bin/../lib/gcc/nios2-elf/5.3.0/../../../../../H-x86_64-mingw32/nios2-elf/lib\libsmallc.a(lib_a-__atexit.o)
                                        0x4e5 (size before relaxing)
 .debug_str     0x0000000000001846       0x62 c:/users/nazmievairat/intelfpga_lite/18.1/nios2eds/bin/gnu/h-x86_64-mingw32/bin/../lib/gcc/nios2-elf/5.3.0/../../../../../H-x86_64-mingw32/nios2-elf/lib\libsmallc.a(lib_a-__call_atexit.o)
                                        0x4d1 (size before relaxing)
 .debug_str     0x00000000000018a8       0x45 c:/users/nazmievairat/intelfpga_lite/18.1/nios2eds/bin/gnu/h-x86_64-mingw32/bin/../lib/gcc/nios2-elf/5.3.0/../../../../../H-x86_64-mingw32/nios2-elf/lib\libsmallc.a(lib_a-impure.o)
                                        0x4a4 (size before relaxing)
 .debug_str     0x00000000000018ed       0x2a ../lect4_led_bsp/\libhal_bsp.a(alt_exit.o)
                                        0x184 (size before relaxing)

.debug_loc      0x0000000000000000      0x413
 *(.debug_loc)
 .debug_loc     0x0000000000000000       0x2c c:/users/nazmievairat/intelfpga_lite/18.1/nios2eds/bin/gnu/h-x86_64-mingw32/bin/../lib/gcc/nios2-elf/5.3.0/../../../../../H-x86_64-mingw32/nios2-elf/lib\libsmallc.a(lib_a-atexit.o)
 .debug_loc     0x000000000000002c       0x1e c:/users/nazmievairat/intelfpga_lite/18.1/nios2eds/bin/gnu/h-x86_64-mingw32/bin/../lib/gcc/nios2-elf/5.3.0/../../../../../H-x86_64-mingw32/nios2-elf/lib\libsmallc.a(lib_a-exit.o)
 .debug_loc     0x000000000000004a       0x94 c:/users/nazmievairat/intelfpga_lite/18.1/nios2eds/bin/gnu/h-x86_64-mingw32/bin/../lib/gcc/nios2-elf/5.3.0/../../../../../H-x86_64-mingw32/nios2-elf/lib\libsmallc.a(lib_a-memcmp.o)
 .debug_loc     0x00000000000000de       0x1e c:/users/nazmievairat/intelfpga_lite/18.1/nios2eds/bin/gnu/h-x86_64-mingw32/bin/../lib/gcc/nios2-elf/5.3.0/../../../../../H-x86_64-mingw32/nios2-elf/lib\libsmallc.a(lib_a-strlen.o)
 .debug_loc     0x00000000000000fc      0x1c0 c:/users/nazmievairat/intelfpga_lite/18.1/nios2eds/bin/gnu/h-x86_64-mingw32/bin/../lib/gcc/nios2-elf/5.3.0/../../../../../H-x86_64-mingw32/nios2-elf/lib\libsmallc.a(lib_a-__atexit.o)
 .debug_loc     0x00000000000002bc      0x157 c:/users/nazmievairat/intelfpga_lite/18.1/nios2eds/bin/gnu/h-x86_64-mingw32/bin/../lib/gcc/nios2-elf/5.3.0/../../../../../H-x86_64-mingw32/nios2-elf/lib\libsmallc.a(lib_a-__call_atexit.o)

.debug_macinfo
 *(.debug_macinfo)

.debug_weaknames
 *(.debug_weaknames)

.debug_funcnames
 *(.debug_funcnames)

.debug_typenames
 *(.debug_typenames)

.debug_varnames
 *(.debug_varnames)

.debug_alt_sim_info
                0x0000000000000000       0x10
 *(.debug_alt_sim_info)
 .debug_alt_sim_info
                0x0000000000000000       0x10 ../lect4_led_bsp//obj/HAL/src/crt0.o
                0x0000000000004000                __alt_data_end = 0x4000
                0x0000000000004000                PROVIDE (__alt_stack_pointer, __alt_data_end)
                [!provide]                        PROVIDE (__alt_stack_limit, __alt_stack_base)
                [!provide]                        PROVIDE (__alt_heap_start, end)
                [!provide]                        PROVIDE (__alt_heap_limit, 0x4000)
OUTPUT(lect4_led.elf elf32-littlenios2)

.debug_ranges   0x0000000000000000      0x118
 .debug_ranges  0x0000000000000000       0x20 ../lect4_led_bsp//obj/HAL/src/crt0.o
 .debug_ranges  0x0000000000000020       0x28 ../lect4_led_bsp/\libhal_bsp.a(alt_irq_entry.o)
 .debug_ranges  0x0000000000000048       0x10 ../lect4_led_bsp/\libhal_bsp.a(alt_irq_handler.o)
 .debug_ranges  0x0000000000000058       0x30 ../lect4_led_bsp/\libhal_bsp.a(alt_exception_entry.o)
 .debug_ranges  0x0000000000000088       0x18 ../lect4_led_bsp/\libhal_bsp.a(alt_instruction_exception_entry.o)
 .debug_ranges  0x00000000000000a0       0x10 c:/users/nazmievairat/intelfpga_lite/18.1/nios2eds/bin/gnu/h-x86_64-mingw32/bin/../lib/gcc/nios2-elf/5.3.0/../../../../../H-x86_64-mingw32/nios2-elf/lib\libsmallc.a(lib_a-atexit.o)
 .debug_ranges  0x00000000000000b0       0x10 c:/users/nazmievairat/intelfpga_lite/18.1/nios2eds/bin/gnu/h-x86_64-mingw32/bin/../lib/gcc/nios2-elf/5.3.0/../../../../../H-x86_64-mingw32/nios2-elf/lib\libsmallc.a(lib_a-exit.o)
 .debug_ranges  0x00000000000000c0       0x10 c:/users/nazmievairat/intelfpga_lite/18.1/nios2eds/bin/gnu/h-x86_64-mingw32/bin/../lib/gcc/nios2-elf/5.3.0/../../../../../H-x86_64-mingw32/nios2-elf/lib\libsmallc.a(lib_a-memcmp.o)
 .debug_ranges  0x00000000000000d0       0x10 c:/users/nazmievairat/intelfpga_lite/18.1/nios2eds/bin/gnu/h-x86_64-mingw32/bin/../lib/gcc/nios2-elf/5.3.0/../../../../../H-x86_64-mingw32/nios2-elf/lib\libsmallc.a(lib_a-strlen.o)
 .debug_ranges  0x00000000000000e0       0x10 c:/users/nazmievairat/intelfpga_lite/18.1/nios2eds/bin/gnu/h-x86_64-mingw32/bin/../lib/gcc/nios2-elf/5.3.0/../../../../../H-x86_64-mingw32/nios2-elf/lib\libsmallc.a(lib_a-__atexit.o)
 .debug_ranges  0x00000000000000f0       0x28 c:/users/nazmievairat/intelfpga_lite/18.1/nios2eds/bin/gnu/h-x86_64-mingw32/bin/../lib/gcc/nios2-elf/5.3.0/../../../../../H-x86_64-mingw32/nios2-elf/lib\libsmallc.a(lib_a-__call_atexit.o)
