------------------------------------------------------------
Timing Analyzer Summary
------------------------------------------------------------

Type  : Slow 1200mV 85C Model Setup 'clk'
Slack : -2.364
TNS   : -32.568

Type  : Slow 1200mV 85C Model Setup 'clk_div:clk_div2|cnt[21]'
Slack : -1.614
TNS   : -20.090

Type  : Slow 1200mV 85C Model Setup 'clk_div:clk_div1|cnt[15]'
Slack : -0.028
TNS   : -0.028

Type  : Slow 1200mV 85C Model Hold 'clk_div:clk_div1|cnt[15]'
Slack : 0.453
TNS   : 0.000

Type  : Slow 1200mV 85C Model Hold 'clk'
Slack : 0.464
TNS   : 0.000

Type  : Slow 1200mV 85C Model Hold 'clk_div:clk_div2|cnt[21]'
Slack : 0.464
TNS   : 0.000

Type  : Slow 1200mV 85C Model Minimum Pulse Width 'clk'
Slack : -3.000
TNS   : -37.201

Type  : Slow 1200mV 85C Model Minimum Pulse Width 'clk_div:clk_div2|cnt[21]'
Slack : -1.487
TNS   : -23.792

Type  : Slow 1200mV 85C Model Minimum Pulse Width 'clk_div:clk_div1|cnt[15]'
Slack : -1.487
TNS   : -2.974

Type  : Slow 1200mV 0C Model Setup 'clk'
Slack : -1.977
TNS   : -26.682

Type  : Slow 1200mV 0C Model Setup 'clk_div:clk_div2|cnt[21]'
Slack : -1.391
TNS   : -16.937

Type  : Slow 1200mV 0C Model Setup 'clk_div:clk_div1|cnt[15]'
Slack : 0.068
TNS   : 0.000

Type  : Slow 1200mV 0C Model Hold 'clk_div:clk_div1|cnt[15]'
Slack : 0.401
TNS   : 0.000

Type  : Slow 1200mV 0C Model Hold 'clk'
Slack : 0.416
TNS   : 0.000

Type  : Slow 1200mV 0C Model Hold 'clk_div:clk_div2|cnt[21]'
Slack : 0.416
TNS   : 0.000

Type  : Slow 1200mV 0C Model Minimum Pulse Width 'clk'
Slack : -3.000
TNS   : -37.201

Type  : Slow 1200mV 0C Model Minimum Pulse Width 'clk_div:clk_div2|cnt[21]'
Slack : -1.487
TNS   : -23.792

Type  : Slow 1200mV 0C Model Minimum Pulse Width 'clk_div:clk_div1|cnt[15]'
Slack : -1.487
TNS   : -2.974

Type  : Fast 1200mV 0C Model Setup 'clk'
Slack : -0.727
TNS   : -3.197

Type  : Fast 1200mV 0C Model Setup 'clk_div:clk_div2|cnt[21]'
Slack : -0.138
TNS   : -0.638

Type  : Fast 1200mV 0C Model Setup 'clk_div:clk_div1|cnt[15]'
Slack : 0.552
TNS   : 0.000

Type  : Fast 1200mV 0C Model Hold 'clk_div:clk_div1|cnt[15]'
Slack : 0.186
TNS   : 0.000

Type  : Fast 1200mV 0C Model Hold 'clk'
Slack : 0.193
TNS   : 0.000

Type  : Fast 1200mV 0C Model Hold 'clk_div:clk_div2|cnt[21]'
Slack : 0.193
TNS   : 0.000

Type  : Fast 1200mV 0C Model Minimum Pulse Width 'clk'
Slack : -3.000
TNS   : -27.622

Type  : Fast 1200mV 0C Model Minimum Pulse Width 'clk_div:clk_div2|cnt[21]'
Slack : -1.000
TNS   : -16.000

Type  : Fast 1200mV 0C Model Minimum Pulse Width 'clk_div:clk_div1|cnt[15]'
Slack : -1.000
TNS   : -2.000

------------------------------------------------------------
