Archive member included to satisfy reference by file (symbol)

../nios_vga_bsp/\libhal_bsp.a(alt_load.o)
                              ../nios_vga_bsp//obj/HAL/src/crt0.o (alt_load)
../nios_vga_bsp/\libhal_bsp.a(alt_main.o)
                              ../nios_vga_bsp//obj/HAL/src/crt0.o (alt_main)
../nios_vga_bsp/\libhal_bsp.a(alt_sys_init.o)
                              ../nios_vga_bsp/\libhal_bsp.a(alt_main.o) (alt_irq_init)
../nios_vga_bsp/\libhal_bsp.a(altera_avalon_sgdma.o)
                              obj/default/hello_world.o (alt_avalon_sgdma_do_async_transfer)
../nios_vga_bsp/\libhal_bsp.a(altera_up_avalon_parallel_port.o)
                              obj/default/hello_world.o (alt_up_parallel_port_open_dev)
../nios_vga_bsp/\libhal_bsp.a(alt_close.o)
                              ../nios_vga_bsp/\libhal_bsp.a(alt_main.o) (close)
../nios_vga_bsp/\libhal_bsp.a(alt_dcache_flush.o)
                              ../nios_vga_bsp/\libhal_bsp.a(altera_avalon_sgdma.o) (alt_dcache_flush)
../nios_vga_bsp/\libhal_bsp.a(alt_dcache_flush_all.o)
                              ../nios_vga_bsp/\libhal_bsp.a(alt_load.o) (alt_dcache_flush_all)
../nios_vga_bsp/\libhal_bsp.a(alt_dev.o)
                              ../nios_vga_bsp/\libhal_bsp.a(alt_close.o) (alt_fd_list)
../nios_vga_bsp/\libhal_bsp.a(alt_dev_llist_insert.o)
                              ../nios_vga_bsp/\libhal_bsp.a(alt_sys_init.o) (alt_dev_llist_insert)
../nios_vga_bsp/\libhal_bsp.a(alt_do_ctors.o)
                              ../nios_vga_bsp/\libhal_bsp.a(alt_main.o) (_do_ctors)
../nios_vga_bsp/\libhal_bsp.a(alt_do_dtors.o)
                              ../nios_vga_bsp/\libhal_bsp.a(alt_main.o) (_do_dtors)
../nios_vga_bsp/\libhal_bsp.a(alt_errno.o)
                              ../nios_vga_bsp/\libhal_bsp.a(altera_avalon_sgdma.o) (alt_errno)
../nios_vga_bsp/\libhal_bsp.a(alt_find_dev.o)
                              ../nios_vga_bsp/\libhal_bsp.a(altera_avalon_sgdma.o) (alt_find_dev)
../nios_vga_bsp/\libhal_bsp.a(alt_icache_flush_all.o)
                              ../nios_vga_bsp/\libhal_bsp.a(alt_load.o) (alt_icache_flush_all)
../nios_vga_bsp/\libhal_bsp.a(alt_iic.o)
                              ../nios_vga_bsp/\libhal_bsp.a(altera_avalon_sgdma.o) (alt_ic_isr_register)
../nios_vga_bsp/\libhal_bsp.a(alt_iic_isr_register.o)
                              ../nios_vga_bsp/\libhal_bsp.a(alt_iic.o) (alt_iic_isr_register)
../nios_vga_bsp/\libhal_bsp.a(alt_irq_entry.o)
                              ../nios_vga_bsp/\libhal_bsp.a(alt_iic_isr_register.o) (alt_irq_entry)
../nios_vga_bsp/\libhal_bsp.a(alt_irq_handler.o)
                              ../nios_vga_bsp/\libhal_bsp.a(alt_iic_isr_register.o) (alt_irq_handler)
../nios_vga_bsp/\libhal_bsp.a(alt_irq_vars.o)
                              ../nios_vga_bsp/\libhal_bsp.a(alt_iic.o) (alt_irq_active)
../nios_vga_bsp/\libhal_bsp.a(alt_release_fd.o)
                              ../nios_vga_bsp/\libhal_bsp.a(alt_close.o) (alt_release_fd)
../nios_vga_bsp/\libhal_bsp.a(altera_nios2_gen2_irq.o)
                              ../nios_vga_bsp/\libhal_bsp.a(alt_sys_init.o) (altera_nios2_gen2_irq_init)
../nios_vga_bsp/\libhal_bsp.a(alt_exception_entry.o)
                              ../nios_vga_bsp/\libhal_bsp.a(alt_irq_entry.o) (alt_exception)
../nios_vga_bsp/\libhal_bsp.a(alt_icache_flush.o)
                              ../nios_vga_bsp/\libhal_bsp.a(alt_icache_flush_all.o) (alt_icache_flush)
../nios_vga_bsp/\libhal_bsp.a(alt_instruction_exception_entry.o)
                              ../nios_vga_bsp/\libhal_bsp.a(alt_exception_entry.o) (alt_instruction_exception_entry)
c:/intelfpga/18.0/nios2eds/bin/gnu/h-x86_64-mingw32/bin/../lib/gcc/nios2-elf/5.3.0/../../../../../H-x86_64-mingw32/nios2-elf/lib/mhw-mulx\libsmallc.a(lib_a-atexit.o)
                              ../nios_vga_bsp/\libhal_bsp.a(alt_main.o) (atexit)
c:/intelfpga/18.0/nios2eds/bin/gnu/h-x86_64-mingw32/bin/../lib/gcc/nios2-elf/5.3.0/../../../../../H-x86_64-mingw32/nios2-elf/lib/mhw-mulx\libsmallc.a(lib_a-exit.o)
                              ../nios_vga_bsp/\libhal_bsp.a(alt_main.o) (exit)
c:/intelfpga/18.0/nios2eds/bin/gnu/h-x86_64-mingw32/bin/../lib/gcc/nios2-elf/5.3.0/../../../../../H-x86_64-mingw32/nios2-elf/lib/mhw-mulx\libsmallc.a(lib_a-int_errno.o)
                              ../nios_vga_bsp/\libhal_bsp.a(altera_avalon_sgdma.o) (errno)
c:/intelfpga/18.0/nios2eds/bin/gnu/h-x86_64-mingw32/bin/../lib/gcc/nios2-elf/5.3.0/../../../../../H-x86_64-mingw32/nios2-elf/lib/mhw-mulx\libsmallc.a(lib_a-memcmp.o)
                              ../nios_vga_bsp/\libhal_bsp.a(alt_find_dev.o) (memcmp)
c:/intelfpga/18.0/nios2eds/bin/gnu/h-x86_64-mingw32/bin/../lib/gcc/nios2-elf/5.3.0/../../../../../H-x86_64-mingw32/nios2-elf/lib/mhw-mulx\libsmallc.a(lib_a-strlen.o)
                              ../nios_vga_bsp/\libhal_bsp.a(alt_find_dev.o) (strlen)
c:/intelfpga/18.0/nios2eds/bin/gnu/h-x86_64-mingw32/bin/../lib/gcc/nios2-elf/5.3.0/../../../../../H-x86_64-mingw32/nios2-elf/lib/mhw-mulx\libsmallc.a(lib_a-__atexit.o)
                              c:/intelfpga/18.0/nios2eds/bin/gnu/h-x86_64-mingw32/bin/../lib/gcc/nios2-elf/5.3.0/../../../../../H-x86_64-mingw32/nios2-elf/lib/mhw-mulx\libsmallc.a(lib_a-atexit.o) (__register_exitproc)
c:/intelfpga/18.0/nios2eds/bin/gnu/h-x86_64-mingw32/bin/../lib/gcc/nios2-elf/5.3.0/../../../../../H-x86_64-mingw32/nios2-elf/lib/mhw-mulx\libsmallc.a(lib_a-__call_atexit.o)
                              c:/intelfpga/18.0/nios2eds/bin/gnu/h-x86_64-mingw32/bin/../lib/gcc/nios2-elf/5.3.0/../../../../../H-x86_64-mingw32/nios2-elf/lib/mhw-mulx\libsmallc.a(lib_a-exit.o) (__call_exitprocs)
c:/intelfpga/18.0/nios2eds/bin/gnu/h-x86_64-mingw32/bin/../lib/gcc/nios2-elf/5.3.0/../../../../../H-x86_64-mingw32/nios2-elf/lib/mhw-mulx\libsmallc.a(lib_a-impure.o)
                              c:/intelfpga/18.0/nios2eds/bin/gnu/h-x86_64-mingw32/bin/../lib/gcc/nios2-elf/5.3.0/../../../../../H-x86_64-mingw32/nios2-elf/lib/mhw-mulx\libsmallc.a(lib_a-__atexit.o) (_global_impure_ptr)
../nios_vga_bsp/\libhal_bsp.a(alt_exit.o)
                              c:/intelfpga/18.0/nios2eds/bin/gnu/h-x86_64-mingw32/bin/../lib/gcc/nios2-elf/5.3.0/../../../../../H-x86_64-mingw32/nios2-elf/lib/mhw-mulx\libsmallc.a(lib_a-exit.o) (_exit)

Allocating common symbols
Common symbol       size              file

alt_irq             0x100             ../nios_vga_bsp/\libhal_bsp.a(alt_irq_handler.o)
dma                 0x4               obj/default/hello_world.o
errno               0x4               c:/intelfpga/18.0/nios2eds/bin/gnu/h-x86_64-mingw32/bin/../lib/gcc/nios2-elf/5.3.0/../../../../../H-x86_64-mingw32/nios2-elf/lib/mhw-mulx\libsmallc.a(lib_a-int_errno.o)
ds                  0xc0              obj/default/hello_world.o
fb                  0x4               obj/default/hello_world.o
frame               0x1               obj/default/hello_world.o
keys                0x4               obj/default/hello_world.o

Memory Configuration

Name             Origin             Length             Attributes
sdram_controller_0 0x0000000000000000 0x0000000000800000
reset            0x0000000000800000 0x0000000000000020
onchip_memory2_0 0x0000000000800020 0x0000000000003fe0
*default*        0x0000000000000000 0xffffffffffffffff

Linker script and memory map

LOAD ../nios_vga_bsp//obj/HAL/src/crt0.o
LOAD obj/default/hello_world.o
LOAD c:/intelfpga/18.0/nios2eds/bin/gnu/h-x86_64-mingw32/bin/../lib/gcc/nios2-elf/5.3.0/../../../../../H-x86_64-mingw32/nios2-elf/lib/mhw-mulx\libstdc++.a
LOAD c:/intelfpga/18.0/nios2eds/bin/gnu/h-x86_64-mingw32/bin/../lib/gcc/nios2-elf/5.3.0/../../../../../H-x86_64-mingw32/nios2-elf/lib/mhw-mulx\libm.a
LOAD c:/intelfpga/18.0/nios2eds/bin/gnu/h-x86_64-mingw32/bin/../lib/gcc/nios2-elf/5.3.0/mhw-mulx\libgcc.a
START GROUP
LOAD c:/intelfpga/18.0/nios2eds/bin/gnu/h-x86_64-mingw32/bin/../lib/gcc/nios2-elf/5.3.0/../../../../../H-x86_64-mingw32/nios2-elf/lib/mhw-mulx\libsmallc.a
LOAD c:/intelfpga/18.0/nios2eds/bin/gnu/h-x86_64-mingw32/bin/../lib/gcc/nios2-elf/5.3.0/mhw-mulx\libgcc.a
LOAD ../nios_vga_bsp/\libhal_bsp.a
LOAD c:/intelfpga/18.0/nios2eds/bin/gnu/h-x86_64-mingw32/bin/../lib/gcc/nios2-elf/5.3.0/../../../../../H-x86_64-mingw32/nios2-elf/lib/mhw-mulx\libm.a
END GROUP
LOAD c:/intelfpga/18.0/nios2eds/bin/gnu/h-x86_64-mingw32/bin/../lib/gcc/nios2-elf/5.3.0/mhw-mulx\libgcc.a
                0x0000000000000000                __alt_mem_sdram_controller_0 = 0x0
                0x0000000000800000                __alt_mem_onchip_memory2_0 = 0x800000

.entry          0x0000000000800000       0x20
 *(.entry)
 .entry         0x0000000000800000       0x20 ../nios_vga_bsp//obj/HAL/src/crt0.o
                0x0000000000800000                __reset

.exceptions     0x0000000000800020      0x16c
                0x0000000000800020                PROVIDE (__ram_exceptions_start, ABSOLUTE (.))
                0x0000000000800020                . = ALIGN (0x20)
 *(.irq)
 *(.exceptions.entry.label)
 .exceptions.entry.label
                0x0000000000800020        0x0 ../nios_vga_bsp/\libhal_bsp.a(alt_irq_entry.o)
                0x0000000000800020                alt_irq_entry
 .exceptions.entry.label
                0x0000000000800020        0x0 ../nios_vga_bsp/\libhal_bsp.a(alt_exception_entry.o)
                0x0000000000800020                alt_exception
 *(.exceptions.entry.user)
 *(.exceptions.entry.ecc_fatal)
 *(.exceptions.entry)
 .exceptions.entry
                0x0000000000800020       0x54 ../nios_vga_bsp/\libhal_bsp.a(alt_exception_entry.o)
 *(.exceptions.irqtest.user)
 *(.exceptions.irqtest)
 .exceptions.irqtest
                0x0000000000800074       0x10 ../nios_vga_bsp/\libhal_bsp.a(alt_irq_entry.o)
 *(.exceptions.irqhandler.user)
 *(.exceptions.irqhandler)
 .exceptions.irqhandler
                0x0000000000800084        0x4 ../nios_vga_bsp/\libhal_bsp.a(alt_irq_entry.o)
 *(.exceptions.irqreturn.user)
 *(.exceptions.irqreturn)
 .exceptions.irqreturn
                0x0000000000800088        0x4 ../nios_vga_bsp/\libhal_bsp.a(alt_irq_entry.o)
 *(.exceptions.notirq.label)
 .exceptions.notirq.label
                0x000000000080008c        0x0 ../nios_vga_bsp/\libhal_bsp.a(alt_irq_entry.o)
 *(.exceptions.notirq.user)
 *(.exceptions.notirq)
 .exceptions.notirq
                0x000000000080008c        0x8 ../nios_vga_bsp/\libhal_bsp.a(alt_exception_entry.o)
 *(.exceptions.soft.user)
 *(.exceptions.soft)
 *(.exceptions.unknown.user)
 *(.exceptions.unknown)
 .exceptions.unknown
                0x0000000000800094       0x14 ../nios_vga_bsp/\libhal_bsp.a(alt_exception_entry.o)
 *(.exceptions.exit.label)
 .exceptions.exit.label
                0x00000000008000a8        0x0 ../nios_vga_bsp/\libhal_bsp.a(alt_irq_entry.o)
 .exceptions.exit.label
                0x00000000008000a8        0x0 ../nios_vga_bsp/\libhal_bsp.a(alt_exception_entry.o)
 *(.exceptions.exit.user)
 *(.exceptions.exit)
 .exceptions.exit
                0x00000000008000a8       0x54 ../nios_vga_bsp/\libhal_bsp.a(alt_exception_entry.o)
 *(.exceptions)
 .exceptions    0x00000000008000fc       0x64 ../nios_vga_bsp/\libhal_bsp.a(alt_irq_handler.o)
                0x00000000008000fc                alt_irq_handler
 .exceptions    0x0000000000800160       0x2c ../nios_vga_bsp/\libhal_bsp.a(alt_instruction_exception_entry.o)
                0x0000000000800160                alt_instruction_exception_entry
                0x000000000080018c                PROVIDE (__ram_exceptions_end, ABSOLUTE (.))
                0x0000000000800020                PROVIDE (__flash_exceptions_start, LOADADDR (.exceptions))

.text           0x000000000080018c     0x197c
                [!provide]                        PROVIDE (stext, ABSOLUTE (.))
 *(.interp)
 *(.hash)
 *(.dynsym)
 *(.dynstr)
 *(.gnu.version)
 *(.gnu.version_d)
 *(.gnu.version_r)
 *(.rel.init)
 *(.rela.init)
 *(.rel.text .rel.text.* .rel.gnu.linkonce.t.*)
 *(.rela.text .rela.text.* .rela.gnu.linkonce.t.*)
 *(.rel.fini)
 *(.rela.fini)
 *(.rel.rodata .rel.rodata.* .rel.gnu.linkonce.r.*)
 *(.rela.rodata .rela.rodata.* .rela.gnu.linkonce.r.*)
 *(.rel.data .rel.data.* .rel.gnu.linkonce.d.*)
 *(.rela.data .rela.data.* .rela.gnu.linkonce.d.*)
 *(.rel.tdata .rel.tdata.* .rel.gnu.linkonce.td.*)
 *(.rela.tdata .rela.tdata.* .rela.gnu.linkonce.td.*)
 *(.rel.tbss .rel.tbss.* .rel.gnu.linkonce.tb.*)
 *(.rela.tbss .rela.tbss.* .rela.gnu.linkonce.tb.*)
 *(.rel.ctors)
 *(.rela.ctors)
 *(.rel.dtors)
 *(.rela.dtors)
 *(.rel.got)
 *(.rela.got)
 *(.rel.sdata .rel.sdata.* .rel.gnu.linkonce.s.*)
 *(.rela.sdata .rela.sdata.* .rela.gnu.linkonce.s.*)
 *(.rel.sbss .rel.sbss.* .rel.gnu.linkonce.sb.*)
 *(.rela.sbss .rela.sbss.* .rela.gnu.linkonce.sb.*)
 *(.rel.sdata2 .rel.sdata2.* .rel.gnu.linkonce.s2.*)
 *(.rela.sdata2 .rela.sdata2.* .rela.gnu.linkonce.s2.*)
 *(.rel.sbss2 .rel.sbss2.* .rel.gnu.linkonce.sb2.*)
 *(.rela.sbss2 .rela.sbss2.* .rela.gnu.linkonce.sb2.*)
 *(.rel.bss .rel.bss.* .rel.gnu.linkonce.b.*)
 *(.rela.bss .rela.bss.* .rela.gnu.linkonce.b.*)
 *(.rel.plt)
 *(.rela.plt)
 *(.rel.dyn)
 *(.init)
 *(.plt)
 *(.text .stub .text.* .gnu.linkonce.t.*)
 .text          0x000000000080018c       0x3c ../nios_vga_bsp//obj/HAL/src/crt0.o
                0x000000000080018c                _start
 .text          0x00000000008001c8      0x804 obj/default/hello_world.o
                0x00000000008001c8                dma_callback
                0x00000000008002c4                vga_pattern
                0x0000000000800380                putch
                0x000000000080048c                putstr
                0x000000000080052c                main
 .text          0x00000000008009cc      0x114 ../nios_vga_bsp/\libhal_bsp.a(alt_load.o)
                0x00000000008009cc                alt_load
 .text          0x0000000000800ae0       0x4c ../nios_vga_bsp/\libhal_bsp.a(alt_main.o)
                0x0000000000800ae0                alt_main
 .text          0x0000000000800b2c       0x54 ../nios_vga_bsp/\libhal_bsp.a(alt_sys_init.o)
                0x0000000000800b2c                alt_irq_init
                0x0000000000800b4c                alt_sys_init
 .text          0x0000000000800b80      0x79c ../nios_vga_bsp/\libhal_bsp.a(altera_avalon_sgdma.o)
                0x0000000000800bdc                alt_avalon_sgdma_do_async_transfer
                0x0000000000800c64                alt_avalon_sgdma_do_sync_transfer
                0x0000000000800ce8                alt_avalon_sgdma_construct_mem_to_mem_desc_burst
                0x0000000000800e10                alt_avalon_sgdma_construct_mem_to_mem_desc
                0x0000000000800e48                alt_avalon_sgdma_construct_stream_to_mem_desc_burst
                0x0000000000800f1c                alt_avalon_sgdma_construct_stream_to_mem_desc
                0x0000000000800f44                alt_avalon_sgdma_register_callback
                0x0000000000800f54                alt_avalon_sgdma_start
                0x0000000000800f6c                alt_avalon_sgdma_stop
                0x0000000000800f88                alt_avalon_sgdma_check_descriptor_status
                0x0000000000800fb4                alt_avalon_sgdma_open
                0x0000000000801004                alt_avalon_sgdma_enable_desc_poll
                0x0000000000801034                alt_avalon_sgdma_disable_desc_poll
                0x0000000000801054                alt_avalon_sgdma_construct_descriptor_burst
                0x00000000008011b4                alt_avalon_sgdma_construct_mem_to_stream_desc_burst
                0x0000000000801204                alt_avalon_sgdma_construct_mem_to_stream_desc
                0x0000000000801250                alt_avalon_sgdma_construct_descriptor
                0x0000000000801298                alt_avalon_sgdma_init
 .text          0x000000000080131c        0x8 ../nios_vga_bsp/\libhal_bsp.a(altera_up_avalon_parallel_port.o)
                0x000000000080131c                alt_up_parallel_port_open_dev
 .text          0x0000000000801324       0xbc ../nios_vga_bsp/\libhal_bsp.a(alt_close.o)
                0x0000000000801324                close
 .text          0x00000000008013e0        0x4 ../nios_vga_bsp/\libhal_bsp.a(alt_dcache_flush.o)
                0x00000000008013e0                alt_dcache_flush
 .text          0x00000000008013e4        0x4 ../nios_vga_bsp/\libhal_bsp.a(alt_dcache_flush_all.o)
                0x00000000008013e4                alt_dcache_flush_all
 .text          0x00000000008013e8        0x8 ../nios_vga_bsp/\libhal_bsp.a(alt_dev.o)
 .text          0x00000000008013f0       0x6c ../nios_vga_bsp/\libhal_bsp.a(alt_dev_llist_insert.o)
                0x00000000008013f0                alt_dev_llist_insert
 .text          0x000000000080145c       0x64 ../nios_vga_bsp/\libhal_bsp.a(alt_do_ctors.o)
                0x000000000080145c                _do_ctors
 .text          0x00000000008014c0       0x64 ../nios_vga_bsp/\libhal_bsp.a(alt_do_dtors.o)
                0x00000000008014c0                _do_dtors
 .text          0x0000000000801524        0x0 ../nios_vga_bsp/\libhal_bsp.a(alt_errno.o)
 .text          0x0000000000801524       0x78 ../nios_vga_bsp/\libhal_bsp.a(alt_find_dev.o)
                0x0000000000801524                alt_find_dev
 .text          0x000000000080159c        0xc ../nios_vga_bsp/\libhal_bsp.a(alt_icache_flush_all.o)
                0x000000000080159c                alt_icache_flush_all
 .text          0x00000000008015a8       0x8c ../nios_vga_bsp/\libhal_bsp.a(alt_iic.o)
                0x00000000008015a8                alt_ic_isr_register
                0x00000000008015ac                alt_ic_irq_enable
                0x00000000008015e4                alt_ic_irq_disable
                0x000000000080161c                alt_ic_irq_enabled
 .text          0x0000000000801634       0x68 ../nios_vga_bsp/\libhal_bsp.a(alt_iic_isr_register.o)
                0x0000000000801634                alt_iic_isr_register
 .text          0x000000000080169c        0x0 ../nios_vga_bsp/\libhal_bsp.a(alt_irq_entry.o)
 .text          0x000000000080169c        0x0 ../nios_vga_bsp/\libhal_bsp.a(alt_irq_handler.o)
 .text          0x000000000080169c        0x0 ../nios_vga_bsp/\libhal_bsp.a(alt_irq_vars.o)
 .text          0x000000000080169c       0x24 ../nios_vga_bsp/\libhal_bsp.a(alt_release_fd.o)
                0x000000000080169c                alt_release_fd
 .text          0x00000000008016c0        0x8 ../nios_vga_bsp/\libhal_bsp.a(altera_nios2_gen2_irq.o)
                0x00000000008016c0                altera_nios2_gen2_irq_init
 .text          0x00000000008016c8        0x0 ../nios_vga_bsp/\libhal_bsp.a(alt_exception_entry.o)
 .text          0x00000000008016c8       0x50 ../nios_vga_bsp/\libhal_bsp.a(alt_icache_flush.o)
                0x00000000008016c8                alt_icache_flush
 .text          0x0000000000801718       0x74 ../nios_vga_bsp/\libhal_bsp.a(alt_instruction_exception_entry.o)
                0x0000000000801718                alt_exception_cause_generated_bad_addr
 .text          0x000000000080178c        0x0 c:/intelfpga/18.0/nios2eds/bin/gnu/h-x86_64-mingw32/bin/../lib/gcc/nios2-elf/5.3.0/../../../../../H-x86_64-mingw32/nios2-elf/lib/mhw-mulx\libsmallc.a(lib_a-atexit.o)
 .text.atexit   0x000000000080178c       0x14 c:/intelfpga/18.0/nios2eds/bin/gnu/h-x86_64-mingw32/bin/../lib/gcc/nios2-elf/5.3.0/../../../../../H-x86_64-mingw32/nios2-elf/lib/mhw-mulx\libsmallc.a(lib_a-atexit.o)
                0x000000000080178c                atexit
 .text          0x00000000008017a0        0x0 c:/intelfpga/18.0/nios2eds/bin/gnu/h-x86_64-mingw32/bin/../lib/gcc/nios2-elf/5.3.0/../../../../../H-x86_64-mingw32/nios2-elf/lib/mhw-mulx\libsmallc.a(lib_a-exit.o)
 .text.exit     0x00000000008017a0       0x20 c:/intelfpga/18.0/nios2eds/bin/gnu/h-x86_64-mingw32/bin/../lib/gcc/nios2-elf/5.3.0/../../../../../H-x86_64-mingw32/nios2-elf/lib/mhw-mulx\libsmallc.a(lib_a-exit.o)
                0x00000000008017a0                exit
 .text          0x00000000008017c0        0x0 c:/intelfpga/18.0/nios2eds/bin/gnu/h-x86_64-mingw32/bin/../lib/gcc/nios2-elf/5.3.0/../../../../../H-x86_64-mingw32/nios2-elf/lib/mhw-mulx\libsmallc.a(lib_a-int_errno.o)
 .text          0x00000000008017c0        0x0 c:/intelfpga/18.0/nios2eds/bin/gnu/h-x86_64-mingw32/bin/../lib/gcc/nios2-elf/5.3.0/../../../../../H-x86_64-mingw32/nios2-elf/lib/mhw-mulx\libsmallc.a(lib_a-memcmp.o)
 .text.memcmp   0x00000000008017c0       0x30 c:/intelfpga/18.0/nios2eds/bin/gnu/h-x86_64-mingw32/bin/../lib/gcc/nios2-elf/5.3.0/../../../../../H-x86_64-mingw32/nios2-elf/lib/mhw-mulx\libsmallc.a(lib_a-memcmp.o)
                0x00000000008017c0                memcmp
 .text          0x00000000008017f0        0x0 c:/intelfpga/18.0/nios2eds/bin/gnu/h-x86_64-mingw32/bin/../lib/gcc/nios2-elf/5.3.0/../../../../../H-x86_64-mingw32/nios2-elf/lib/mhw-mulx\libsmallc.a(lib_a-strlen.o)
 .text.strlen   0x00000000008017f0       0x1c c:/intelfpga/18.0/nios2eds/bin/gnu/h-x86_64-mingw32/bin/../lib/gcc/nios2-elf/5.3.0/../../../../../H-x86_64-mingw32/nios2-elf/lib/mhw-mulx\libsmallc.a(lib_a-strlen.o)
                0x00000000008017f0                strlen
 .text          0x000000000080180c        0x0 c:/intelfpga/18.0/nios2eds/bin/gnu/h-x86_64-mingw32/bin/../lib/gcc/nios2-elf/5.3.0/../../../../../H-x86_64-mingw32/nios2-elf/lib/mhw-mulx\libsmallc.a(lib_a-__atexit.o)
 .text.__register_exitproc
                0x000000000080180c      0x158 c:/intelfpga/18.0/nios2eds/bin/gnu/h-x86_64-mingw32/bin/../lib/gcc/nios2-elf/5.3.0/../../../../../H-x86_64-mingw32/nios2-elf/lib/mhw-mulx\libsmallc.a(lib_a-__atexit.o)
                0x000000000080180c                __register_exitproc
 .text          0x0000000000801964        0x0 c:/intelfpga/18.0/nios2eds/bin/gnu/h-x86_64-mingw32/bin/../lib/gcc/nios2-elf/5.3.0/../../../../../H-x86_64-mingw32/nios2-elf/lib/mhw-mulx\libsmallc.a(lib_a-__call_atexit.o)
 .text.__call_exitprocs
                0x0000000000801964      0x190 c:/intelfpga/18.0/nios2eds/bin/gnu/h-x86_64-mingw32/bin/../lib/gcc/nios2-elf/5.3.0/../../../../../H-x86_64-mingw32/nios2-elf/lib/mhw-mulx\libsmallc.a(lib_a-__call_atexit.o)
                0x0000000000801964                __call_exitprocs
 .text          0x0000000000801af4        0x0 c:/intelfpga/18.0/nios2eds/bin/gnu/h-x86_64-mingw32/bin/../lib/gcc/nios2-elf/5.3.0/../../../../../H-x86_64-mingw32/nios2-elf/lib/mhw-mulx\libsmallc.a(lib_a-impure.o)
 .text          0x0000000000801af4       0x14 ../nios_vga_bsp/\libhal_bsp.a(alt_exit.o)
                0x0000000000801af4                _exit
 *(.gnu.warning.*)
 *(.fini)
                [!provide]                        PROVIDE (__etext, ABSOLUTE (.))
                [!provide]                        PROVIDE (_etext, ABSOLUTE (.))
                [!provide]                        PROVIDE (etext, ABSOLUTE (.))
 *(.eh_frame_hdr)
                0x0000000000801b08                . = ALIGN (0x4)
                [!provide]                        PROVIDE (__preinit_array_start, ABSOLUTE (.))
 *(.preinit_array)
                [!provide]                        PROVIDE (__preinit_array_end, ABSOLUTE (.))
                [!provide]                        PROVIDE (__init_array_start, ABSOLUTE (.))
 *(.init_array)
                [!provide]                        PROVIDE (__init_array_end, ABSOLUTE (.))
                [!provide]                        PROVIDE (__fini_array_start, ABSOLUTE (.))
 *(.fini_array)
                [!provide]                        PROVIDE (__fini_array_end, ABSOLUTE (.))
 *(.eh_frame)
 *(.gcc_except_table .gcc_except_table.*)
 *(.dynamic)
                0x0000000000801b08                PROVIDE (__CTOR_LIST__, ABSOLUTE (.))
 *(.ctors)
 *(SORT(.ctors.*))
                0x0000000000801b08                PROVIDE (__CTOR_END__, ABSOLUTE (.))
                0x0000000000801b08                PROVIDE (__DTOR_LIST__, ABSOLUTE (.))
 *(.dtors)
 *(SORT(.dtors.*))
                0x0000000000801b08                PROVIDE (__DTOR_END__, ABSOLUTE (.))
 *(.jcr)
                0x0000000000801b08                . = ALIGN (0x4)

.rodata         0x0000000000801b08      0x264
                0x0000000000801b08                PROVIDE (__ram_rodata_start, ABSOLUTE (.))
                0x0000000000801b08                . = ALIGN (0x4)
 *(.rodata .rodata.* .gnu.linkonce.r.*)
 .rodata        0x0000000000801b08      0x230 obj/default/hello_world.o
 .rodata.str1.4
                0x0000000000801d38       0x25 ../nios_vga_bsp/\libhal_bsp.a(alt_sys_init.o)
 *fill*         0x0000000000801d5d        0x3 
 .rodata.str1.4
                0x0000000000801d60        0xc ../nios_vga_bsp/\libhal_bsp.a(alt_dev.o)
                                          0xa (size before relaxing)
 *(.rodata1)
                0x0000000000801d6c                . = ALIGN (0x4)
                0x0000000000801d6c                PROVIDE (__ram_rodata_end, ABSOLUTE (.))
                0x0000000000801b08                PROVIDE (__flash_rodata_start, LOADADDR (.rodata))

.rwdata         0x0000000000801d6c      0x310 load address 0x000000000080207c
                0x0000000000801d6c                PROVIDE (__ram_rwdata_start, ABSOLUTE (.))
                0x0000000000801d6c                . = ALIGN (0x4)
 *(.got.plt)
 *(.got)
 *(.data1)
 *(.data .data.* .gnu.linkonce.d.*)
 .data          0x0000000000801d6c        0x0 ../nios_vga_bsp//obj/HAL/src/crt0.o
 .data          0x0000000000801d6c        0x0 obj/default/hello_world.o
 .data          0x0000000000801d6c        0x0 ../nios_vga_bsp/\libhal_bsp.a(alt_load.o)
 .data          0x0000000000801d6c        0x0 ../nios_vga_bsp/\libhal_bsp.a(alt_main.o)
 .data          0x0000000000801d6c       0x5c ../nios_vga_bsp/\libhal_bsp.a(alt_sys_init.o)
 .data          0x0000000000801dc8        0x0 ../nios_vga_bsp/\libhal_bsp.a(altera_avalon_sgdma.o)
 .data          0x0000000000801dc8        0x0 ../nios_vga_bsp/\libhal_bsp.a(altera_up_avalon_parallel_port.o)
 .data          0x0000000000801dc8        0x0 ../nios_vga_bsp/\libhal_bsp.a(alt_close.o)
 .data          0x0000000000801dc8        0x0 ../nios_vga_bsp/\libhal_bsp.a(alt_dcache_flush.o)
 .data          0x0000000000801dc8        0x0 ../nios_vga_bsp/\libhal_bsp.a(alt_dcache_flush_all.o)
 .data          0x0000000000801dc8      0x1a8 ../nios_vga_bsp/\libhal_bsp.a(alt_dev.o)
                0x0000000000801dc8                alt_fd_list
                0x0000000000801f48                alt_dev_null
 .data          0x0000000000801f70        0x0 ../nios_vga_bsp/\libhal_bsp.a(alt_dev_llist_insert.o)
 .data          0x0000000000801f70        0x0 ../nios_vga_bsp/\libhal_bsp.a(alt_do_ctors.o)
 .data          0x0000000000801f70        0x0 ../nios_vga_bsp/\libhal_bsp.a(alt_do_dtors.o)
 .data          0x0000000000801f70        0x0 ../nios_vga_bsp/\libhal_bsp.a(alt_errno.o)
 .data          0x0000000000801f70        0x0 ../nios_vga_bsp/\libhal_bsp.a(alt_find_dev.o)
 .data          0x0000000000801f70        0x0 ../nios_vga_bsp/\libhal_bsp.a(alt_icache_flush_all.o)
 .data          0x0000000000801f70        0x0 ../nios_vga_bsp/\libhal_bsp.a(alt_iic.o)
 .data          0x0000000000801f70        0x0 ../nios_vga_bsp/\libhal_bsp.a(alt_iic_isr_register.o)
 .data          0x0000000000801f70        0x0 ../nios_vga_bsp/\libhal_bsp.a(alt_irq_entry.o)
 .data          0x0000000000801f70        0x0 ../nios_vga_bsp/\libhal_bsp.a(alt_irq_handler.o)
 .data          0x0000000000801f70        0x0 ../nios_vga_bsp/\libhal_bsp.a(alt_irq_vars.o)
 .data          0x0000000000801f70        0x0 ../nios_vga_bsp/\libhal_bsp.a(alt_release_fd.o)
 .data          0x0000000000801f70        0x0 ../nios_vga_bsp/\libhal_bsp.a(altera_nios2_gen2_irq.o)
 .data          0x0000000000801f70        0x0 ../nios_vga_bsp/\libhal_bsp.a(alt_exception_entry.o)
 .data          0x0000000000801f70        0x0 ../nios_vga_bsp/\libhal_bsp.a(alt_icache_flush.o)
 .data          0x0000000000801f70        0x0 ../nios_vga_bsp/\libhal_bsp.a(alt_instruction_exception_entry.o)
 .data          0x0000000000801f70        0x0 c:/intelfpga/18.0/nios2eds/bin/gnu/h-x86_64-mingw32/bin/../lib/gcc/nios2-elf/5.3.0/../../../../../H-x86_64-mingw32/nios2-elf/lib/mhw-mulx\libsmallc.a(lib_a-atexit.o)
 .data          0x0000000000801f70        0x0 c:/intelfpga/18.0/nios2eds/bin/gnu/h-x86_64-mingw32/bin/../lib/gcc/nios2-elf/5.3.0/../../../../../H-x86_64-mingw32/nios2-elf/lib/mhw-mulx\libsmallc.a(lib_a-exit.o)
 .data          0x0000000000801f70        0x0 c:/intelfpga/18.0/nios2eds/bin/gnu/h-x86_64-mingw32/bin/../lib/gcc/nios2-elf/5.3.0/../../../../../H-x86_64-mingw32/nios2-elf/lib/mhw-mulx\libsmallc.a(lib_a-int_errno.o)
 .data          0x0000000000801f70        0x0 c:/intelfpga/18.0/nios2eds/bin/gnu/h-x86_64-mingw32/bin/../lib/gcc/nios2-elf/5.3.0/../../../../../H-x86_64-mingw32/nios2-elf/lib/mhw-mulx\libsmallc.a(lib_a-memcmp.o)
 .data          0x0000000000801f70        0x0 c:/intelfpga/18.0/nios2eds/bin/gnu/h-x86_64-mingw32/bin/../lib/gcc/nios2-elf/5.3.0/../../../../../H-x86_64-mingw32/nios2-elf/lib/mhw-mulx\libsmallc.a(lib_a-strlen.o)
 .data          0x0000000000801f70        0x0 c:/intelfpga/18.0/nios2eds/bin/gnu/h-x86_64-mingw32/bin/../lib/gcc/nios2-elf/5.3.0/../../../../../H-x86_64-mingw32/nios2-elf/lib/mhw-mulx\libsmallc.a(lib_a-__atexit.o)
 .data          0x0000000000801f70        0x0 c:/intelfpga/18.0/nios2eds/bin/gnu/h-x86_64-mingw32/bin/../lib/gcc/nios2-elf/5.3.0/../../../../../H-x86_64-mingw32/nios2-elf/lib/mhw-mulx\libsmallc.a(lib_a-__call_atexit.o)
 .data          0x0000000000801f70        0x0 c:/intelfpga/18.0/nios2eds/bin/gnu/h-x86_64-mingw32/bin/../lib/gcc/nios2-elf/5.3.0/../../../../../H-x86_64-mingw32/nios2-elf/lib/mhw-mulx\libsmallc.a(lib_a-impure.o)
 .data.impure_data
                0x0000000000801f70       0xe0 c:/intelfpga/18.0/nios2eds/bin/gnu/h-x86_64-mingw32/bin/../lib/gcc/nios2-elf/5.3.0/../../../../../H-x86_64-mingw32/nios2-elf/lib/mhw-mulx\libsmallc.a(lib_a-impure.o)
 .data          0x0000000000802050        0x0 ../nios_vga_bsp/\libhal_bsp.a(alt_exit.o)
                0x000000000080a050                _gp = ABSOLUTE ((. + 0x8000))
                [!provide]                        PROVIDE (gp, _gp)
 *(.rwdata .rwdata.*)
 *(.sdata .sdata.* .gnu.linkonce.s.*)
 .sdata         0x0000000000802050        0x8 ../nios_vga_bsp/\libhal_bsp.a(altera_avalon_sgdma.o)
                0x0000000000802050                alt_sgdma_list
 .sdata         0x0000000000802058       0x14 ../nios_vga_bsp/\libhal_bsp.a(alt_dev.o)
                0x0000000000802058                alt_max_fd
                0x000000000080205c                alt_dev_list
                0x0000000000802064                alt_fs_list
 .sdata         0x000000000080206c        0x4 ../nios_vga_bsp/\libhal_bsp.a(alt_errno.o)
                0x000000000080206c                alt_errno
 .sdata         0x0000000000802070        0x4 ../nios_vga_bsp/\libhal_bsp.a(alt_irq_vars.o)
                0x0000000000802070                alt_priority_mask
 .sdata._global_impure_ptr
                0x0000000000802074        0x4 c:/intelfpga/18.0/nios2eds/bin/gnu/h-x86_64-mingw32/bin/../lib/gcc/nios2-elf/5.3.0/../../../../../H-x86_64-mingw32/nios2-elf/lib/mhw-mulx\libsmallc.a(lib_a-impure.o)
                0x0000000000802074                _global_impure_ptr
 .sdata._impure_ptr
                0x0000000000802078        0x4 c:/intelfpga/18.0/nios2eds/bin/gnu/h-x86_64-mingw32/bin/../lib/gcc/nios2-elf/5.3.0/../../../../../H-x86_64-mingw32/nios2-elf/lib/mhw-mulx\libsmallc.a(lib_a-impure.o)
                0x0000000000802078                _impure_ptr
 *(.sdata2 .sdata2.* .gnu.linkonce.s2.*)
                0x000000000080207c                . = ALIGN (0x4)
                0x000000000080207c                _edata = ABSOLUTE (.)
                [!provide]                        PROVIDE (edata, ABSOLUTE (.))
                0x000000000080207c                PROVIDE (__ram_rwdata_end, ABSOLUTE (.))
                0x000000000080207c                PROVIDE (__flash_rwdata_start, LOADADDR (.rwdata))

.bss            0x000000000080238c      0x1ec
                0x000000000080238c                __bss_start = ABSOLUTE (.)
                [!provide]                        PROVIDE (__sbss_start, ABSOLUTE (.))
                [!provide]                        PROVIDE (___sbss_start, ABSOLUTE (.))
 *(.dynsbss)
 *(.sbss .sbss.* .gnu.linkonce.sb.*)
 .sbss          0x000000000080238c        0x1 obj/default/hello_world.o
                0x000000000080238c                dma_chain_len
 *fill*         0x000000000080238d        0x3 
 .sbss          0x0000000000802390       0x10 obj/default/hello_world.o
                0x0000000000802390                dma
                0x0000000000802394                fb
                0x0000000000802398                frame
                0x000000000080239c                keys
 .sbss          0x00000000008023a0        0xc ../nios_vga_bsp/\libhal_bsp.a(alt_main.o)
                0x00000000008023a0                alt_envp
                0x00000000008023a4                alt_argv
                0x00000000008023a8                alt_argc
 .sbss          0x00000000008023ac        0x4 ../nios_vga_bsp/\libhal_bsp.a(alt_irq_vars.o)
                0x00000000008023ac                alt_irq_active
 .sbss          0x00000000008023b0        0x4 ../nios_vga_bsp/\libhal_bsp.a(alt_instruction_exception_entry.o)
                0x00000000008023b0                alt_instruction_exception_handler
 .sbss          0x00000000008023b4        0x4 c:/intelfpga/18.0/nios2eds/bin/gnu/h-x86_64-mingw32/bin/../lib/gcc/nios2-elf/5.3.0/../../../../../H-x86_64-mingw32/nios2-elf/lib/mhw-mulx\libsmallc.a(lib_a-int_errno.o)
                0x00000000008023b4                errno
 *(.sbss2 .sbss2.* .gnu.linkonce.sb2.*)
 *(.scommon)
                [!provide]                        PROVIDE (__sbss_end, ABSOLUTE (.))
                [!provide]                        PROVIDE (___sbss_end, ABSOLUTE (.))
 *(.dynbss)
 *(.bss .bss.* .gnu.linkonce.b.*)
 .bss           0x00000000008023b8        0x0 ../nios_vga_bsp//obj/HAL/src/crt0.o
 .bss           0x00000000008023b8        0x0 obj/default/hello_world.o
 .bss           0x00000000008023b8        0x0 ../nios_vga_bsp/\libhal_bsp.a(alt_load.o)
 .bss           0x00000000008023b8        0x0 ../nios_vga_bsp/\libhal_bsp.a(alt_main.o)
 .bss           0x00000000008023b8        0x0 ../nios_vga_bsp/\libhal_bsp.a(alt_sys_init.o)
 .bss           0x00000000008023b8        0x0 ../nios_vga_bsp/\libhal_bsp.a(altera_avalon_sgdma.o)
 .bss           0x00000000008023b8        0x0 ../nios_vga_bsp/\libhal_bsp.a(altera_up_avalon_parallel_port.o)
 .bss           0x00000000008023b8        0x0 ../nios_vga_bsp/\libhal_bsp.a(alt_close.o)
 .bss           0x00000000008023b8        0x0 ../nios_vga_bsp/\libhal_bsp.a(alt_dcache_flush.o)
 .bss           0x00000000008023b8        0x0 ../nios_vga_bsp/\libhal_bsp.a(alt_dcache_flush_all.o)
 .bss           0x00000000008023b8        0x0 ../nios_vga_bsp/\libhal_bsp.a(alt_dev.o)
 .bss           0x00000000008023b8        0x0 ../nios_vga_bsp/\libhal_bsp.a(alt_dev_llist_insert.o)
 .bss           0x00000000008023b8        0x0 ../nios_vga_bsp/\libhal_bsp.a(alt_do_ctors.o)
 .bss           0x00000000008023b8        0x0 ../nios_vga_bsp/\libhal_bsp.a(alt_do_dtors.o)
 .bss           0x00000000008023b8        0x0 ../nios_vga_bsp/\libhal_bsp.a(alt_errno.o)
 .bss           0x00000000008023b8        0x0 ../nios_vga_bsp/\libhal_bsp.a(alt_find_dev.o)
 .bss           0x00000000008023b8        0x0 ../nios_vga_bsp/\libhal_bsp.a(alt_icache_flush_all.o)
 .bss           0x00000000008023b8        0x0 ../nios_vga_bsp/\libhal_bsp.a(alt_iic.o)
 .bss           0x00000000008023b8        0x0 ../nios_vga_bsp/\libhal_bsp.a(alt_iic_isr_register.o)
 .bss           0x00000000008023b8        0x0 ../nios_vga_bsp/\libhal_bsp.a(alt_irq_entry.o)
 .bss           0x00000000008023b8        0x0 ../nios_vga_bsp/\libhal_bsp.a(alt_irq_handler.o)
 .bss           0x00000000008023b8        0x0 ../nios_vga_bsp/\libhal_bsp.a(alt_irq_vars.o)
 .bss           0x00000000008023b8        0x0 ../nios_vga_bsp/\libhal_bsp.a(alt_release_fd.o)
 .bss           0x00000000008023b8        0x0 ../nios_vga_bsp/\libhal_bsp.a(altera_nios2_gen2_irq.o)
 .bss           0x00000000008023b8        0x0 ../nios_vga_bsp/\libhal_bsp.a(alt_exception_entry.o)
 .bss           0x00000000008023b8        0x0 ../nios_vga_bsp/\libhal_bsp.a(alt_icache_flush.o)
 .bss           0x00000000008023b8        0x0 ../nios_vga_bsp/\libhal_bsp.a(alt_instruction_exception_entry.o)
 .bss           0x00000000008023b8        0x0 c:/intelfpga/18.0/nios2eds/bin/gnu/h-x86_64-mingw32/bin/../lib/gcc/nios2-elf/5.3.0/../../../../../H-x86_64-mingw32/nios2-elf/lib/mhw-mulx\libsmallc.a(lib_a-atexit.o)
 .bss           0x00000000008023b8        0x0 c:/intelfpga/18.0/nios2eds/bin/gnu/h-x86_64-mingw32/bin/../lib/gcc/nios2-elf/5.3.0/../../../../../H-x86_64-mingw32/nios2-elf/lib/mhw-mulx\libsmallc.a(lib_a-exit.o)
 .bss           0x00000000008023b8        0x0 c:/intelfpga/18.0/nios2eds/bin/gnu/h-x86_64-mingw32/bin/../lib/gcc/nios2-elf/5.3.0/../../../../../H-x86_64-mingw32/nios2-elf/lib/mhw-mulx\libsmallc.a(lib_a-int_errno.o)
 .bss           0x00000000008023b8        0x0 c:/intelfpga/18.0/nios2eds/bin/gnu/h-x86_64-mingw32/bin/../lib/gcc/nios2-elf/5.3.0/../../../../../H-x86_64-mingw32/nios2-elf/lib/mhw-mulx\libsmallc.a(lib_a-memcmp.o)
 .bss           0x00000000008023b8        0x0 c:/intelfpga/18.0/nios2eds/bin/gnu/h-x86_64-mingw32/bin/../lib/gcc/nios2-elf/5.3.0/../../../../../H-x86_64-mingw32/nios2-elf/lib/mhw-mulx\libsmallc.a(lib_a-strlen.o)
 .bss           0x00000000008023b8        0x0 c:/intelfpga/18.0/nios2eds/bin/gnu/h-x86_64-mingw32/bin/../lib/gcc/nios2-elf/5.3.0/../../../../../H-x86_64-mingw32/nios2-elf/lib/mhw-mulx\libsmallc.a(lib_a-__atexit.o)
 .bss           0x00000000008023b8        0x0 c:/intelfpga/18.0/nios2eds/bin/gnu/h-x86_64-mingw32/bin/../lib/gcc/nios2-elf/5.3.0/../../../../../H-x86_64-mingw32/nios2-elf/lib/mhw-mulx\libsmallc.a(lib_a-__call_atexit.o)
 .bss           0x00000000008023b8        0x0 c:/intelfpga/18.0/nios2eds/bin/gnu/h-x86_64-mingw32/bin/../lib/gcc/nios2-elf/5.3.0/../../../../../H-x86_64-mingw32/nios2-elf/lib/mhw-mulx\libsmallc.a(lib_a-impure.o)
 .bss           0x00000000008023b8        0x0 ../nios_vga_bsp/\libhal_bsp.a(alt_exit.o)
 *(COMMON)
 COMMON         0x00000000008023b8       0xc0 obj/default/hello_world.o
                0x00000000008023b8                ds
 COMMON         0x0000000000802478      0x100 ../nios_vga_bsp/\libhal_bsp.a(alt_irq_handler.o)
                0x0000000000802478                alt_irq
                0x0000000000802578                . = ALIGN (0x4)
                0x0000000000802578                __bss_end = ABSOLUTE (.)

.sdram_controller_0
                0x0000000000000000        0x0 load address 0x0000000000802578
                [!provide]                        PROVIDE (_alt_partition_sdram_controller_0_start, ABSOLUTE (.))
 *(.sdram_controller_0 .sdram_controller_0. sdram_controller_0.*)
                0x0000000000000000                . = ALIGN (0x4)
                [!provide]                        PROVIDE (_alt_partition_sdram_controller_0_end, ABSOLUTE (.))
                [!provide]                        PROVIDE (_alt_partition_sdram_controller_0_load_addr, LOADADDR (.sdram_controller_0))

.onchip_memory2_0
                0x0000000000802578        0x0
                [!provide]                        PROVIDE (_alt_partition_onchip_memory2_0_start, ABSOLUTE (.))
 *(.onchip_memory2_0 .onchip_memory2_0. onchip_memory2_0.*)
                0x0000000000802578                . = ALIGN (0x4)
                [!provide]                        PROVIDE (_alt_partition_onchip_memory2_0_end, ABSOLUTE (.))
                0x0000000000802578                _end = ABSOLUTE (.)
                0x0000000000802578                end = ABSOLUTE (.)
                0x0000000000802578                __alt_stack_base = ABSOLUTE (.)
                [!provide]                        PROVIDE (_alt_partition_onchip_memory2_0_load_addr, LOADADDR (.onchip_memory2_0))

.stab
 *(.stab)

.stabstr
 *(.stabstr)

.stab.excl
 *(.stab.excl)

.stab.exclstr
 *(.stab.exclstr)

.stab.index
 *(.stab.index)

.stab.indexstr
 *(.stab.indexstr)

.comment        0x0000000000000000       0x23
 *(.comment)
 .comment       0x0000000000000000       0x23 obj/default/hello_world.o
                                         0x24 (size before relaxing)
 .comment       0x0000000000000023       0x24 ../nios_vga_bsp/\libhal_bsp.a(alt_load.o)
 .comment       0x0000000000000023       0x24 ../nios_vga_bsp/\libhal_bsp.a(alt_main.o)
 .comment       0x0000000000000023       0x24 ../nios_vga_bsp/\libhal_bsp.a(alt_sys_init.o)
 .comment       0x0000000000000023       0x24 ../nios_vga_bsp/\libhal_bsp.a(altera_avalon_sgdma.o)
 .comment       0x0000000000000023       0x24 ../nios_vga_bsp/\libhal_bsp.a(altera_up_avalon_parallel_port.o)
 .comment       0x0000000000000023       0x24 ../nios_vga_bsp/\libhal_bsp.a(alt_close.o)
 .comment       0x0000000000000023       0x24 ../nios_vga_bsp/\libhal_bsp.a(alt_dcache_flush.o)
 .comment       0x0000000000000023       0x24 ../nios_vga_bsp/\libhal_bsp.a(alt_dcache_flush_all.o)
 .comment       0x0000000000000023       0x24 ../nios_vga_bsp/\libhal_bsp.a(alt_dev.o)
 .comment       0x0000000000000023       0x24 ../nios_vga_bsp/\libhal_bsp.a(alt_dev_llist_insert.o)
 .comment       0x0000000000000023       0x24 ../nios_vga_bsp/\libhal_bsp.a(alt_do_ctors.o)
 .comment       0x0000000000000023       0x24 ../nios_vga_bsp/\libhal_bsp.a(alt_do_dtors.o)
 .comment       0x0000000000000023       0x24 ../nios_vga_bsp/\libhal_bsp.a(alt_errno.o)
 .comment       0x0000000000000023       0x24 ../nios_vga_bsp/\libhal_bsp.a(alt_find_dev.o)
 .comment       0x0000000000000023       0x24 ../nios_vga_bsp/\libhal_bsp.a(alt_icache_flush_all.o)
 .comment       0x0000000000000023       0x24 ../nios_vga_bsp/\libhal_bsp.a(alt_iic.o)
 .comment       0x0000000000000023       0x24 ../nios_vga_bsp/\libhal_bsp.a(alt_iic_isr_register.o)
 .comment       0x0000000000000023       0x24 ../nios_vga_bsp/\libhal_bsp.a(alt_irq_handler.o)
 .comment       0x0000000000000023       0x24 ../nios_vga_bsp/\libhal_bsp.a(alt_irq_vars.o)
 .comment       0x0000000000000023       0x24 ../nios_vga_bsp/\libhal_bsp.a(alt_release_fd.o)
 .comment       0x0000000000000023       0x24 ../nios_vga_bsp/\libhal_bsp.a(altera_nios2_gen2_irq.o)
 .comment       0x0000000000000023       0x24 ../nios_vga_bsp/\libhal_bsp.a(alt_icache_flush.o)
 .comment       0x0000000000000023       0x24 ../nios_vga_bsp/\libhal_bsp.a(alt_instruction_exception_entry.o)
 .comment       0x0000000000000023       0x24 c:/intelfpga/18.0/nios2eds/bin/gnu/h-x86_64-mingw32/bin/../lib/gcc/nios2-elf/5.3.0/../../../../../H-x86_64-mingw32/nios2-elf/lib/mhw-mulx\libsmallc.a(lib_a-atexit.o)
 .comment       0x0000000000000023       0x24 c:/intelfpga/18.0/nios2eds/bin/gnu/h-x86_64-mingw32/bin/../lib/gcc/nios2-elf/5.3.0/../../../../../H-x86_64-mingw32/nios2-elf/lib/mhw-mulx\libsmallc.a(lib_a-exit.o)
 .comment       0x0000000000000023       0x24 c:/intelfpga/18.0/nios2eds/bin/gnu/h-x86_64-mingw32/bin/../lib/gcc/nios2-elf/5.3.0/../../../../../H-x86_64-mingw32/nios2-elf/lib/mhw-mulx\libsmallc.a(lib_a-int_errno.o)
 .comment       0x0000000000000023       0x24 c:/intelfpga/18.0/nios2eds/bin/gnu/h-x86_64-mingw32/bin/../lib/gcc/nios2-elf/5.3.0/../../../../../H-x86_64-mingw32/nios2-elf/lib/mhw-mulx\libsmallc.a(lib_a-memcmp.o)
 .comment       0x0000000000000023       0x24 c:/intelfpga/18.0/nios2eds/bin/gnu/h-x86_64-mingw32/bin/../lib/gcc/nios2-elf/5.3.0/../../../../../H-x86_64-mingw32/nios2-elf/lib/mhw-mulx\libsmallc.a(lib_a-strlen.o)
 .comment       0x0000000000000023       0x24 c:/intelfpga/18.0/nios2eds/bin/gnu/h-x86_64-mingw32/bin/../lib/gcc/nios2-elf/5.3.0/../../../../../H-x86_64-mingw32/nios2-elf/lib/mhw-mulx\libsmallc.a(lib_a-__atexit.o)
 .comment       0x0000000000000023       0x24 c:/intelfpga/18.0/nios2eds/bin/gnu/h-x86_64-mingw32/bin/../lib/gcc/nios2-elf/5.3.0/../../../../../H-x86_64-mingw32/nios2-elf/lib/mhw-mulx\libsmallc.a(lib_a-__call_atexit.o)
 .comment       0x0000000000000023       0x24 c:/intelfpga/18.0/nios2eds/bin/gnu/h-x86_64-mingw32/bin/../lib/gcc/nios2-elf/5.3.0/../../../../../H-x86_64-mingw32/nios2-elf/lib/mhw-mulx\libsmallc.a(lib_a-impure.o)
 .comment       0x0000000000000023       0x24 ../nios_vga_bsp/\libhal_bsp.a(alt_exit.o)

.debug
 *(.debug)

.line
 *(.line)

.debug_srcinfo
 *(.debug_srcinfo)

.debug_sfnames
 *(.debug_sfnames)

.debug_aranges  0x0000000000000000      0x498
 *(.debug_aranges)
 .debug_aranges
                0x0000000000000000       0x28 ../nios_vga_bsp//obj/HAL/src/crt0.o
 .debug_aranges
                0x0000000000000028       0x20 obj/default/hello_world.o
 .debug_aranges
                0x0000000000000048       0x20 ../nios_vga_bsp/\libhal_bsp.a(alt_load.o)
 .debug_aranges
                0x0000000000000068       0x20 ../nios_vga_bsp/\libhal_bsp.a(alt_main.o)
 .debug_aranges
                0x0000000000000088       0x20 ../nios_vga_bsp/\libhal_bsp.a(alt_sys_init.o)
 .debug_aranges
                0x00000000000000a8       0x20 ../nios_vga_bsp/\libhal_bsp.a(altera_avalon_sgdma.o)
 .debug_aranges
                0x00000000000000c8       0x20 ../nios_vga_bsp/\libhal_bsp.a(altera_up_avalon_parallel_port.o)
 .debug_aranges
                0x00000000000000e8       0x20 ../nios_vga_bsp/\libhal_bsp.a(alt_close.o)
 .debug_aranges
                0x0000000000000108       0x20 ../nios_vga_bsp/\libhal_bsp.a(alt_dcache_flush.o)
 .debug_aranges
                0x0000000000000128       0x20 ../nios_vga_bsp/\libhal_bsp.a(alt_dcache_flush_all.o)
 .debug_aranges
                0x0000000000000148       0x20 ../nios_vga_bsp/\libhal_bsp.a(alt_dev.o)
 .debug_aranges
                0x0000000000000168       0x20 ../nios_vga_bsp/\libhal_bsp.a(alt_dev_llist_insert.o)
 .debug_aranges
                0x0000000000000188       0x20 ../nios_vga_bsp/\libhal_bsp.a(alt_do_ctors.o)
 .debug_aranges
                0x00000000000001a8       0x20 ../nios_vga_bsp/\libhal_bsp.a(alt_do_dtors.o)
 .debug_aranges
                0x00000000000001c8       0x18 ../nios_vga_bsp/\libhal_bsp.a(alt_errno.o)
 .debug_aranges
                0x00000000000001e0       0x20 ../nios_vga_bsp/\libhal_bsp.a(alt_find_dev.o)
 .debug_aranges
                0x0000000000000200       0x20 ../nios_vga_bsp/\libhal_bsp.a(alt_icache_flush_all.o)
 .debug_aranges
                0x0000000000000220       0x20 ../nios_vga_bsp/\libhal_bsp.a(alt_iic.o)
 .debug_aranges
                0x0000000000000240       0x20 ../nios_vga_bsp/\libhal_bsp.a(alt_iic_isr_register.o)
 .debug_aranges
                0x0000000000000260       0x30 ../nios_vga_bsp/\libhal_bsp.a(alt_irq_entry.o)
 .debug_aranges
                0x0000000000000290       0x20 ../nios_vga_bsp/\libhal_bsp.a(alt_irq_handler.o)
 .debug_aranges
                0x00000000000002b0       0x18 ../nios_vga_bsp/\libhal_bsp.a(alt_irq_vars.o)
 .debug_aranges
                0x00000000000002c8       0x20 ../nios_vga_bsp/\libhal_bsp.a(alt_release_fd.o)
 .debug_aranges
                0x00000000000002e8       0x20 ../nios_vga_bsp/\libhal_bsp.a(altera_nios2_gen2_irq.o)
 .debug_aranges
                0x0000000000000308       0x38 ../nios_vga_bsp/\libhal_bsp.a(alt_exception_entry.o)
 .debug_aranges
                0x0000000000000340       0x20 ../nios_vga_bsp/\libhal_bsp.a(alt_icache_flush.o)
 .debug_aranges
                0x0000000000000360       0x28 ../nios_vga_bsp/\libhal_bsp.a(alt_instruction_exception_entry.o)
 .debug_aranges
                0x0000000000000388       0x20 c:/intelfpga/18.0/nios2eds/bin/gnu/h-x86_64-mingw32/bin/../lib/gcc/nios2-elf/5.3.0/../../../../../H-x86_64-mingw32/nios2-elf/lib/mhw-mulx\libsmallc.a(lib_a-atexit.o)
 .debug_aranges
                0x00000000000003a8       0x20 c:/intelfpga/18.0/nios2eds/bin/gnu/h-x86_64-mingw32/bin/../lib/gcc/nios2-elf/5.3.0/../../../../../H-x86_64-mingw32/nios2-elf/lib/mhw-mulx\libsmallc.a(lib_a-exit.o)
 .debug_aranges
                0x00000000000003c8       0x18 c:/intelfpga/18.0/nios2eds/bin/gnu/h-x86_64-mingw32/bin/../lib/gcc/nios2-elf/5.3.0/../../../../../H-x86_64-mingw32/nios2-elf/lib/mhw-mulx\libsmallc.a(lib_a-int_errno.o)
 .debug_aranges
                0x00000000000003e0       0x20 c:/intelfpga/18.0/nios2eds/bin/gnu/h-x86_64-mingw32/bin/../lib/gcc/nios2-elf/5.3.0/../../../../../H-x86_64-mingw32/nios2-elf/lib/mhw-mulx\libsmallc.a(lib_a-memcmp.o)
 .debug_aranges
                0x0000000000000400       0x20 c:/intelfpga/18.0/nios2eds/bin/gnu/h-x86_64-mingw32/bin/../lib/gcc/nios2-elf/5.3.0/../../../../../H-x86_64-mingw32/nios2-elf/lib/mhw-mulx\libsmallc.a(lib_a-strlen.o)
 .debug_aranges
                0x0000000000000420       0x20 c:/intelfpga/18.0/nios2eds/bin/gnu/h-x86_64-mingw32/bin/../lib/gcc/nios2-elf/5.3.0/../../../../../H-x86_64-mingw32/nios2-elf/lib/mhw-mulx\libsmallc.a(lib_a-__atexit.o)
 .debug_aranges
                0x0000000000000440       0x20 c:/intelfpga/18.0/nios2eds/bin/gnu/h-x86_64-mingw32/bin/../lib/gcc/nios2-elf/5.3.0/../../../../../H-x86_64-mingw32/nios2-elf/lib/mhw-mulx\libsmallc.a(lib_a-__call_atexit.o)
 .debug_aranges
                0x0000000000000460       0x18 c:/intelfpga/18.0/nios2eds/bin/gnu/h-x86_64-mingw32/bin/../lib/gcc/nios2-elf/5.3.0/../../../../../H-x86_64-mingw32/nios2-elf/lib/mhw-mulx\libsmallc.a(lib_a-impure.o)
 .debug_aranges
                0x0000000000000478       0x20 ../nios_vga_bsp/\libhal_bsp.a(alt_exit.o)

.debug_pubnames
 *(.debug_pubnames)

.debug_info     0x0000000000000000     0x59de
 *(.debug_info .gnu.linkonce.wi.*)
 .debug_info    0x0000000000000000       0x7a ../nios_vga_bsp//obj/HAL/src/crt0.o
 .debug_info    0x000000000000007a      0x6c2 obj/default/hello_world.o
 .debug_info    0x000000000000073c      0x1c9 ../nios_vga_bsp/\libhal_bsp.a(alt_load.o)
 .debug_info    0x0000000000000905      0x1d9 ../nios_vga_bsp/\libhal_bsp.a(alt_main.o)
 .debug_info    0x0000000000000ade      0x5a8 ../nios_vga_bsp/\libhal_bsp.a(alt_sys_init.o)
 .debug_info    0x0000000000001086      0xf21 ../nios_vga_bsp/\libhal_bsp.a(altera_avalon_sgdma.o)
 .debug_info    0x0000000000001fa7      0x338 ../nios_vga_bsp/\libhal_bsp.a(altera_up_avalon_parallel_port.o)
 .debug_info    0x00000000000022df      0x361 ../nios_vga_bsp/\libhal_bsp.a(alt_close.o)
 .debug_info    0x0000000000002640       0xba ../nios_vga_bsp/\libhal_bsp.a(alt_dcache_flush.o)
 .debug_info    0x00000000000026fa       0x92 ../nios_vga_bsp/\libhal_bsp.a(alt_dcache_flush_all.o)
 .debug_info    0x000000000000278c      0x499 ../nios_vga_bsp/\libhal_bsp.a(alt_dev.o)
 .debug_info    0x0000000000002c25      0x1b7 ../nios_vga_bsp/\libhal_bsp.a(alt_dev_llist_insert.o)
 .debug_info    0x0000000000002ddc       0x84 ../nios_vga_bsp/\libhal_bsp.a(alt_do_ctors.o)
 .debug_info    0x0000000000002e60       0x84 ../nios_vga_bsp/\libhal_bsp.a(alt_do_dtors.o)
 .debug_info    0x0000000000002ee4       0xa6 ../nios_vga_bsp/\libhal_bsp.a(alt_errno.o)
 .debug_info    0x0000000000002f8a      0x32d ../nios_vga_bsp/\libhal_bsp.a(alt_find_dev.o)
 .debug_info    0x00000000000032b7       0xb8 ../nios_vga_bsp/\libhal_bsp.a(alt_icache_flush_all.o)
 .debug_info    0x000000000000336f      0x38a ../nios_vga_bsp/\libhal_bsp.a(alt_iic.o)
 .debug_info    0x00000000000036f9      0x232 ../nios_vga_bsp/\libhal_bsp.a(alt_iic_isr_register.o)
 .debug_info    0x000000000000392b       0x83 ../nios_vga_bsp/\libhal_bsp.a(alt_irq_entry.o)
 .debug_info    0x00000000000039ae      0x184 ../nios_vga_bsp/\libhal_bsp.a(alt_irq_handler.o)
 .debug_info    0x0000000000003b32       0x88 ../nios_vga_bsp/\libhal_bsp.a(alt_irq_vars.o)
 .debug_info    0x0000000000003bba      0x2b1 ../nios_vga_bsp/\libhal_bsp.a(alt_release_fd.o)
 .debug_info    0x0000000000003e6b       0x92 ../nios_vga_bsp/\libhal_bsp.a(altera_nios2_gen2_irq.o)
 .debug_info    0x0000000000003efd       0x89 ../nios_vga_bsp/\libhal_bsp.a(alt_exception_entry.o)
 .debug_info    0x0000000000003f86       0xde ../nios_vga_bsp/\libhal_bsp.a(alt_icache_flush.o)
 .debug_info    0x0000000000004064      0x1f8 ../nios_vga_bsp/\libhal_bsp.a(alt_instruction_exception_entry.o)
 .debug_info    0x000000000000425c       0xfe c:/intelfpga/18.0/nios2eds/bin/gnu/h-x86_64-mingw32/bin/../lib/gcc/nios2-elf/5.3.0/../../../../../H-x86_64-mingw32/nios2-elf/lib/mhw-mulx\libsmallc.a(lib_a-atexit.o)
 .debug_info    0x000000000000435a       0xe5 c:/intelfpga/18.0/nios2eds/bin/gnu/h-x86_64-mingw32/bin/../lib/gcc/nios2-elf/5.3.0/../../../../../H-x86_64-mingw32/nios2-elf/lib/mhw-mulx\libsmallc.a(lib_a-exit.o)
 .debug_info    0x000000000000443f       0x8a c:/intelfpga/18.0/nios2eds/bin/gnu/h-x86_64-mingw32/bin/../lib/gcc/nios2-elf/5.3.0/../../../../../H-x86_64-mingw32/nios2-elf/lib/mhw-mulx\libsmallc.a(lib_a-int_errno.o)
 .debug_info    0x00000000000044c9       0xf4 c:/intelfpga/18.0/nios2eds/bin/gnu/h-x86_64-mingw32/bin/../lib/gcc/nios2-elf/5.3.0/../../../../../H-x86_64-mingw32/nios2-elf/lib/mhw-mulx\libsmallc.a(lib_a-memcmp.o)
 .debug_info    0x00000000000045bd       0xc9 c:/intelfpga/18.0/nios2eds/bin/gnu/h-x86_64-mingw32/bin/../lib/gcc/nios2-elf/5.3.0/../../../../../H-x86_64-mingw32/nios2-elf/lib/mhw-mulx\libsmallc.a(lib_a-strlen.o)
 .debug_info    0x0000000000004686      0x64a c:/intelfpga/18.0/nios2eds/bin/gnu/h-x86_64-mingw32/bin/../lib/gcc/nios2-elf/5.3.0/../../../../../H-x86_64-mingw32/nios2-elf/lib/mhw-mulx\libsmallc.a(lib_a-__atexit.o)
 .debug_info    0x0000000000004cd0      0x67b c:/intelfpga/18.0/nios2eds/bin/gnu/h-x86_64-mingw32/bin/../lib/gcc/nios2-elf/5.3.0/../../../../../H-x86_64-mingw32/nios2-elf/lib/mhw-mulx\libsmallc.a(lib_a-__call_atexit.o)
 .debug_info    0x000000000000534b      0x5a9 c:/intelfpga/18.0/nios2eds/bin/gnu/h-x86_64-mingw32/bin/../lib/gcc/nios2-elf/5.3.0/../../../../../H-x86_64-mingw32/nios2-elf/lib/mhw-mulx\libsmallc.a(lib_a-impure.o)
 .debug_info    0x00000000000058f4       0xea ../nios_vga_bsp/\libhal_bsp.a(alt_exit.o)

.debug_abbrev   0x0000000000000000     0x201b
 *(.debug_abbrev)
 .debug_abbrev  0x0000000000000000       0x12 ../nios_vga_bsp//obj/HAL/src/crt0.o
 .debug_abbrev  0x0000000000000012      0x1ac obj/default/hello_world.o
 .debug_abbrev  0x00000000000001be       0xe9 ../nios_vga_bsp/\libhal_bsp.a(alt_load.o)
 .debug_abbrev  0x00000000000002a7       0xfd ../nios_vga_bsp/\libhal_bsp.a(alt_main.o)
 .debug_abbrev  0x00000000000003a4      0x1aa ../nios_vga_bsp/\libhal_bsp.a(alt_sys_init.o)
 .debug_abbrev  0x000000000000054e      0x347 ../nios_vga_bsp/\libhal_bsp.a(altera_avalon_sgdma.o)
 .debug_abbrev  0x0000000000000895      0x111 ../nios_vga_bsp/\libhal_bsp.a(altera_up_avalon_parallel_port.o)
 .debug_abbrev  0x00000000000009a6      0x15c ../nios_vga_bsp/\libhal_bsp.a(alt_close.o)
 .debug_abbrev  0x0000000000000b02       0x74 ../nios_vga_bsp/\libhal_bsp.a(alt_dcache_flush.o)
 .debug_abbrev  0x0000000000000b76       0x42 ../nios_vga_bsp/\libhal_bsp.a(alt_dcache_flush_all.o)
 .debug_abbrev  0x0000000000000bb8       0xd9 ../nios_vga_bsp/\libhal_bsp.a(alt_dev.o)
 .debug_abbrev  0x0000000000000c91      0x11e ../nios_vga_bsp/\libhal_bsp.a(alt_dev_llist_insert.o)
 .debug_abbrev  0x0000000000000daf       0x79 ../nios_vga_bsp/\libhal_bsp.a(alt_do_ctors.o)
 .debug_abbrev  0x0000000000000e28       0x79 ../nios_vga_bsp/\libhal_bsp.a(alt_do_dtors.o)
 .debug_abbrev  0x0000000000000ea1       0x5a ../nios_vga_bsp/\libhal_bsp.a(alt_errno.o)
 .debug_abbrev  0x0000000000000efb      0x125 ../nios_vga_bsp/\libhal_bsp.a(alt_find_dev.o)
 .debug_abbrev  0x0000000000001020       0x6f ../nios_vga_bsp/\libhal_bsp.a(alt_icache_flush_all.o)
 .debug_abbrev  0x000000000000108f      0x1a0 ../nios_vga_bsp/\libhal_bsp.a(alt_iic.o)
 .debug_abbrev  0x000000000000122f      0x19c ../nios_vga_bsp/\libhal_bsp.a(alt_iic_isr_register.o)
 .debug_abbrev  0x00000000000013cb       0x12 ../nios_vga_bsp/\libhal_bsp.a(alt_irq_entry.o)
 .debug_abbrev  0x00000000000013dd      0x120 ../nios_vga_bsp/\libhal_bsp.a(alt_irq_handler.o)
 .debug_abbrev  0x00000000000014fd       0x40 ../nios_vga_bsp/\libhal_bsp.a(alt_irq_vars.o)
 .debug_abbrev  0x000000000000153d       0xde ../nios_vga_bsp/\libhal_bsp.a(alt_release_fd.o)
 .debug_abbrev  0x000000000000161b       0x42 ../nios_vga_bsp/\libhal_bsp.a(altera_nios2_gen2_irq.o)
 .debug_abbrev  0x000000000000165d       0x12 ../nios_vga_bsp/\libhal_bsp.a(alt_exception_entry.o)
 .debug_abbrev  0x000000000000166f       0x9b ../nios_vga_bsp/\libhal_bsp.a(alt_icache_flush.o)
 .debug_abbrev  0x000000000000170a       0xd8 ../nios_vga_bsp/\libhal_bsp.a(alt_instruction_exception_entry.o)
 .debug_abbrev  0x00000000000017e2       0xaa c:/intelfpga/18.0/nios2eds/bin/gnu/h-x86_64-mingw32/bin/../lib/gcc/nios2-elf/5.3.0/../../../../../H-x86_64-mingw32/nios2-elf/lib/mhw-mulx\libsmallc.a(lib_a-atexit.o)
 .debug_abbrev  0x000000000000188c       0x8b c:/intelfpga/18.0/nios2eds/bin/gnu/h-x86_64-mingw32/bin/../lib/gcc/nios2-elf/5.3.0/../../../../../H-x86_64-mingw32/nios2-elf/lib/mhw-mulx\libsmallc.a(lib_a-exit.o)
 .debug_abbrev  0x0000000000001917       0x37 c:/intelfpga/18.0/nios2eds/bin/gnu/h-x86_64-mingw32/bin/../lib/gcc/nios2-elf/5.3.0/../../../../../H-x86_64-mingw32/nios2-elf/lib/mhw-mulx\libsmallc.a(lib_a-int_errno.o)
 .debug_abbrev  0x000000000000194e       0x7f c:/intelfpga/18.0/nios2eds/bin/gnu/h-x86_64-mingw32/bin/../lib/gcc/nios2-elf/5.3.0/../../../../../H-x86_64-mingw32/nios2-elf/lib/mhw-mulx\libsmallc.a(lib_a-memcmp.o)
 .debug_abbrev  0x00000000000019cd       0x7f c:/intelfpga/18.0/nios2eds/bin/gnu/h-x86_64-mingw32/bin/../lib/gcc/nios2-elf/5.3.0/../../../../../H-x86_64-mingw32/nios2-elf/lib/mhw-mulx\libsmallc.a(lib_a-strlen.o)
 .debug_abbrev  0x0000000000001a4c      0x1e6 c:/intelfpga/18.0/nios2eds/bin/gnu/h-x86_64-mingw32/bin/../lib/gcc/nios2-elf/5.3.0/../../../../../H-x86_64-mingw32/nios2-elf/lib/mhw-mulx\libsmallc.a(lib_a-__atexit.o)
 .debug_abbrev  0x0000000000001c32      0x1f6 c:/intelfpga/18.0/nios2eds/bin/gnu/h-x86_64-mingw32/bin/../lib/gcc/nios2-elf/5.3.0/../../../../../H-x86_64-mingw32/nios2-elf/lib/mhw-mulx\libsmallc.a(lib_a-__call_atexit.o)
 .debug_abbrev  0x0000000000001e28      0x14a c:/intelfpga/18.0/nios2eds/bin/gnu/h-x86_64-mingw32/bin/../lib/gcc/nios2-elf/5.3.0/../../../../../H-x86_64-mingw32/nios2-elf/lib/mhw-mulx\libsmallc.a(lib_a-impure.o)
 .debug_abbrev  0x0000000000001f72       0xa9 ../nios_vga_bsp/\libhal_bsp.a(alt_exit.o)

.debug_line     0x0000000000000000     0x2210
 *(.debug_line)
 .debug_line    0x0000000000000000       0x6c ../nios_vga_bsp//obj/HAL/src/crt0.o
 .debug_line    0x000000000000006c      0x257 obj/default/hello_world.o
 .debug_line    0x00000000000002c3       0xad ../nios_vga_bsp/\libhal_bsp.a(alt_load.o)
 .debug_line    0x0000000000000370      0x16b ../nios_vga_bsp/\libhal_bsp.a(alt_main.o)
 .debug_line    0x00000000000004db      0x16c ../nios_vga_bsp/\libhal_bsp.a(alt_sys_init.o)
 .debug_line    0x0000000000000647      0x2f2 ../nios_vga_bsp/\libhal_bsp.a(altera_avalon_sgdma.o)
 .debug_line    0x0000000000000939      0x100 ../nios_vga_bsp/\libhal_bsp.a(altera_up_avalon_parallel_port.o)
 .debug_line    0x0000000000000a39      0x15d ../nios_vga_bsp/\libhal_bsp.a(alt_close.o)
 .debug_line    0x0000000000000b96       0x63 ../nios_vga_bsp/\libhal_bsp.a(alt_dcache_flush.o)
 .debug_line    0x0000000000000bf9       0x4e ../nios_vga_bsp/\libhal_bsp.a(alt_dcache_flush_all.o)
 .debug_line    0x0000000000000c47       0xf1 ../nios_vga_bsp/\libhal_bsp.a(alt_dev.o)
 .debug_line    0x0000000000000d38       0xe1 ../nios_vga_bsp/\libhal_bsp.a(alt_dev_llist_insert.o)
 .debug_line    0x0000000000000e19       0x5f ../nios_vga_bsp/\libhal_bsp.a(alt_do_ctors.o)
 .debug_line    0x0000000000000e78       0x5f ../nios_vga_bsp/\libhal_bsp.a(alt_do_dtors.o)
 .debug_line    0x0000000000000ed7       0x51 ../nios_vga_bsp/\libhal_bsp.a(alt_errno.o)
 .debug_line    0x0000000000000f28      0x10a ../nios_vga_bsp/\libhal_bsp.a(alt_find_dev.o)
 .debug_line    0x0000000000001032       0x6e ../nios_vga_bsp/\libhal_bsp.a(alt_icache_flush_all.o)
 .debug_line    0x00000000000010a0       0xf1 ../nios_vga_bsp/\libhal_bsp.a(alt_iic.o)
 .debug_line    0x0000000000001191       0xd8 ../nios_vga_bsp/\libhal_bsp.a(alt_iic_isr_register.o)
 .debug_line    0x0000000000001269       0x6b ../nios_vga_bsp/\libhal_bsp.a(alt_irq_entry.o)
 .debug_line    0x00000000000012d4       0xab ../nios_vga_bsp/\libhal_bsp.a(alt_irq_handler.o)
 .debug_line    0x000000000000137f       0x50 ../nios_vga_bsp/\libhal_bsp.a(alt_irq_vars.o)
 .debug_line    0x00000000000013cf       0xac ../nios_vga_bsp/\libhal_bsp.a(alt_release_fd.o)
 .debug_line    0x000000000000147b       0x50 ../nios_vga_bsp/\libhal_bsp.a(altera_nios2_gen2_irq.o)
 .debug_line    0x00000000000014cb       0xb3 ../nios_vga_bsp/\libhal_bsp.a(alt_exception_entry.o)
 .debug_line    0x000000000000157e       0x77 ../nios_vga_bsp/\libhal_bsp.a(alt_icache_flush.o)
 .debug_line    0x00000000000015f5       0xc7 ../nios_vga_bsp/\libhal_bsp.a(alt_instruction_exception_entry.o)
 .debug_line    0x00000000000016bc       0xe7 c:/intelfpga/18.0/nios2eds/bin/gnu/h-x86_64-mingw32/bin/../lib/gcc/nios2-elf/5.3.0/../../../../../H-x86_64-mingw32/nios2-elf/lib/mhw-mulx\libsmallc.a(lib_a-atexit.o)
 .debug_line    0x00000000000017a3      0x159 c:/intelfpga/18.0/nios2eds/bin/gnu/h-x86_64-mingw32/bin/../lib/gcc/nios2-elf/5.3.0/../../../../../H-x86_64-mingw32/nios2-elf/lib/mhw-mulx\libsmallc.a(lib_a-exit.o)
 .debug_line    0x00000000000018fc       0x5f c:/intelfpga/18.0/nios2eds/bin/gnu/h-x86_64-mingw32/bin/../lib/gcc/nios2-elf/5.3.0/../../../../../H-x86_64-mingw32/nios2-elf/lib/mhw-mulx\libsmallc.a(lib_a-int_errno.o)
 .debug_line    0x000000000000195b      0x160 c:/intelfpga/18.0/nios2eds/bin/gnu/h-x86_64-mingw32/bin/../lib/gcc/nios2-elf/5.3.0/../../../../../H-x86_64-mingw32/nios2-elf/lib/mhw-mulx\libsmallc.a(lib_a-memcmp.o)
 .debug_line    0x0000000000001abb      0x15c c:/intelfpga/18.0/nios2eds/bin/gnu/h-x86_64-mingw32/bin/../lib/gcc/nios2-elf/5.3.0/../../../../../H-x86_64-mingw32/nios2-elf/lib/mhw-mulx\libsmallc.a(lib_a-strlen.o)
 .debug_line    0x0000000000001c17      0x20d c:/intelfpga/18.0/nios2eds/bin/gnu/h-x86_64-mingw32/bin/../lib/gcc/nios2-elf/5.3.0/../../../../../H-x86_64-mingw32/nios2-elf/lib/mhw-mulx\libsmallc.a(lib_a-__atexit.o)
 .debug_line    0x0000000000001e24      0x232 c:/intelfpga/18.0/nios2eds/bin/gnu/h-x86_64-mingw32/bin/../lib/gcc/nios2-elf/5.3.0/../../../../../H-x86_64-mingw32/nios2-elf/lib/mhw-mulx\libsmallc.a(lib_a-__call_atexit.o)
 .debug_line    0x0000000000002056      0x156 c:/intelfpga/18.0/nios2eds/bin/gnu/h-x86_64-mingw32/bin/../lib/gcc/nios2-elf/5.3.0/../../../../../H-x86_64-mingw32/nios2-elf/lib/mhw-mulx\libsmallc.a(lib_a-impure.o)
 .debug_line    0x00000000000021ac       0x64 ../nios_vga_bsp/\libhal_bsp.a(alt_exit.o)

.debug_frame    0x0000000000000000      0x7a0
 *(.debug_frame)
 .debug_frame   0x0000000000000000       0xc0 obj/default/hello_world.o
 .debug_frame   0x00000000000000c0       0x2c ../nios_vga_bsp/\libhal_bsp.a(alt_load.o)
 .debug_frame   0x00000000000000ec       0x28 ../nios_vga_bsp/\libhal_bsp.a(alt_main.o)
 .debug_frame   0x0000000000000114       0x48 ../nios_vga_bsp/\libhal_bsp.a(alt_sys_init.o)
 .debug_frame   0x000000000000015c      0x204 ../nios_vga_bsp/\libhal_bsp.a(altera_avalon_sgdma.o)
 .debug_frame   0x0000000000000360       0x20 ../nios_vga_bsp/\libhal_bsp.a(altera_up_avalon_parallel_port.o)
 .debug_frame   0x0000000000000380       0x38 ../nios_vga_bsp/\libhal_bsp.a(alt_close.o)
 .debug_frame   0x00000000000003b8       0x20 ../nios_vga_bsp/\libhal_bsp.a(alt_dcache_flush.o)
 .debug_frame   0x00000000000003d8       0x20 ../nios_vga_bsp/\libhal_bsp.a(alt_dcache_flush_all.o)
 .debug_frame   0x00000000000003f8       0x20 ../nios_vga_bsp/\libhal_bsp.a(alt_dev.o)
 .debug_frame   0x0000000000000418       0x2c ../nios_vga_bsp/\libhal_bsp.a(alt_dev_llist_insert.o)
 .debug_frame   0x0000000000000444       0x38 ../nios_vga_bsp/\libhal_bsp.a(alt_do_ctors.o)
 .debug_frame   0x000000000000047c       0x38 ../nios_vga_bsp/\libhal_bsp.a(alt_do_dtors.o)
 .debug_frame   0x00000000000004b4       0x40 ../nios_vga_bsp/\libhal_bsp.a(alt_find_dev.o)
 .debug_frame   0x00000000000004f4       0x20 ../nios_vga_bsp/\libhal_bsp.a(alt_icache_flush_all.o)
 .debug_frame   0x0000000000000514       0x50 ../nios_vga_bsp/\libhal_bsp.a(alt_iic.o)
 .debug_frame   0x0000000000000564       0x38 ../nios_vga_bsp/\libhal_bsp.a(alt_iic_isr_register.o)
 .debug_frame   0x000000000000059c       0x30 ../nios_vga_bsp/\libhal_bsp.a(alt_irq_handler.o)
 .debug_frame   0x00000000000005cc       0x20 ../nios_vga_bsp/\libhal_bsp.a(alt_release_fd.o)
 .debug_frame   0x00000000000005ec       0x20 ../nios_vga_bsp/\libhal_bsp.a(altera_nios2_gen2_irq.o)
 .debug_frame   0x000000000000060c       0x20 ../nios_vga_bsp/\libhal_bsp.a(alt_icache_flush.o)
 .debug_frame   0x000000000000062c       0x30 ../nios_vga_bsp/\libhal_bsp.a(alt_instruction_exception_entry.o)
 .debug_frame   0x000000000000065c       0x20 c:/intelfpga/18.0/nios2eds/bin/gnu/h-x86_64-mingw32/bin/../lib/gcc/nios2-elf/5.3.0/../../../../../H-x86_64-mingw32/nios2-elf/lib/mhw-mulx\libsmallc.a(lib_a-atexit.o)
 .debug_frame   0x000000000000067c       0x28 c:/intelfpga/18.0/nios2eds/bin/gnu/h-x86_64-mingw32/bin/../lib/gcc/nios2-elf/5.3.0/../../../../../H-x86_64-mingw32/nios2-elf/lib/mhw-mulx\libsmallc.a(lib_a-exit.o)
 .debug_frame   0x00000000000006a4       0x20 c:/intelfpga/18.0/nios2eds/bin/gnu/h-x86_64-mingw32/bin/../lib/gcc/nios2-elf/5.3.0/../../../../../H-x86_64-mingw32/nios2-elf/lib/mhw-mulx\libsmallc.a(lib_a-memcmp.o)
 .debug_frame   0x00000000000006c4       0x20 c:/intelfpga/18.0/nios2eds/bin/gnu/h-x86_64-mingw32/bin/../lib/gcc/nios2-elf/5.3.0/../../../../../H-x86_64-mingw32/nios2-elf/lib/mhw-mulx\libsmallc.a(lib_a-strlen.o)
 .debug_frame   0x00000000000006e4       0x48 c:/intelfpga/18.0/nios2eds/bin/gnu/h-x86_64-mingw32/bin/../lib/gcc/nios2-elf/5.3.0/../../../../../H-x86_64-mingw32/nios2-elf/lib/mhw-mulx\libsmallc.a(lib_a-__atexit.o)
 .debug_frame   0x000000000000072c       0x54 c:/intelfpga/18.0/nios2eds/bin/gnu/h-x86_64-mingw32/bin/../lib/gcc/nios2-elf/5.3.0/../../../../../H-x86_64-mingw32/nios2-elf/lib/mhw-mulx\libsmallc.a(lib_a-__call_atexit.o)
 .debug_frame   0x0000000000000780       0x20 ../nios_vga_bsp/\libhal_bsp.a(alt_exit.o)

.debug_str      0x0000000000000000     0x1a38
 *(.debug_str)
 .debug_str     0x0000000000000000      0x32d obj/default/hello_world.o
                                        0x3be (size before relaxing)
 .debug_str     0x000000000000032d      0x19c ../nios_vga_bsp/\libhal_bsp.a(alt_load.o)
                                        0x242 (size before relaxing)
 .debug_str     0x00000000000004c9       0x68 ../nios_vga_bsp/\libhal_bsp.a(alt_main.o)
                                        0x1de (size before relaxing)
 .debug_str     0x0000000000000531       0xa5 ../nios_vga_bsp/\libhal_bsp.a(alt_sys_init.o)
                                        0x40e (size before relaxing)
 .debug_str     0x00000000000005d6      0x3d3 ../nios_vga_bsp/\libhal_bsp.a(altera_avalon_sgdma.o)
                                        0x6dd (size before relaxing)
 .debug_str     0x00000000000009a9       0x4b ../nios_vga_bsp/\libhal_bsp.a(altera_up_avalon_parallel_port.o)
                                        0x260 (size before relaxing)
 .debug_str     0x00000000000009f4       0x3b ../nios_vga_bsp/\libhal_bsp.a(alt_close.o)
                                        0x220 (size before relaxing)
 .debug_str     0x0000000000000a2f       0x1b ../nios_vga_bsp/\libhal_bsp.a(alt_dcache_flush.o)
                                        0x161 (size before relaxing)
 .debug_str     0x0000000000000a4a       0x1f ../nios_vga_bsp/\libhal_bsp.a(alt_dcache_flush_all.o)
                                        0x15b (size before relaxing)
 .debug_str     0x0000000000000a69      0x120 ../nios_vga_bsp/\libhal_bsp.a(alt_dev.o)
                                        0x30b (size before relaxing)
 .debug_str     0x0000000000000b89       0x30 ../nios_vga_bsp/\libhal_bsp.a(alt_dev_llist_insert.o)
                                        0x1d2 (size before relaxing)
 .debug_str     0x0000000000000bb9       0x3e ../nios_vga_bsp/\libhal_bsp.a(alt_do_ctors.o)
                                         0xd6 (size before relaxing)
 .debug_str     0x0000000000000bf7       0x4c ../nios_vga_bsp/\libhal_bsp.a(alt_do_dtors.o)
                                         0xd5 (size before relaxing)
 .debug_str     0x0000000000000c43       0x14 ../nios_vga_bsp/\libhal_bsp.a(alt_errno.o)
                                        0x14b (size before relaxing)
 .debug_str     0x0000000000000c57       0x25 ../nios_vga_bsp/\libhal_bsp.a(alt_find_dev.o)
                                        0x200 (size before relaxing)
 .debug_str     0x0000000000000c7c       0x30 ../nios_vga_bsp/\libhal_bsp.a(alt_icache_flush_all.o)
                                        0x16c (size before relaxing)
 .debug_str     0x0000000000000cac       0xb8 ../nios_vga_bsp/\libhal_bsp.a(alt_iic.o)
                                        0x259 (size before relaxing)
 .debug_str     0x0000000000000d64       0x37 ../nios_vga_bsp/\libhal_bsp.a(alt_iic_isr_register.o)
                                        0x213 (size before relaxing)
 .debug_str     0x0000000000000d9b       0x3a ../nios_vga_bsp/\libhal_bsp.a(alt_irq_handler.o)
                                        0x19d (size before relaxing)
 .debug_str     0x0000000000000dd5       0x17 ../nios_vga_bsp/\libhal_bsp.a(alt_irq_vars.o)
                                        0x140 (size before relaxing)
 .debug_str     0x0000000000000dec       0x19 ../nios_vga_bsp/\libhal_bsp.a(alt_release_fd.o)
                                        0x1d9 (size before relaxing)
 .debug_str     0x0000000000000e05       0x20 ../nios_vga_bsp/\libhal_bsp.a(altera_nios2_gen2_irq.o)
                                        0x162 (size before relaxing)
 .debug_str     0x0000000000000e25       0x1b ../nios_vga_bsp/\libhal_bsp.a(alt_icache_flush.o)
                                        0x161 (size before relaxing)
 .debug_str     0x0000000000000e40      0x48b ../nios_vga_bsp/\libhal_bsp.a(alt_instruction_exception_entry.o)
                                        0x5a6 (size before relaxing)
 .debug_str     0x00000000000012cb      0x173 c:/intelfpga/18.0/nios2eds/bin/gnu/h-x86_64-mingw32/bin/../lib/gcc/nios2-elf/5.3.0/../../../../../H-x86_64-mingw32/nios2-elf/lib/mhw-mulx\libsmallc.a(lib_a-atexit.o)
                                        0x218 (size before relaxing)
 .debug_str     0x000000000000143e       0x52 c:/intelfpga/18.0/nios2eds/bin/gnu/h-x86_64-mingw32/bin/../lib/gcc/nios2-elf/5.3.0/../../../../../H-x86_64-mingw32/nios2-elf/lib/mhw-mulx\libsmallc.a(lib_a-exit.o)
                                        0x1ec (size before relaxing)
 .debug_str     0x0000000000001490       0xd1 c:/intelfpga/18.0/nios2eds/bin/gnu/h-x86_64-mingw32/bin/../lib/gcc/nios2-elf/5.3.0/../../../../../H-x86_64-mingw32/nios2-elf/lib/mhw-mulx\libsmallc.a(lib_a-int_errno.o)
                                        0x1d4 (size before relaxing)
 .debug_str     0x0000000000001561       0xd7 c:/intelfpga/18.0/nios2eds/bin/gnu/h-x86_64-mingw32/bin/../lib/gcc/nios2-elf/5.3.0/../../../../../H-x86_64-mingw32/nios2-elf/lib/mhw-mulx\libsmallc.a(lib_a-memcmp.o)
                                        0x1db (size before relaxing)
 .debug_str     0x0000000000001638       0x3d c:/intelfpga/18.0/nios2eds/bin/gnu/h-x86_64-mingw32/bin/../lib/gcc/nios2-elf/5.3.0/../../../../../H-x86_64-mingw32/nios2-elf/lib/mhw-mulx\libsmallc.a(lib_a-strlen.o)
                                        0x1e1 (size before relaxing)
 .debug_str     0x0000000000001675      0x2ec c:/intelfpga/18.0/nios2eds/bin/gnu/h-x86_64-mingw32/bin/../lib/gcc/nios2-elf/5.3.0/../../../../../H-x86_64-mingw32/nios2-elf/lib/mhw-mulx\libsmallc.a(lib_a-__atexit.o)
                                        0x4fb (size before relaxing)
 .debug_str     0x0000000000001961       0x65 c:/intelfpga/18.0/nios2eds/bin/gnu/h-x86_64-mingw32/bin/../lib/gcc/nios2-elf/5.3.0/../../../../../H-x86_64-mingw32/nios2-elf/lib/mhw-mulx\libsmallc.a(lib_a-__call_atexit.o)
                                        0x4e7 (size before relaxing)
 .debug_str     0x00000000000019c6       0x48 c:/intelfpga/18.0/nios2eds/bin/gnu/h-x86_64-mingw32/bin/../lib/gcc/nios2-elf/5.3.0/../../../../../H-x86_64-mingw32/nios2-elf/lib/mhw-mulx\libsmallc.a(lib_a-impure.o)
                                        0x4ba (size before relaxing)
 .debug_str     0x0000000000001a0e       0x2a ../nios_vga_bsp/\libhal_bsp.a(alt_exit.o)
                                        0x157 (size before relaxing)

.debug_loc      0x0000000000000000     0x1bfd
 *(.debug_loc)
 .debug_loc     0x0000000000000000       0x1e ../nios_vga_bsp/\libhal_bsp.a(alt_main.o)
 .debug_loc     0x000000000000001e       0x21 ../nios_vga_bsp/\libhal_bsp.a(alt_sys_init.o)
 .debug_loc     0x000000000000003f     0x10e5 ../nios_vga_bsp/\libhal_bsp.a(altera_avalon_sgdma.o)
 .debug_loc     0x0000000000001124       0x21 ../nios_vga_bsp/\libhal_bsp.a(altera_up_avalon_parallel_port.o)
 .debug_loc     0x0000000000001145       0xdd ../nios_vga_bsp/\libhal_bsp.a(alt_close.o)
 .debug_loc     0x0000000000001222       0x7e ../nios_vga_bsp/\libhal_bsp.a(alt_dev_llist_insert.o)
 .debug_loc     0x00000000000012a0       0x2b ../nios_vga_bsp/\libhal_bsp.a(alt_do_ctors.o)
 .debug_loc     0x00000000000012cb       0x2b ../nios_vga_bsp/\libhal_bsp.a(alt_do_dtors.o)
 .debug_loc     0x00000000000012f6       0x7e ../nios_vga_bsp/\libhal_bsp.a(alt_find_dev.o)
 .debug_loc     0x0000000000001374      0x170 ../nios_vga_bsp/\libhal_bsp.a(alt_iic.o)
 .debug_loc     0x00000000000014e4      0x193 ../nios_vga_bsp/\libhal_bsp.a(alt_iic_isr_register.o)
 .debug_loc     0x0000000000001677       0x51 ../nios_vga_bsp/\libhal_bsp.a(alt_irq_handler.o)
 .debug_loc     0x00000000000016c8       0x21 ../nios_vga_bsp/\libhal_bsp.a(alt_release_fd.o)
 .debug_loc     0x00000000000016e9       0x52 ../nios_vga_bsp/\libhal_bsp.a(alt_icache_flush.o)
 .debug_loc     0x000000000000173b       0xaf ../nios_vga_bsp/\libhal_bsp.a(alt_instruction_exception_entry.o)
 .debug_loc     0x00000000000017ea       0x2c c:/intelfpga/18.0/nios2eds/bin/gnu/h-x86_64-mingw32/bin/../lib/gcc/nios2-elf/5.3.0/../../../../../H-x86_64-mingw32/nios2-elf/lib/mhw-mulx\libsmallc.a(lib_a-atexit.o)
 .debug_loc     0x0000000000001816       0x1e c:/intelfpga/18.0/nios2eds/bin/gnu/h-x86_64-mingw32/bin/../lib/gcc/nios2-elf/5.3.0/../../../../../H-x86_64-mingw32/nios2-elf/lib/mhw-mulx\libsmallc.a(lib_a-exit.o)
 .debug_loc     0x0000000000001834       0x94 c:/intelfpga/18.0/nios2eds/bin/gnu/h-x86_64-mingw32/bin/../lib/gcc/nios2-elf/5.3.0/../../../../../H-x86_64-mingw32/nios2-elf/lib/mhw-mulx\libsmallc.a(lib_a-memcmp.o)
 .debug_loc     0x00000000000018c8       0x1e c:/intelfpga/18.0/nios2eds/bin/gnu/h-x86_64-mingw32/bin/../lib/gcc/nios2-elf/5.3.0/../../../../../H-x86_64-mingw32/nios2-elf/lib/mhw-mulx\libsmallc.a(lib_a-strlen.o)
 .debug_loc     0x00000000000018e6      0x1c0 c:/intelfpga/18.0/nios2eds/bin/gnu/h-x86_64-mingw32/bin/../lib/gcc/nios2-elf/5.3.0/../../../../../H-x86_64-mingw32/nios2-elf/lib/mhw-mulx\libsmallc.a(lib_a-__atexit.o)
 .debug_loc     0x0000000000001aa6      0x157 c:/intelfpga/18.0/nios2eds/bin/gnu/h-x86_64-mingw32/bin/../lib/gcc/nios2-elf/5.3.0/../../../../../H-x86_64-mingw32/nios2-elf/lib/mhw-mulx\libsmallc.a(lib_a-__call_atexit.o)

.debug_macinfo
 *(.debug_macinfo)

.debug_weaknames
 *(.debug_weaknames)

.debug_funcnames
 *(.debug_funcnames)

.debug_typenames
 *(.debug_typenames)

.debug_varnames
 *(.debug_varnames)

.debug_alt_sim_info
                0x0000000000000000       0x20
 *(.debug_alt_sim_info)
 .debug_alt_sim_info
                0x0000000000000000       0x20 ../nios_vga_bsp//obj/HAL/src/crt0.o
                0x0000000000804000                __alt_data_end = 0x804000
                0x0000000000804000                PROVIDE (__alt_stack_pointer, __alt_data_end)
                [!provide]                        PROVIDE (__alt_stack_limit, __alt_stack_base)
                [!provide]                        PROVIDE (__alt_heap_start, end)
                [!provide]                        PROVIDE (__alt_heap_limit, 0x804000)
OUTPUT(nios_vga.elf elf32-littlenios2)

.debug_ranges   0x0000000000000000      0x238
 .debug_ranges  0x0000000000000000       0x20 ../nios_vga_bsp//obj/HAL/src/crt0.o
 .debug_ranges  0x0000000000000020       0x18 ../nios_vga_bsp/\libhal_bsp.a(alt_load.o)
 .debug_ranges  0x0000000000000038       0x18 ../nios_vga_bsp/\libhal_bsp.a(alt_sys_init.o)
 .debug_ranges  0x0000000000000050       0x78 ../nios_vga_bsp/\libhal_bsp.a(altera_avalon_sgdma.o)
 .debug_ranges  0x00000000000000c8       0x30 ../nios_vga_bsp/\libhal_bsp.a(alt_close.o)
 .debug_ranges  0x00000000000000f8       0x38 ../nios_vga_bsp/\libhal_bsp.a(alt_dev_llist_insert.o)
 .debug_ranges  0x0000000000000130       0x28 ../nios_vga_bsp/\libhal_bsp.a(alt_irq_entry.o)
 .debug_ranges  0x0000000000000158       0x10 ../nios_vga_bsp/\libhal_bsp.a(alt_irq_handler.o)
 .debug_ranges  0x0000000000000168       0x30 ../nios_vga_bsp/\libhal_bsp.a(alt_exception_entry.o)
 .debug_ranges  0x0000000000000198       0x10 ../nios_vga_bsp/\libhal_bsp.a(alt_icache_flush.o)
 .debug_ranges  0x00000000000001a8       0x18 ../nios_vga_bsp/\libhal_bsp.a(alt_instruction_exception_entry.o)
 .debug_ranges  0x00000000000001c0       0x10 c:/intelfpga/18.0/nios2eds/bin/gnu/h-x86_64-mingw32/bin/../lib/gcc/nios2-elf/5.3.0/../../../../../H-x86_64-mingw32/nios2-elf/lib/mhw-mulx\libsmallc.a(lib_a-atexit.o)
 .debug_ranges  0x00000000000001d0       0x10 c:/intelfpga/18.0/nios2eds/bin/gnu/h-x86_64-mingw32/bin/../lib/gcc/nios2-elf/5.3.0/../../../../../H-x86_64-mingw32/nios2-elf/lib/mhw-mulx\libsmallc.a(lib_a-exit.o)
 .debug_ranges  0x00000000000001e0       0x10 c:/intelfpga/18.0/nios2eds/bin/gnu/h-x86_64-mingw32/bin/../lib/gcc/nios2-elf/5.3.0/../../../../../H-x86_64-mingw32/nios2-elf/lib/mhw-mulx\libsmallc.a(lib_a-memcmp.o)
 .debug_ranges  0x00000000000001f0       0x10 c:/intelfpga/18.0/nios2eds/bin/gnu/h-x86_64-mingw32/bin/../lib/gcc/nios2-elf/5.3.0/../../../../../H-x86_64-mingw32/nios2-elf/lib/mhw-mulx\libsmallc.a(lib_a-strlen.o)
 .debug_ranges  0x0000000000000200       0x10 c:/intelfpga/18.0/nios2eds/bin/gnu/h-x86_64-mingw32/bin/../lib/gcc/nios2-elf/5.3.0/../../../../../H-x86_64-mingw32/nios2-elf/lib/mhw-mulx\libsmallc.a(lib_a-__atexit.o)
 .debug_ranges  0x0000000000000210       0x28 c:/intelfpga/18.0/nios2eds/bin/gnu/h-x86_64-mingw32/bin/../lib/gcc/nios2-elf/5.3.0/../../../../../H-x86_64-mingw32/nios2-elf/lib/mhw-mulx\libsmallc.a(lib_a-__call_atexit.o)
