Archive member included to satisfy reference by file (symbol)

c:/users/nazmievairat/intelfpga_lite/18.1/nios2eds/bin/gnu/h-x86_64-mingw32/bin/../lib/gcc/nios2-elf/5.3.0/mhw-mulx\libgcc.a(lib2-divmod.o)
                              obj/default/hello_world.o (__modsi3)
c:/users/nazmievairat/intelfpga_lite/18.1/nios2eds/bin/gnu/h-x86_64-mingw32/bin/../lib/gcc/nios2-elf/5.3.0/../../../../../H-x86_64-mingw32/nios2-elf/lib/mhw-mulx\libsmallc.a(lib_a-rand.o)
                              obj/default/hello_world.o (rand)
../nios_vga3_bsp/\libhal_bsp.a(alt_load.o)
                              ../nios_vga3_bsp//obj/HAL/src/crt0.o (alt_load)
../nios_vga3_bsp/\libhal_bsp.a(alt_main.o)
                              ../nios_vga3_bsp//obj/HAL/src/crt0.o (alt_main)
../nios_vga3_bsp/\libhal_bsp.a(alt_sys_init.o)
                              ../nios_vga3_bsp/\libhal_bsp.a(alt_main.o) (alt_irq_init)
../nios_vga3_bsp/\libhal_bsp.a(altera_avalon_sgdma.o)
                              obj/default/hello_world.o (alt_avalon_sgdma_do_async_transfer)
../nios_vga3_bsp/\libhal_bsp.a(altera_up_avalon_parallel_port.o)
                              obj/default/hello_world.o (alt_up_parallel_port_open_dev)
../nios_vga3_bsp/\libhal_bsp.a(alt_close.o)
                              ../nios_vga3_bsp/\libhal_bsp.a(alt_main.o) (close)
../nios_vga3_bsp/\libhal_bsp.a(alt_dcache_flush.o)
                              ../nios_vga3_bsp/\libhal_bsp.a(altera_avalon_sgdma.o) (alt_dcache_flush)
../nios_vga3_bsp/\libhal_bsp.a(alt_dcache_flush_all.o)
                              ../nios_vga3_bsp/\libhal_bsp.a(alt_load.o) (alt_dcache_flush_all)
../nios_vga3_bsp/\libhal_bsp.a(alt_dev.o)
                              ../nios_vga3_bsp/\libhal_bsp.a(alt_sys_init.o) (alt_dev_list)
../nios_vga3_bsp/\libhal_bsp.a(alt_dev_llist_insert.o)
                              ../nios_vga3_bsp/\libhal_bsp.a(alt_sys_init.o) (alt_dev_llist_insert)
../nios_vga3_bsp/\libhal_bsp.a(alt_errno.o)
                              ../nios_vga3_bsp/\libhal_bsp.a(altera_avalon_sgdma.o) (alt_errno)
../nios_vga3_bsp/\libhal_bsp.a(alt_find_dev.o)
                              ../nios_vga3_bsp/\libhal_bsp.a(altera_avalon_sgdma.o) (alt_find_dev)
../nios_vga3_bsp/\libhal_bsp.a(alt_icache_flush_all.o)
                              ../nios_vga3_bsp/\libhal_bsp.a(alt_load.o) (alt_icache_flush_all)
../nios_vga3_bsp/\libhal_bsp.a(alt_iic.o)
                              ../nios_vga3_bsp/\libhal_bsp.a(altera_avalon_sgdma.o) (alt_ic_isr_register)
../nios_vga3_bsp/\libhal_bsp.a(alt_iic_isr_register.o)
                              ../nios_vga3_bsp/\libhal_bsp.a(alt_iic.o) (alt_iic_isr_register)
../nios_vga3_bsp/\libhal_bsp.a(alt_irq_entry.o)
                              ../nios_vga3_bsp/\libhal_bsp.a(alt_iic_isr_register.o) (alt_irq_entry)
../nios_vga3_bsp/\libhal_bsp.a(alt_irq_handler.o)
                              ../nios_vga3_bsp/\libhal_bsp.a(alt_iic_isr_register.o) (alt_irq)
../nios_vga3_bsp/\libhal_bsp.a(alt_irq_vars.o)
                              ../nios_vga3_bsp/\libhal_bsp.a(alt_iic.o) (alt_irq_active)
../nios_vga3_bsp/\libhal_bsp.a(alt_release_fd.o)
                              ../nios_vga3_bsp/\libhal_bsp.a(alt_close.o) (alt_release_fd)
../nios_vga3_bsp/\libhal_bsp.a(altera_nios2_gen2_irq.o)
                              ../nios_vga3_bsp/\libhal_bsp.a(alt_sys_init.o) (altera_nios2_gen2_irq_init)
../nios_vga3_bsp/\libhal_bsp.a(alt_exception_entry.o)
                              ../nios_vga3_bsp/\libhal_bsp.a(alt_irq_entry.o) (alt_exception)
../nios_vga3_bsp/\libhal_bsp.a(alt_icache_flush.o)
                              ../nios_vga3_bsp/\libhal_bsp.a(alt_icache_flush_all.o) (alt_icache_flush)
../nios_vga3_bsp/\libhal_bsp.a(alt_instruction_exception_entry.o)
                              ../nios_vga3_bsp/\libhal_bsp.a(alt_exception_entry.o) (alt_instruction_exception_entry)
c:/users/nazmievairat/intelfpga_lite/18.1/nios2eds/bin/gnu/h-x86_64-mingw32/bin/../lib/gcc/nios2-elf/5.3.0/../../../../../H-x86_64-mingw32/nios2-elf/lib/mhw-mulx\libsmallc.a(lib_a-exit.o)
                              ../nios_vga3_bsp/\libhal_bsp.a(alt_main.o) (exit)
c:/users/nazmievairat/intelfpga_lite/18.1/nios2eds/bin/gnu/h-x86_64-mingw32/bin/../lib/gcc/nios2-elf/5.3.0/../../../../../H-x86_64-mingw32/nios2-elf/lib/mhw-mulx\libsmallc.a(lib_a-int_errno.o)
                              ../nios_vga3_bsp/\libhal_bsp.a(altera_avalon_sgdma.o) (errno)
c:/users/nazmievairat/intelfpga_lite/18.1/nios2eds/bin/gnu/h-x86_64-mingw32/bin/../lib/gcc/nios2-elf/5.3.0/../../../../../H-x86_64-mingw32/nios2-elf/lib/mhw-mulx\libsmallc.a(lib_a-memcmp.o)
                              ../nios_vga3_bsp/\libhal_bsp.a(alt_find_dev.o) (memcmp)
c:/users/nazmievairat/intelfpga_lite/18.1/nios2eds/bin/gnu/h-x86_64-mingw32/bin/../lib/gcc/nios2-elf/5.3.0/../../../../../H-x86_64-mingw32/nios2-elf/lib/mhw-mulx\libsmallc.a(lib_a-strlen.o)
                              ../nios_vga3_bsp/\libhal_bsp.a(alt_find_dev.o) (strlen)
c:/users/nazmievairat/intelfpga_lite/18.1/nios2eds/bin/gnu/h-x86_64-mingw32/bin/../lib/gcc/nios2-elf/5.3.0/../../../../../H-x86_64-mingw32/nios2-elf/lib/mhw-mulx\libsmallc.a(lib_a-__call_atexit.o)
                              c:/users/nazmievairat/intelfpga_lite/18.1/nios2eds/bin/gnu/h-x86_64-mingw32/bin/../lib/gcc/nios2-elf/5.3.0/../../../../../H-x86_64-mingw32/nios2-elf/lib/mhw-mulx\libsmallc.a(lib_a-exit.o) (__call_exitprocs)
c:/users/nazmievairat/intelfpga_lite/18.1/nios2eds/bin/gnu/h-x86_64-mingw32/bin/../lib/gcc/nios2-elf/5.3.0/../../../../../H-x86_64-mingw32/nios2-elf/lib/mhw-mulx\libsmallc.a(lib_a-impure.o)
                              c:/users/nazmievairat/intelfpga_lite/18.1/nios2eds/bin/gnu/h-x86_64-mingw32/bin/../lib/gcc/nios2-elf/5.3.0/../../../../../H-x86_64-mingw32/nios2-elf/lib/mhw-mulx\libsmallc.a(lib_a-__call_atexit.o) (_global_impure_ptr)
../nios_vga3_bsp/\libhal_bsp.a(alt_exit.o)
                              c:/users/nazmievairat/intelfpga_lite/18.1/nios2eds/bin/gnu/h-x86_64-mingw32/bin/../lib/gcc/nios2-elf/5.3.0/../../../../../H-x86_64-mingw32/nios2-elf/lib/mhw-mulx\libsmallc.a(lib_a-exit.o) (_exit)

Allocating common symbols
Common symbol       size              file

alt_irq             0x100             ../nios_vga3_bsp/\libhal_bsp.a(alt_irq_handler.o)
dma                 0x4               obj/default/hello_world.o
errno               0x4               c:/users/nazmievairat/intelfpga_lite/18.1/nios2eds/bin/gnu/h-x86_64-mingw32/bin/../lib/gcc/nios2-elf/5.3.0/../../../../../H-x86_64-mingw32/nios2-elf/lib/mhw-mulx\libsmallc.a(lib_a-int_errno.o)
ds                  0xc0              obj/default/hello_world.o
fb                  0x4               obj/default/hello_world.o
frame               0x1               obj/default/hello_world.o
keys                0x4               obj/default/hello_world.o

Memory Configuration

Name             Origin             Length             Attributes
sdram_controller_0 0x0000000000000000 0x0000000000800000
reset            0x0000000000800000 0x0000000000000020
onchip_memory2_0 0x0000000000800020 0x0000000000003fe0
*default*        0x0000000000000000 0xffffffffffffffff

Linker script and memory map

LOAD ../nios_vga3_bsp//obj/HAL/src/crt0.o
LOAD obj/default/hello_world.o
LOAD c:/users/nazmievairat/intelfpga_lite/18.1/nios2eds/bin/gnu/h-x86_64-mingw32/bin/../lib/gcc/nios2-elf/5.3.0/../../../../../H-x86_64-mingw32/nios2-elf/lib/mhw-mulx\libstdc++.a
LOAD c:/users/nazmievairat/intelfpga_lite/18.1/nios2eds/bin/gnu/h-x86_64-mingw32/bin/../lib/gcc/nios2-elf/5.3.0/../../../../../H-x86_64-mingw32/nios2-elf/lib/mhw-mulx\libm.a
LOAD c:/users/nazmievairat/intelfpga_lite/18.1/nios2eds/bin/gnu/h-x86_64-mingw32/bin/../lib/gcc/nios2-elf/5.3.0/mhw-mulx\libgcc.a
START GROUP
LOAD c:/users/nazmievairat/intelfpga_lite/18.1/nios2eds/bin/gnu/h-x86_64-mingw32/bin/../lib/gcc/nios2-elf/5.3.0/../../../../../H-x86_64-mingw32/nios2-elf/lib/mhw-mulx\libsmallc.a
LOAD c:/users/nazmievairat/intelfpga_lite/18.1/nios2eds/bin/gnu/h-x86_64-mingw32/bin/../lib/gcc/nios2-elf/5.3.0/mhw-mulx\libgcc.a
LOAD ../nios_vga3_bsp/\libhal_bsp.a
LOAD c:/users/nazmievairat/intelfpga_lite/18.1/nios2eds/bin/gnu/h-x86_64-mingw32/bin/../lib/gcc/nios2-elf/5.3.0/../../../../../H-x86_64-mingw32/nios2-elf/lib/mhw-mulx\libm.a
END GROUP
LOAD c:/users/nazmievairat/intelfpga_lite/18.1/nios2eds/bin/gnu/h-x86_64-mingw32/bin/../lib/gcc/nios2-elf/5.3.0/mhw-mulx\libgcc.a
                0x0000000000000000                __alt_mem_sdram_controller_0 = 0x0
                0x0000000000800000                __alt_mem_onchip_memory2_0 = 0x800000

.entry          0x0000000000800000       0x20
 *(.entry)
 .entry         0x0000000000800000       0x20 ../nios_vga3_bsp//obj/HAL/src/crt0.o
                0x0000000000800000                __reset

.exceptions     0x0000000000800020      0x224
                0x0000000000800020                PROVIDE (__ram_exceptions_start, ABSOLUTE (.))
                0x0000000000800020                . = ALIGN (0x20)
 *(.irq)
 *(.exceptions.entry.label)
 .exceptions.entry.label
                0x0000000000800020        0x0 ../nios_vga3_bsp/\libhal_bsp.a(alt_irq_entry.o)
                0x0000000000800020                alt_irq_entry
 .exceptions.entry.label
                0x0000000000800020        0x0 ../nios_vga3_bsp/\libhal_bsp.a(alt_exception_entry.o)
                0x0000000000800020                alt_exception
 *(.exceptions.entry.user)
 *(.exceptions.entry.ecc_fatal)
 *(.exceptions.entry)
 .exceptions.entry
                0x0000000000800020       0x54 ../nios_vga3_bsp/\libhal_bsp.a(alt_exception_entry.o)
 *(.exceptions.irqtest.user)
 *(.exceptions.irqtest)
 .exceptions.irqtest
                0x0000000000800074       0x10 ../nios_vga3_bsp/\libhal_bsp.a(alt_irq_entry.o)
 *(.exceptions.irqhandler.user)
 *(.exceptions.irqhandler)
 .exceptions.irqhandler
                0x0000000000800084        0x4 ../nios_vga3_bsp/\libhal_bsp.a(alt_irq_entry.o)
 *(.exceptions.irqreturn.user)
 *(.exceptions.irqreturn)
 .exceptions.irqreturn
                0x0000000000800088        0x4 ../nios_vga3_bsp/\libhal_bsp.a(alt_irq_entry.o)
 *(.exceptions.notirq.label)
 .exceptions.notirq.label
                0x000000000080008c        0x0 ../nios_vga3_bsp/\libhal_bsp.a(alt_irq_entry.o)
 *(.exceptions.notirq.user)
 *(.exceptions.notirq)
 .exceptions.notirq
                0x000000000080008c        0x8 ../nios_vga3_bsp/\libhal_bsp.a(alt_exception_entry.o)
 *(.exceptions.soft.user)
 *(.exceptions.soft)
 *(.exceptions.unknown.user)
 *(.exceptions.unknown)
 .exceptions.unknown
                0x0000000000800094       0x14 ../nios_vga3_bsp/\libhal_bsp.a(alt_exception_entry.o)
 *(.exceptions.exit.label)
 .exceptions.exit.label
                0x00000000008000a8        0x0 ../nios_vga3_bsp/\libhal_bsp.a(alt_irq_entry.o)
 .exceptions.exit.label
                0x00000000008000a8        0x0 ../nios_vga3_bsp/\libhal_bsp.a(alt_exception_entry.o)
 *(.exceptions.exit.user)
 *(.exceptions.exit)
 .exceptions.exit
                0x00000000008000a8       0x54 ../nios_vga3_bsp/\libhal_bsp.a(alt_exception_entry.o)
 *(.exceptions)
 .exceptions    0x00000000008000fc       0xd4 ../nios_vga3_bsp/\libhal_bsp.a(alt_irq_handler.o)
                0x00000000008000fc                alt_irq_handler
 .exceptions    0x00000000008001d0       0x74 ../nios_vga3_bsp/\libhal_bsp.a(alt_instruction_exception_entry.o)
                0x00000000008001d0                alt_instruction_exception_entry
                0x0000000000800244                PROVIDE (__ram_exceptions_end, ABSOLUTE (.))
                0x0000000000800020                PROVIDE (__flash_exceptions_start, LOADADDR (.exceptions))

.text           0x0000000000800244     0x3264
                [!provide]                        PROVIDE (stext, ABSOLUTE (.))
 *(.interp)
 *(.hash)
 *(.dynsym)
 *(.dynstr)
 *(.gnu.version)
 *(.gnu.version_d)
 *(.gnu.version_r)
 *(.rel.init)
 *(.rela.init)
 *(.rel.text .rel.text.* .rel.gnu.linkonce.t.*)
 *(.rela.text .rela.text.* .rela.gnu.linkonce.t.*)
 *(.rel.fini)
 *(.rela.fini)
 *(.rel.rodata .rel.rodata.* .rel.gnu.linkonce.r.*)
 *(.rela.rodata .rela.rodata.* .rela.gnu.linkonce.r.*)
 *(.rel.data .rel.data.* .rel.gnu.linkonce.d.*)
 *(.rela.data .rela.data.* .rela.gnu.linkonce.d.*)
 *(.rel.tdata .rel.tdata.* .rel.gnu.linkonce.td.*)
 *(.rela.tdata .rela.tdata.* .rela.gnu.linkonce.td.*)
 *(.rel.tbss .rel.tbss.* .rel.gnu.linkonce.tb.*)
 *(.rela.tbss .rela.tbss.* .rela.gnu.linkonce.tb.*)
 *(.rel.ctors)
 *(.rela.ctors)
 *(.rel.dtors)
 *(.rela.dtors)
 *(.rel.got)
 *(.rela.got)
 *(.rel.sdata .rel.sdata.* .rel.gnu.linkonce.s.*)
 *(.rela.sdata .rela.sdata.* .rela.gnu.linkonce.s.*)
 *(.rel.sbss .rel.sbss.* .rel.gnu.linkonce.sb.*)
 *(.rela.sbss .rela.sbss.* .rela.gnu.linkonce.sb.*)
 *(.rel.sdata2 .rel.sdata2.* .rel.gnu.linkonce.s2.*)
 *(.rela.sdata2 .rela.sdata2.* .rela.gnu.linkonce.s2.*)
 *(.rel.sbss2 .rel.sbss2.* .rel.gnu.linkonce.sb2.*)
 *(.rela.sbss2 .rela.sbss2.* .rela.gnu.linkonce.sb2.*)
 *(.rel.bss .rel.bss.* .rel.gnu.linkonce.b.*)
 *(.rela.bss .rela.bss.* .rela.gnu.linkonce.b.*)
 *(.rel.plt)
 *(.rela.plt)
 *(.rel.dyn)
 *(.init)
 *(.plt)
 *(.text .stub .text.* .gnu.linkonce.t.*)
 .text          0x0000000000800244       0x3c ../nios_vga3_bsp//obj/HAL/src/crt0.o
                0x0000000000800244                _start
 .text          0x0000000000800280     0x169c obj/default/hello_world.o
                0x0000000000800280                dma_callback
                0x000000000080037c                vga_pattern
                0x0000000000800420                putch
                0x000000000080052c                putstr
                0x00000000008005cc                draw_player
                0x000000000080086c                delete_ball
                0x000000000080091c                draw_ball
                0x0000000000800dd8                display_points
                0x0000000000800f68                display_final_message
                0x0000000000800fe4                random_int
                0x0000000000801040                main
 .text          0x000000000080191c      0x1b4 c:/users/nazmievairat/intelfpga_lite/18.1/nios2eds/bin/gnu/h-x86_64-mingw32/bin/../lib/gcc/nios2-elf/5.3.0/mhw-mulx\libgcc.a(lib2-divmod.o)
                0x000000000080191c                __divsi3
                0x00000000008019a0                __modsi3
                0x0000000000801a14                __udivsi3
                0x0000000000801a78                __umodsi3
 .text          0x0000000000801ad0        0x0 c:/users/nazmievairat/intelfpga_lite/18.1/nios2eds/bin/gnu/h-x86_64-mingw32/bin/../lib/gcc/nios2-elf/5.3.0/../../../../../H-x86_64-mingw32/nios2-elf/lib/mhw-mulx\libsmallc.a(lib_a-rand.o)
 .text.srand    0x0000000000801ad0       0x14 c:/users/nazmievairat/intelfpga_lite/18.1/nios2eds/bin/gnu/h-x86_64-mingw32/bin/../lib/gcc/nios2-elf/5.3.0/../../../../../H-x86_64-mingw32/nios2-elf/lib/mhw-mulx\libsmallc.a(lib_a-rand.o)
                0x0000000000801ad0                srand
 .text.rand     0x0000000000801ae4       0x5c c:/users/nazmievairat/intelfpga_lite/18.1/nios2eds/bin/gnu/h-x86_64-mingw32/bin/../lib/gcc/nios2-elf/5.3.0/../../../../../H-x86_64-mingw32/nios2-elf/lib/mhw-mulx\libsmallc.a(lib_a-rand.o)
                0x0000000000801ae4                rand
 .text          0x0000000000801b40       0xec ../nios_vga3_bsp/\libhal_bsp.a(alt_load.o)
                0x0000000000801ba8                alt_load
 .text          0x0000000000801c2c       0x50 ../nios_vga3_bsp/\libhal_bsp.a(alt_main.o)
                0x0000000000801c2c                alt_main
 .text          0x0000000000801c7c       0xb4 ../nios_vga3_bsp/\libhal_bsp.a(alt_sys_init.o)
                0x0000000000801cb0                alt_irq_init
                0x0000000000801ce8                alt_sys_init
 .text          0x0000000000801d30      0xd94 ../nios_vga3_bsp/\libhal_bsp.a(altera_avalon_sgdma.o)
                0x0000000000801d6c                alt_avalon_sgdma_do_async_transfer
                0x0000000000801e90                alt_avalon_sgdma_do_sync_transfer
                0x0000000000801fa0                alt_avalon_sgdma_construct_mem_to_mem_desc
                0x0000000000802014                alt_avalon_sgdma_construct_mem_to_mem_desc_burst
                0x0000000000802098                alt_avalon_sgdma_construct_stream_to_mem_desc
                0x00000000008020f8                alt_avalon_sgdma_construct_stream_to_mem_desc_burst
                0x0000000000802170                alt_avalon_sgdma_construct_mem_to_stream_desc
                0x00000000008021f0                alt_avalon_sgdma_construct_mem_to_stream_desc_burst
                0x000000000080227c                alt_avalon_sgdma_register_callback
                0x00000000008022d0                alt_avalon_sgdma_start
                0x0000000000802328                alt_avalon_sgdma_stop
                0x0000000000802384                alt_avalon_sgdma_check_descriptor_status
                0x00000000008023e8                alt_avalon_sgdma_open
                0x000000000080243c                alt_avalon_sgdma_construct_descriptor
                0x00000000008024c8                alt_avalon_sgdma_enable_desc_poll
                0x0000000000802548                alt_avalon_sgdma_disable_desc_poll
                0x00000000008025a8                alt_avalon_sgdma_construct_descriptor_burst
                0x0000000000802a1c                alt_avalon_sgdma_init
 .text          0x0000000000802ac4       0x3c ../nios_vga3_bsp/\libhal_bsp.a(altera_up_avalon_parallel_port.o)
                0x0000000000802ac4                alt_up_parallel_port_open_dev
 .text          0x0000000000802b00      0x10c ../nios_vga3_bsp/\libhal_bsp.a(alt_close.o)
                0x0000000000802b3c                close
 .text          0x0000000000802c0c       0x28 ../nios_vga3_bsp/\libhal_bsp.a(alt_dcache_flush.o)
                0x0000000000802c0c                alt_dcache_flush
 .text          0x0000000000802c34       0x20 ../nios_vga3_bsp/\libhal_bsp.a(alt_dcache_flush_all.o)
                0x0000000000802c34                alt_dcache_flush_all
 .text          0x0000000000802c54       0x2c ../nios_vga3_bsp/\libhal_bsp.a(alt_dev.o)
 .text          0x0000000000802c80       0xe0 ../nios_vga3_bsp/\libhal_bsp.a(alt_dev_llist_insert.o)
                0x0000000000802cbc                alt_dev_llist_insert
 .text          0x0000000000802d60        0x0 ../nios_vga3_bsp/\libhal_bsp.a(alt_errno.o)
 .text          0x0000000000802d60       0x90 ../nios_vga3_bsp/\libhal_bsp.a(alt_find_dev.o)
                0x0000000000802d60                alt_find_dev
 .text          0x0000000000802df0       0x34 ../nios_vga3_bsp/\libhal_bsp.a(alt_icache_flush_all.o)
                0x0000000000802df0                alt_icache_flush_all
 .text          0x0000000000802e24      0x1b0 ../nios_vga3_bsp/\libhal_bsp.a(alt_iic.o)
                0x0000000000802e24                alt_ic_isr_register
                0x0000000000802e74                alt_ic_irq_enable
                0x0000000000802efc                alt_ic_irq_disable
                0x0000000000802f88                alt_ic_irq_enabled
 .text          0x0000000000802fd4       0xf0 ../nios_vga3_bsp/\libhal_bsp.a(alt_iic_isr_register.o)
                0x0000000000802fd4                alt_iic_isr_register
 .text          0x00000000008030c4        0x0 ../nios_vga3_bsp/\libhal_bsp.a(alt_irq_entry.o)
 .text          0x00000000008030c4        0x0 ../nios_vga3_bsp/\libhal_bsp.a(alt_irq_handler.o)
 .text          0x00000000008030c4        0x0 ../nios_vga3_bsp/\libhal_bsp.a(alt_irq_vars.o)
 .text          0x00000000008030c4       0x64 ../nios_vga3_bsp/\libhal_bsp.a(alt_release_fd.o)
                0x00000000008030c4                alt_release_fd
 .text          0x0000000000803128       0x24 ../nios_vga3_bsp/\libhal_bsp.a(altera_nios2_gen2_irq.o)
                0x0000000000803128                altera_nios2_gen2_irq_init
 .text          0x000000000080314c        0x0 ../nios_vga3_bsp/\libhal_bsp.a(alt_exception_entry.o)
 .text          0x000000000080314c       0x90 ../nios_vga3_bsp/\libhal_bsp.a(alt_icache_flush.o)
                0x000000000080314c                alt_icache_flush
 .text          0x00000000008031dc       0x9c ../nios_vga3_bsp/\libhal_bsp.a(alt_instruction_exception_entry.o)
                0x00000000008031dc                alt_exception_cause_generated_bad_addr
 .text          0x0000000000803278        0x0 c:/users/nazmievairat/intelfpga_lite/18.1/nios2eds/bin/gnu/h-x86_64-mingw32/bin/../lib/gcc/nios2-elf/5.3.0/../../../../../H-x86_64-mingw32/nios2-elf/lib/mhw-mulx\libsmallc.a(lib_a-exit.o)
 .text.exit     0x0000000000803278       0x20 c:/users/nazmievairat/intelfpga_lite/18.1/nios2eds/bin/gnu/h-x86_64-mingw32/bin/../lib/gcc/nios2-elf/5.3.0/../../../../../H-x86_64-mingw32/nios2-elf/lib/mhw-mulx\libsmallc.a(lib_a-exit.o)
                0x0000000000803278                exit
 .text          0x0000000000803298        0x0 c:/users/nazmievairat/intelfpga_lite/18.1/nios2eds/bin/gnu/h-x86_64-mingw32/bin/../lib/gcc/nios2-elf/5.3.0/../../../../../H-x86_64-mingw32/nios2-elf/lib/mhw-mulx\libsmallc.a(lib_a-int_errno.o)
 .text          0x0000000000803298        0x0 c:/users/nazmievairat/intelfpga_lite/18.1/nios2eds/bin/gnu/h-x86_64-mingw32/bin/../lib/gcc/nios2-elf/5.3.0/../../../../../H-x86_64-mingw32/nios2-elf/lib/mhw-mulx\libsmallc.a(lib_a-memcmp.o)
 .text.memcmp   0x0000000000803298       0x30 c:/users/nazmievairat/intelfpga_lite/18.1/nios2eds/bin/gnu/h-x86_64-mingw32/bin/../lib/gcc/nios2-elf/5.3.0/../../../../../H-x86_64-mingw32/nios2-elf/lib/mhw-mulx\libsmallc.a(lib_a-memcmp.o)
                0x0000000000803298                memcmp
 .text          0x00000000008032c8        0x0 c:/users/nazmievairat/intelfpga_lite/18.1/nios2eds/bin/gnu/h-x86_64-mingw32/bin/../lib/gcc/nios2-elf/5.3.0/../../../../../H-x86_64-mingw32/nios2-elf/lib/mhw-mulx\libsmallc.a(lib_a-strlen.o)
 .text.strlen   0x00000000008032c8       0x1c c:/users/nazmievairat/intelfpga_lite/18.1/nios2eds/bin/gnu/h-x86_64-mingw32/bin/../lib/gcc/nios2-elf/5.3.0/../../../../../H-x86_64-mingw32/nios2-elf/lib/mhw-mulx\libsmallc.a(lib_a-strlen.o)
                0x00000000008032c8                strlen
 .text          0x00000000008032e4        0x0 c:/users/nazmievairat/intelfpga_lite/18.1/nios2eds/bin/gnu/h-x86_64-mingw32/bin/../lib/gcc/nios2-elf/5.3.0/../../../../../H-x86_64-mingw32/nios2-elf/lib/mhw-mulx\libsmallc.a(lib_a-__call_atexit.o)
 .text.__call_exitprocs
                0x00000000008032e4      0x190 c:/users/nazmievairat/intelfpga_lite/18.1/nios2eds/bin/gnu/h-x86_64-mingw32/bin/../lib/gcc/nios2-elf/5.3.0/../../../../../H-x86_64-mingw32/nios2-elf/lib/mhw-mulx\libsmallc.a(lib_a-__call_atexit.o)
                0x00000000008032e4                __call_exitprocs
 .text          0x0000000000803474        0x0 c:/users/nazmievairat/intelfpga_lite/18.1/nios2eds/bin/gnu/h-x86_64-mingw32/bin/../lib/gcc/nios2-elf/5.3.0/../../../../../H-x86_64-mingw32/nios2-elf/lib/mhw-mulx\libsmallc.a(lib_a-impure.o)
 .text          0x0000000000803474       0x34 ../nios_vga3_bsp/\libhal_bsp.a(alt_exit.o)
                0x0000000000803474                _exit
 *(.gnu.warning.*)
 *(.fini)
                [!provide]                        PROVIDE (__etext, ABSOLUTE (.))
                [!provide]                        PROVIDE (_etext, ABSOLUTE (.))
                [!provide]                        PROVIDE (etext, ABSOLUTE (.))
 *(.eh_frame_hdr)
                0x00000000008034a8                . = ALIGN (0x4)
                [!provide]                        PROVIDE (__preinit_array_start, ABSOLUTE (.))
 *(.preinit_array)
                [!provide]                        PROVIDE (__preinit_array_end, ABSOLUTE (.))
                [!provide]                        PROVIDE (__init_array_start, ABSOLUTE (.))
 *(.init_array)
                [!provide]                        PROVIDE (__init_array_end, ABSOLUTE (.))
                [!provide]                        PROVIDE (__fini_array_start, ABSOLUTE (.))
 *(.fini_array)
                [!provide]                        PROVIDE (__fini_array_end, ABSOLUTE (.))
 *(.eh_frame)
 *(.gcc_except_table .gcc_except_table.*)
 *(.dynamic)
                [!provide]                        PROVIDE (__CTOR_LIST__, ABSOLUTE (.))
 *(.ctors)
 *(SORT(.ctors.*))
                [!provide]                        PROVIDE (__CTOR_END__, ABSOLUTE (.))
                [!provide]                        PROVIDE (__DTOR_LIST__, ABSOLUTE (.))
 *(.dtors)
 *(SORT(.dtors.*))
                [!provide]                        PROVIDE (__DTOR_END__, ABSOLUTE (.))
 *(.jcr)
                0x00000000008034a8                . = ALIGN (0x4)

.rodata         0x00000000008034a8      0x2a8
                0x00000000008034a8                PROVIDE (__ram_rodata_start, ABSOLUTE (.))
                0x00000000008034a8                . = ALIGN (0x4)
 *(.rodata .rodata.* .gnu.linkonce.r.*)
 .rodata        0x00000000008034a8      0x272 obj/default/hello_world.o
 *fill*         0x000000000080371a        0x2 
 .rodata        0x000000000080371c       0x25 ../nios_vga3_bsp/\libhal_bsp.a(alt_sys_init.o)
 *fill*         0x0000000000803741        0x3 
 .rodata        0x0000000000803744        0xa ../nios_vga3_bsp/\libhal_bsp.a(alt_dev.o)
 *(.rodata1)
                0x0000000000803750                . = ALIGN (0x4)
 *fill*         0x000000000080374e        0x2 
                0x0000000000803750                PROVIDE (__ram_rodata_end, ABSOLUTE (.))
                0x00000000008034a8                PROVIDE (__flash_rodata_start, LOADADDR (.rodata))

.rwdata         0x0000000000803750      0x32c load address 0x0000000000803a7c
                0x0000000000803750                PROVIDE (__ram_rwdata_start, ABSOLUTE (.))
                0x0000000000803750                . = ALIGN (0x4)
 *(.got.plt)
 *(.got)
 *(.data1)
 *(.data .data.* .gnu.linkonce.d.*)
 .data          0x0000000000803750        0x0 ../nios_vga3_bsp//obj/HAL/src/crt0.o
 .data          0x0000000000803750       0x19 obj/default/hello_world.o
                0x0000000000803750                ball_sprite
 .data          0x0000000000803769        0x0 c:/users/nazmievairat/intelfpga_lite/18.1/nios2eds/bin/gnu/h-x86_64-mingw32/bin/../lib/gcc/nios2-elf/5.3.0/mhw-mulx\libgcc.a(lib2-divmod.o)
 .data          0x0000000000803769        0x0 c:/users/nazmievairat/intelfpga_lite/18.1/nios2eds/bin/gnu/h-x86_64-mingw32/bin/../lib/gcc/nios2-elf/5.3.0/../../../../../H-x86_64-mingw32/nios2-elf/lib/mhw-mulx\libsmallc.a(lib_a-rand.o)
 .data          0x0000000000803769        0x0 ../nios_vga3_bsp/\libhal_bsp.a(alt_load.o)
 .data          0x0000000000803769        0x0 ../nios_vga3_bsp/\libhal_bsp.a(alt_main.o)
 *fill*         0x0000000000803769        0x3 
 .data          0x000000000080376c       0x5c ../nios_vga3_bsp/\libhal_bsp.a(alt_sys_init.o)
 .data          0x00000000008037c8        0x0 ../nios_vga3_bsp/\libhal_bsp.a(altera_avalon_sgdma.o)
 .data          0x00000000008037c8        0x0 ../nios_vga3_bsp/\libhal_bsp.a(altera_up_avalon_parallel_port.o)
 .data          0x00000000008037c8        0x0 ../nios_vga3_bsp/\libhal_bsp.a(alt_close.o)
 .data          0x00000000008037c8        0x0 ../nios_vga3_bsp/\libhal_bsp.a(alt_dcache_flush.o)
 .data          0x00000000008037c8        0x0 ../nios_vga3_bsp/\libhal_bsp.a(alt_dcache_flush_all.o)
 .data          0x00000000008037c8      0x1a8 ../nios_vga3_bsp/\libhal_bsp.a(alt_dev.o)
                0x00000000008037c8                alt_dev_null
                0x00000000008037f0                alt_fd_list
 .data          0x0000000000803970        0x0 ../nios_vga3_bsp/\libhal_bsp.a(alt_dev_llist_insert.o)
 .data          0x0000000000803970        0x0 ../nios_vga3_bsp/\libhal_bsp.a(alt_errno.o)
 .data          0x0000000000803970        0x0 ../nios_vga3_bsp/\libhal_bsp.a(alt_find_dev.o)
 .data          0x0000000000803970        0x0 ../nios_vga3_bsp/\libhal_bsp.a(alt_icache_flush_all.o)
 .data          0x0000000000803970        0x0 ../nios_vga3_bsp/\libhal_bsp.a(alt_iic.o)
 .data          0x0000000000803970        0x0 ../nios_vga3_bsp/\libhal_bsp.a(alt_iic_isr_register.o)
 .data          0x0000000000803970        0x0 ../nios_vga3_bsp/\libhal_bsp.a(alt_irq_entry.o)
 .data          0x0000000000803970        0x0 ../nios_vga3_bsp/\libhal_bsp.a(alt_irq_handler.o)
 .data          0x0000000000803970        0x0 ../nios_vga3_bsp/\libhal_bsp.a(alt_irq_vars.o)
 .data          0x0000000000803970        0x0 ../nios_vga3_bsp/\libhal_bsp.a(alt_release_fd.o)
 .data          0x0000000000803970        0x0 ../nios_vga3_bsp/\libhal_bsp.a(altera_nios2_gen2_irq.o)
 .data          0x0000000000803970        0x0 ../nios_vga3_bsp/\libhal_bsp.a(alt_exception_entry.o)
 .data          0x0000000000803970        0x0 ../nios_vga3_bsp/\libhal_bsp.a(alt_icache_flush.o)
 .data          0x0000000000803970        0x0 ../nios_vga3_bsp/\libhal_bsp.a(alt_instruction_exception_entry.o)
 .data          0x0000000000803970        0x0 c:/users/nazmievairat/intelfpga_lite/18.1/nios2eds/bin/gnu/h-x86_64-mingw32/bin/../lib/gcc/nios2-elf/5.3.0/../../../../../H-x86_64-mingw32/nios2-elf/lib/mhw-mulx\libsmallc.a(lib_a-exit.o)
 .data          0x0000000000803970        0x0 c:/users/nazmievairat/intelfpga_lite/18.1/nios2eds/bin/gnu/h-x86_64-mingw32/bin/../lib/gcc/nios2-elf/5.3.0/../../../../../H-x86_64-mingw32/nios2-elf/lib/mhw-mulx\libsmallc.a(lib_a-int_errno.o)
 .data          0x0000000000803970        0x0 c:/users/nazmievairat/intelfpga_lite/18.1/nios2eds/bin/gnu/h-x86_64-mingw32/bin/../lib/gcc/nios2-elf/5.3.0/../../../../../H-x86_64-mingw32/nios2-elf/lib/mhw-mulx\libsmallc.a(lib_a-memcmp.o)
 .data          0x0000000000803970        0x0 c:/users/nazmievairat/intelfpga_lite/18.1/nios2eds/bin/gnu/h-x86_64-mingw32/bin/../lib/gcc/nios2-elf/5.3.0/../../../../../H-x86_64-mingw32/nios2-elf/lib/mhw-mulx\libsmallc.a(lib_a-strlen.o)
 .data          0x0000000000803970        0x0 c:/users/nazmievairat/intelfpga_lite/18.1/nios2eds/bin/gnu/h-x86_64-mingw32/bin/../lib/gcc/nios2-elf/5.3.0/../../../../../H-x86_64-mingw32/nios2-elf/lib/mhw-mulx\libsmallc.a(lib_a-__call_atexit.o)
 .data          0x0000000000803970        0x0 c:/users/nazmievairat/intelfpga_lite/18.1/nios2eds/bin/gnu/h-x86_64-mingw32/bin/../lib/gcc/nios2-elf/5.3.0/../../../../../H-x86_64-mingw32/nios2-elf/lib/mhw-mulx\libsmallc.a(lib_a-impure.o)
 .data.impure_data
                0x0000000000803970       0xe0 c:/users/nazmievairat/intelfpga_lite/18.1/nios2eds/bin/gnu/h-x86_64-mingw32/bin/../lib/gcc/nios2-elf/5.3.0/../../../../../H-x86_64-mingw32/nios2-elf/lib/mhw-mulx\libsmallc.a(lib_a-impure.o)
 .data          0x0000000000803a50        0x0 ../nios_vga3_bsp/\libhal_bsp.a(alt_exit.o)
                0x000000000080ba50                _gp = ABSOLUTE ((. + 0x8000))
                [!provide]                        PROVIDE (gp, _gp)
 *(.rwdata .rwdata.*)
 *(.sdata .sdata.* .gnu.linkonce.s.*)
 .sdata         0x0000000000803a50        0x8 ../nios_vga3_bsp/\libhal_bsp.a(altera_avalon_sgdma.o)
                0x0000000000803a50                alt_sgdma_list
 .sdata         0x0000000000803a58       0x14 ../nios_vga3_bsp/\libhal_bsp.a(alt_dev.o)
                0x0000000000803a58                alt_fs_list
                0x0000000000803a60                alt_dev_list
                0x0000000000803a68                alt_max_fd
 .sdata         0x0000000000803a6c        0x4 ../nios_vga3_bsp/\libhal_bsp.a(alt_errno.o)
                0x0000000000803a6c                alt_errno
 .sdata         0x0000000000803a70        0x4 ../nios_vga3_bsp/\libhal_bsp.a(alt_irq_vars.o)
                0x0000000000803a70                alt_priority_mask
 .sdata._global_impure_ptr
                0x0000000000803a74        0x4 c:/users/nazmievairat/intelfpga_lite/18.1/nios2eds/bin/gnu/h-x86_64-mingw32/bin/../lib/gcc/nios2-elf/5.3.0/../../../../../H-x86_64-mingw32/nios2-elf/lib/mhw-mulx\libsmallc.a(lib_a-impure.o)
                0x0000000000803a74                _global_impure_ptr
 .sdata._impure_ptr
                0x0000000000803a78        0x4 c:/users/nazmievairat/intelfpga_lite/18.1/nios2eds/bin/gnu/h-x86_64-mingw32/bin/../lib/gcc/nios2-elf/5.3.0/../../../../../H-x86_64-mingw32/nios2-elf/lib/mhw-mulx\libsmallc.a(lib_a-impure.o)
                0x0000000000803a78                _impure_ptr
 *(.sdata2 .sdata2.* .gnu.linkonce.s2.*)
                0x0000000000803a7c                . = ALIGN (0x4)
                0x0000000000803a7c                _edata = ABSOLUTE (.)
                [!provide]                        PROVIDE (edata, ABSOLUTE (.))
                0x0000000000803a7c                PROVIDE (__ram_rwdata_end, ABSOLUTE (.))
                0x0000000000803a7c                PROVIDE (__flash_rwdata_start, LOADADDR (.rwdata))

.bss            0x0000000000803da8      0x1f4
                0x0000000000803da8                __bss_start = ABSOLUTE (.)
                [!provide]                        PROVIDE (__sbss_start, ABSOLUTE (.))
                [!provide]                        PROVIDE (___sbss_start, ABSOLUTE (.))
 *(.dynsbss)
 *(.sbss .sbss.* .gnu.linkonce.sb.*)
 .sbss          0x0000000000803da8        0x1 obj/default/hello_world.o
                0x0000000000803da8                dma_chain_len
 *fill*         0x0000000000803da9        0x3 
 .sbss          0x0000000000803dac       0x10 obj/default/hello_world.o
                0x0000000000803dac                dma
                0x0000000000803db0                fb
                0x0000000000803db4                frame
                0x0000000000803db8                keys
 .sbss._randbits
                0x0000000000803dbc        0x8 c:/users/nazmievairat/intelfpga_lite/18.1/nios2eds/bin/gnu/h-x86_64-mingw32/bin/../lib/gcc/nios2-elf/5.3.0/../../../../../H-x86_64-mingw32/nios2-elf/lib/mhw-mulx\libsmallc.a(lib_a-rand.o)
 .sbss          0x0000000000803dc4        0xc ../nios_vga3_bsp/\libhal_bsp.a(alt_main.o)
                0x0000000000803dc4                alt_argc
                0x0000000000803dc8                alt_argv
                0x0000000000803dcc                alt_envp
 .sbss          0x0000000000803dd0        0x4 ../nios_vga3_bsp/\libhal_bsp.a(alt_irq_vars.o)
                0x0000000000803dd0                alt_irq_active
 .sbss          0x0000000000803dd4        0x4 ../nios_vga3_bsp/\libhal_bsp.a(alt_instruction_exception_entry.o)
                0x0000000000803dd4                alt_instruction_exception_handler
 .sbss          0x0000000000803dd8        0x4 c:/users/nazmievairat/intelfpga_lite/18.1/nios2eds/bin/gnu/h-x86_64-mingw32/bin/../lib/gcc/nios2-elf/5.3.0/../../../../../H-x86_64-mingw32/nios2-elf/lib/mhw-mulx\libsmallc.a(lib_a-int_errno.o)
                0x0000000000803dd8                errno
 *(.sbss2 .sbss2.* .gnu.linkonce.sb2.*)
 *(.scommon)
                [!provide]                        PROVIDE (__sbss_end, ABSOLUTE (.))
                [!provide]                        PROVIDE (___sbss_end, ABSOLUTE (.))
 *(.dynbss)
 *(.bss .bss.* .gnu.linkonce.b.*)
 .bss           0x0000000000803ddc        0x0 ../nios_vga3_bsp//obj/HAL/src/crt0.o
 .bss           0x0000000000803ddc        0x0 obj/default/hello_world.o
 .bss           0x0000000000803ddc        0x0 c:/users/nazmievairat/intelfpga_lite/18.1/nios2eds/bin/gnu/h-x86_64-mingw32/bin/../lib/gcc/nios2-elf/5.3.0/mhw-mulx\libgcc.a(lib2-divmod.o)
 .bss           0x0000000000803ddc        0x0 c:/users/nazmievairat/intelfpga_lite/18.1/nios2eds/bin/gnu/h-x86_64-mingw32/bin/../lib/gcc/nios2-elf/5.3.0/../../../../../H-x86_64-mingw32/nios2-elf/lib/mhw-mulx\libsmallc.a(lib_a-rand.o)
 .bss           0x0000000000803ddc        0x0 ../nios_vga3_bsp/\libhal_bsp.a(alt_load.o)
 .bss           0x0000000000803ddc        0x0 ../nios_vga3_bsp/\libhal_bsp.a(alt_main.o)
 .bss           0x0000000000803ddc        0x0 ../nios_vga3_bsp/\libhal_bsp.a(alt_sys_init.o)
 .bss           0x0000000000803ddc        0x0 ../nios_vga3_bsp/\libhal_bsp.a(altera_avalon_sgdma.o)
 .bss           0x0000000000803ddc        0x0 ../nios_vga3_bsp/\libhal_bsp.a(altera_up_avalon_parallel_port.o)
 .bss           0x0000000000803ddc        0x0 ../nios_vga3_bsp/\libhal_bsp.a(alt_close.o)
 .bss           0x0000000000803ddc        0x0 ../nios_vga3_bsp/\libhal_bsp.a(alt_dcache_flush.o)
 .bss           0x0000000000803ddc        0x0 ../nios_vga3_bsp/\libhal_bsp.a(alt_dcache_flush_all.o)
 .bss           0x0000000000803ddc        0x0 ../nios_vga3_bsp/\libhal_bsp.a(alt_dev.o)
 .bss           0x0000000000803ddc        0x0 ../nios_vga3_bsp/\libhal_bsp.a(alt_dev_llist_insert.o)
 .bss           0x0000000000803ddc        0x0 ../nios_vga3_bsp/\libhal_bsp.a(alt_errno.o)
 .bss           0x0000000000803ddc        0x0 ../nios_vga3_bsp/\libhal_bsp.a(alt_find_dev.o)
 .bss           0x0000000000803ddc        0x0 ../nios_vga3_bsp/\libhal_bsp.a(alt_icache_flush_all.o)
 .bss           0x0000000000803ddc        0x0 ../nios_vga3_bsp/\libhal_bsp.a(alt_iic.o)
 .bss           0x0000000000803ddc        0x0 ../nios_vga3_bsp/\libhal_bsp.a(alt_iic_isr_register.o)
 .bss           0x0000000000803ddc        0x0 ../nios_vga3_bsp/\libhal_bsp.a(alt_irq_entry.o)
 .bss           0x0000000000803ddc        0x0 ../nios_vga3_bsp/\libhal_bsp.a(alt_irq_handler.o)
 .bss           0x0000000000803ddc        0x0 ../nios_vga3_bsp/\libhal_bsp.a(alt_irq_vars.o)
 .bss           0x0000000000803ddc        0x0 ../nios_vga3_bsp/\libhal_bsp.a(alt_release_fd.o)
 .bss           0x0000000000803ddc        0x0 ../nios_vga3_bsp/\libhal_bsp.a(altera_nios2_gen2_irq.o)
 .bss           0x0000000000803ddc        0x0 ../nios_vga3_bsp/\libhal_bsp.a(alt_exception_entry.o)
 .bss           0x0000000000803ddc        0x0 ../nios_vga3_bsp/\libhal_bsp.a(alt_icache_flush.o)
 .bss           0x0000000000803ddc        0x0 ../nios_vga3_bsp/\libhal_bsp.a(alt_instruction_exception_entry.o)
 .bss           0x0000000000803ddc        0x0 c:/users/nazmievairat/intelfpga_lite/18.1/nios2eds/bin/gnu/h-x86_64-mingw32/bin/../lib/gcc/nios2-elf/5.3.0/../../../../../H-x86_64-mingw32/nios2-elf/lib/mhw-mulx\libsmallc.a(lib_a-exit.o)
 .bss           0x0000000000803ddc        0x0 c:/users/nazmievairat/intelfpga_lite/18.1/nios2eds/bin/gnu/h-x86_64-mingw32/bin/../lib/gcc/nios2-elf/5.3.0/../../../../../H-x86_64-mingw32/nios2-elf/lib/mhw-mulx\libsmallc.a(lib_a-int_errno.o)
 .bss           0x0000000000803ddc        0x0 c:/users/nazmievairat/intelfpga_lite/18.1/nios2eds/bin/gnu/h-x86_64-mingw32/bin/../lib/gcc/nios2-elf/5.3.0/../../../../../H-x86_64-mingw32/nios2-elf/lib/mhw-mulx\libsmallc.a(lib_a-memcmp.o)
 .bss           0x0000000000803ddc        0x0 c:/users/nazmievairat/intelfpga_lite/18.1/nios2eds/bin/gnu/h-x86_64-mingw32/bin/../lib/gcc/nios2-elf/5.3.0/../../../../../H-x86_64-mingw32/nios2-elf/lib/mhw-mulx\libsmallc.a(lib_a-strlen.o)
 .bss           0x0000000000803ddc        0x0 c:/users/nazmievairat/intelfpga_lite/18.1/nios2eds/bin/gnu/h-x86_64-mingw32/bin/../lib/gcc/nios2-elf/5.3.0/../../../../../H-x86_64-mingw32/nios2-elf/lib/mhw-mulx\libsmallc.a(lib_a-__call_atexit.o)
 .bss           0x0000000000803ddc        0x0 c:/users/nazmievairat/intelfpga_lite/18.1/nios2eds/bin/gnu/h-x86_64-mingw32/bin/../lib/gcc/nios2-elf/5.3.0/../../../../../H-x86_64-mingw32/nios2-elf/lib/mhw-mulx\libsmallc.a(lib_a-impure.o)
 .bss           0x0000000000803ddc        0x0 ../nios_vga3_bsp/\libhal_bsp.a(alt_exit.o)
 *(COMMON)
 COMMON         0x0000000000803ddc       0xc0 obj/default/hello_world.o
                0x0000000000803ddc                ds
 COMMON         0x0000000000803e9c      0x100 ../nios_vga3_bsp/\libhal_bsp.a(alt_irq_handler.o)
                0x0000000000803e9c                alt_irq
                0x0000000000803f9c                . = ALIGN (0x4)
                0x0000000000803f9c                __bss_end = ABSOLUTE (.)

.sdram_controller_0
                0x0000000000000000        0x0 load address 0x0000000000803f9c
                [!provide]                        PROVIDE (_alt_partition_sdram_controller_0_start, ABSOLUTE (.))
 *(.sdram_controller_0 .sdram_controller_0. sdram_controller_0.*)
                0x0000000000000000                . = ALIGN (0x4)
                [!provide]                        PROVIDE (_alt_partition_sdram_controller_0_end, ABSOLUTE (.))
                [!provide]                        PROVIDE (_alt_partition_sdram_controller_0_load_addr, LOADADDR (.sdram_controller_0))

.onchip_memory2_0
                0x0000000000803f9c        0x0
                [!provide]                        PROVIDE (_alt_partition_onchip_memory2_0_start, ABSOLUTE (.))
 *(.onchip_memory2_0 .onchip_memory2_0. onchip_memory2_0.*)
                0x0000000000803f9c                . = ALIGN (0x4)
                [!provide]                        PROVIDE (_alt_partition_onchip_memory2_0_end, ABSOLUTE (.))
                0x0000000000803f9c                _end = ABSOLUTE (.)
                0x0000000000803f9c                end = ABSOLUTE (.)
                0x0000000000803f9c                __alt_stack_base = ABSOLUTE (.)
                [!provide]                        PROVIDE (_alt_partition_onchip_memory2_0_load_addr, LOADADDR (.onchip_memory2_0))

.stab
 *(.stab)

.stabstr
 *(.stabstr)

.stab.excl
 *(.stab.excl)

.stab.exclstr
 *(.stab.exclstr)

.stab.index
 *(.stab.index)

.stab.indexstr
 *(.stab.indexstr)

.comment        0x0000000000000000       0x23
 *(.comment)
 .comment       0x0000000000000000       0x23 obj/default/hello_world.o
                                         0x24 (size before relaxing)
 .comment       0x0000000000000023       0x24 c:/users/nazmievairat/intelfpga_lite/18.1/nios2eds/bin/gnu/h-x86_64-mingw32/bin/../lib/gcc/nios2-elf/5.3.0/mhw-mulx\libgcc.a(lib2-divmod.o)
 .comment       0x0000000000000023       0x24 c:/users/nazmievairat/intelfpga_lite/18.1/nios2eds/bin/gnu/h-x86_64-mingw32/bin/../lib/gcc/nios2-elf/5.3.0/../../../../../H-x86_64-mingw32/nios2-elf/lib/mhw-mulx\libsmallc.a(lib_a-rand.o)
 .comment       0x0000000000000023       0x24 ../nios_vga3_bsp/\libhal_bsp.a(alt_load.o)
 .comment       0x0000000000000023       0x24 ../nios_vga3_bsp/\libhal_bsp.a(alt_main.o)
 .comment       0x0000000000000023       0x24 ../nios_vga3_bsp/\libhal_bsp.a(alt_sys_init.o)
 .comment       0x0000000000000023       0x24 ../nios_vga3_bsp/\libhal_bsp.a(altera_avalon_sgdma.o)
 .comment       0x0000000000000023       0x24 ../nios_vga3_bsp/\libhal_bsp.a(altera_up_avalon_parallel_port.o)
 .comment       0x0000000000000023       0x24 ../nios_vga3_bsp/\libhal_bsp.a(alt_close.o)
 .comment       0x0000000000000023       0x24 ../nios_vga3_bsp/\libhal_bsp.a(alt_dcache_flush.o)
 .comment       0x0000000000000023       0x24 ../nios_vga3_bsp/\libhal_bsp.a(alt_dcache_flush_all.o)
 .comment       0x0000000000000023       0x24 ../nios_vga3_bsp/\libhal_bsp.a(alt_dev.o)
 .comment       0x0000000000000023       0x24 ../nios_vga3_bsp/\libhal_bsp.a(alt_dev_llist_insert.o)
 .comment       0x0000000000000023       0x24 ../nios_vga3_bsp/\libhal_bsp.a(alt_errno.o)
 .comment       0x0000000000000023       0x24 ../nios_vga3_bsp/\libhal_bsp.a(alt_find_dev.o)
 .comment       0x0000000000000023       0x24 ../nios_vga3_bsp/\libhal_bsp.a(alt_icache_flush_all.o)
 .comment       0x0000000000000023       0x24 ../nios_vga3_bsp/\libhal_bsp.a(alt_iic.o)
 .comment       0x0000000000000023       0x24 ../nios_vga3_bsp/\libhal_bsp.a(alt_iic_isr_register.o)
 .comment       0x0000000000000023       0x24 ../nios_vga3_bsp/\libhal_bsp.a(alt_irq_handler.o)
 .comment       0x0000000000000023       0x24 ../nios_vga3_bsp/\libhal_bsp.a(alt_irq_vars.o)
 .comment       0x0000000000000023       0x24 ../nios_vga3_bsp/\libhal_bsp.a(alt_release_fd.o)
 .comment       0x0000000000000023       0x24 ../nios_vga3_bsp/\libhal_bsp.a(altera_nios2_gen2_irq.o)
 .comment       0x0000000000000023       0x24 ../nios_vga3_bsp/\libhal_bsp.a(alt_icache_flush.o)
 .comment       0x0000000000000023       0x24 ../nios_vga3_bsp/\libhal_bsp.a(alt_instruction_exception_entry.o)
 .comment       0x0000000000000023       0x24 c:/users/nazmievairat/intelfpga_lite/18.1/nios2eds/bin/gnu/h-x86_64-mingw32/bin/../lib/gcc/nios2-elf/5.3.0/../../../../../H-x86_64-mingw32/nios2-elf/lib/mhw-mulx\libsmallc.a(lib_a-exit.o)
 .comment       0x0000000000000023       0x24 c:/users/nazmievairat/intelfpga_lite/18.1/nios2eds/bin/gnu/h-x86_64-mingw32/bin/../lib/gcc/nios2-elf/5.3.0/../../../../../H-x86_64-mingw32/nios2-elf/lib/mhw-mulx\libsmallc.a(lib_a-int_errno.o)
 .comment       0x0000000000000023       0x24 c:/users/nazmievairat/intelfpga_lite/18.1/nios2eds/bin/gnu/h-x86_64-mingw32/bin/../lib/gcc/nios2-elf/5.3.0/../../../../../H-x86_64-mingw32/nios2-elf/lib/mhw-mulx\libsmallc.a(lib_a-memcmp.o)
 .comment       0x0000000000000023       0x24 c:/users/nazmievairat/intelfpga_lite/18.1/nios2eds/bin/gnu/h-x86_64-mingw32/bin/../lib/gcc/nios2-elf/5.3.0/../../../../../H-x86_64-mingw32/nios2-elf/lib/mhw-mulx\libsmallc.a(lib_a-strlen.o)
 .comment       0x0000000000000023       0x24 c:/users/nazmievairat/intelfpga_lite/18.1/nios2eds/bin/gnu/h-x86_64-mingw32/bin/../lib/gcc/nios2-elf/5.3.0/../../../../../H-x86_64-mingw32/nios2-elf/lib/mhw-mulx\libsmallc.a(lib_a-__call_atexit.o)
 .comment       0x0000000000000023       0x24 c:/users/nazmievairat/intelfpga_lite/18.1/nios2eds/bin/gnu/h-x86_64-mingw32/bin/../lib/gcc/nios2-elf/5.3.0/../../../../../H-x86_64-mingw32/nios2-elf/lib/mhw-mulx\libsmallc.a(lib_a-impure.o)
 .comment       0x0000000000000023       0x24 ../nios_vga3_bsp/\libhal_bsp.a(alt_exit.o)

.debug
 *(.debug)

.line
 *(.line)

.debug_srcinfo
 *(.debug_srcinfo)

.debug_sfnames
 *(.debug_sfnames)

.debug_aranges  0x0000000000000000      0x460
 *(.debug_aranges)
 .debug_aranges
                0x0000000000000000       0x28 ../nios_vga3_bsp//obj/HAL/src/crt0.o
 .debug_aranges
                0x0000000000000028       0x20 obj/default/hello_world.o
 .debug_aranges
                0x0000000000000048       0x20 c:/users/nazmievairat/intelfpga_lite/18.1/nios2eds/bin/gnu/h-x86_64-mingw32/bin/../lib/gcc/nios2-elf/5.3.0/mhw-mulx\libgcc.a(lib2-divmod.o)
 .debug_aranges
                0x0000000000000068       0x28 c:/users/nazmievairat/intelfpga_lite/18.1/nios2eds/bin/gnu/h-x86_64-mingw32/bin/../lib/gcc/nios2-elf/5.3.0/../../../../../H-x86_64-mingw32/nios2-elf/lib/mhw-mulx\libsmallc.a(lib_a-rand.o)
 .debug_aranges
                0x0000000000000090       0x20 ../nios_vga3_bsp/\libhal_bsp.a(alt_load.o)
 .debug_aranges
                0x00000000000000b0       0x20 ../nios_vga3_bsp/\libhal_bsp.a(alt_main.o)
 .debug_aranges
                0x00000000000000d0       0x20 ../nios_vga3_bsp/\libhal_bsp.a(alt_sys_init.o)
 .debug_aranges
                0x00000000000000f0       0x20 ../nios_vga3_bsp/\libhal_bsp.a(altera_avalon_sgdma.o)
 .debug_aranges
                0x0000000000000110       0x20 ../nios_vga3_bsp/\libhal_bsp.a(altera_up_avalon_parallel_port.o)
 .debug_aranges
                0x0000000000000130       0x20 ../nios_vga3_bsp/\libhal_bsp.a(alt_close.o)
 .debug_aranges
                0x0000000000000150       0x20 ../nios_vga3_bsp/\libhal_bsp.a(alt_dcache_flush.o)
 .debug_aranges
                0x0000000000000170       0x20 ../nios_vga3_bsp/\libhal_bsp.a(alt_dcache_flush_all.o)
 .debug_aranges
                0x0000000000000190       0x20 ../nios_vga3_bsp/\libhal_bsp.a(alt_dev.o)
 .debug_aranges
                0x00000000000001b0       0x20 ../nios_vga3_bsp/\libhal_bsp.a(alt_dev_llist_insert.o)
 .debug_aranges
                0x00000000000001d0       0x18 ../nios_vga3_bsp/\libhal_bsp.a(alt_errno.o)
 .debug_aranges
                0x00000000000001e8       0x20 ../nios_vga3_bsp/\libhal_bsp.a(alt_find_dev.o)
 .debug_aranges
                0x0000000000000208       0x20 ../nios_vga3_bsp/\libhal_bsp.a(alt_icache_flush_all.o)
 .debug_aranges
                0x0000000000000228       0x20 ../nios_vga3_bsp/\libhal_bsp.a(alt_iic.o)
 .debug_aranges
                0x0000000000000248       0x20 ../nios_vga3_bsp/\libhal_bsp.a(alt_iic_isr_register.o)
 .debug_aranges
                0x0000000000000268       0x30 ../nios_vga3_bsp/\libhal_bsp.a(alt_irq_entry.o)
 .debug_aranges
                0x0000000000000298       0x20 ../nios_vga3_bsp/\libhal_bsp.a(alt_irq_handler.o)
 .debug_aranges
                0x00000000000002b8       0x18 ../nios_vga3_bsp/\libhal_bsp.a(alt_irq_vars.o)
 .debug_aranges
                0x00000000000002d0       0x20 ../nios_vga3_bsp/\libhal_bsp.a(alt_release_fd.o)
 .debug_aranges
                0x00000000000002f0       0x20 ../nios_vga3_bsp/\libhal_bsp.a(altera_nios2_gen2_irq.o)
 .debug_aranges
                0x0000000000000310       0x38 ../nios_vga3_bsp/\libhal_bsp.a(alt_exception_entry.o)
 .debug_aranges
                0x0000000000000348       0x20 ../nios_vga3_bsp/\libhal_bsp.a(alt_icache_flush.o)
 .debug_aranges
                0x0000000000000368       0x28 ../nios_vga3_bsp/\libhal_bsp.a(alt_instruction_exception_entry.o)
 .debug_aranges
                0x0000000000000390       0x20 c:/users/nazmievairat/intelfpga_lite/18.1/nios2eds/bin/gnu/h-x86_64-mingw32/bin/../lib/gcc/nios2-elf/5.3.0/../../../../../H-x86_64-mingw32/nios2-elf/lib/mhw-mulx\libsmallc.a(lib_a-exit.o)
 .debug_aranges
                0x00000000000003b0       0x18 c:/users/nazmievairat/intelfpga_lite/18.1/nios2eds/bin/gnu/h-x86_64-mingw32/bin/../lib/gcc/nios2-elf/5.3.0/../../../../../H-x86_64-mingw32/nios2-elf/lib/mhw-mulx\libsmallc.a(lib_a-int_errno.o)
 .debug_aranges
                0x00000000000003c8       0x20 c:/users/nazmievairat/intelfpga_lite/18.1/nios2eds/bin/gnu/h-x86_64-mingw32/bin/../lib/gcc/nios2-elf/5.3.0/../../../../../H-x86_64-mingw32/nios2-elf/lib/mhw-mulx\libsmallc.a(lib_a-memcmp.o)
 .debug_aranges
                0x00000000000003e8       0x20 c:/users/nazmievairat/intelfpga_lite/18.1/nios2eds/bin/gnu/h-x86_64-mingw32/bin/../lib/gcc/nios2-elf/5.3.0/../../../../../H-x86_64-mingw32/nios2-elf/lib/mhw-mulx\libsmallc.a(lib_a-strlen.o)
 .debug_aranges
                0x0000000000000408       0x20 c:/users/nazmievairat/intelfpga_lite/18.1/nios2eds/bin/gnu/h-x86_64-mingw32/bin/../lib/gcc/nios2-elf/5.3.0/../../../../../H-x86_64-mingw32/nios2-elf/lib/mhw-mulx\libsmallc.a(lib_a-__call_atexit.o)
 .debug_aranges
                0x0000000000000428       0x18 c:/users/nazmievairat/intelfpga_lite/18.1/nios2eds/bin/gnu/h-x86_64-mingw32/bin/../lib/gcc/nios2-elf/5.3.0/../../../../../H-x86_64-mingw32/nios2-elf/lib/mhw-mulx\libsmallc.a(lib_a-impure.o)
 .debug_aranges
                0x0000000000000440       0x20 ../nios_vga3_bsp/\libhal_bsp.a(alt_exit.o)

.debug_pubnames
 *(.debug_pubnames)

.debug_info     0x0000000000000000     0x56a1
 *(.debug_info .gnu.linkonce.wi.*)
 .debug_info    0x0000000000000000       0xa4 ../nios_vga3_bsp//obj/HAL/src/crt0.o
 .debug_info    0x00000000000000a4      0xa48 obj/default/hello_world.o
 .debug_info    0x0000000000000aec      0x2c6 c:/users/nazmievairat/intelfpga_lite/18.1/nios2eds/bin/gnu/h-x86_64-mingw32/bin/../lib/gcc/nios2-elf/5.3.0/mhw-mulx\libgcc.a(lib2-divmod.o)
 .debug_info    0x0000000000000db2      0x5ec c:/users/nazmievairat/intelfpga_lite/18.1/nios2eds/bin/gnu/h-x86_64-mingw32/bin/../lib/gcc/nios2-elf/5.3.0/../../../../../H-x86_64-mingw32/nios2-elf/lib/mhw-mulx\libsmallc.a(lib_a-rand.o)
 .debug_info    0x000000000000139e      0x145 ../nios_vga3_bsp/\libhal_bsp.a(alt_load.o)
 .debug_info    0x00000000000014e3      0x131 ../nios_vga3_bsp/\libhal_bsp.a(alt_main.o)
 .debug_info    0x0000000000001614      0x529 ../nios_vga3_bsp/\libhal_bsp.a(alt_sys_init.o)
 .debug_info    0x0000000000001b3d      0xa82 ../nios_vga3_bsp/\libhal_bsp.a(altera_avalon_sgdma.o)
 .debug_info    0x00000000000025bf      0x31e ../nios_vga3_bsp/\libhal_bsp.a(altera_up_avalon_parallel_port.o)
 .debug_info    0x00000000000028dd      0x321 ../nios_vga3_bsp/\libhal_bsp.a(alt_close.o)
 .debug_info    0x0000000000002bfe       0xbc ../nios_vga3_bsp/\libhal_bsp.a(alt_dcache_flush.o)
 .debug_info    0x0000000000002cba       0x92 ../nios_vga3_bsp/\libhal_bsp.a(alt_dcache_flush_all.o)
 .debug_info    0x0000000000002d4c      0x49c ../nios_vga3_bsp/\libhal_bsp.a(alt_dev.o)
 .debug_info    0x00000000000031e8      0x1a9 ../nios_vga3_bsp/\libhal_bsp.a(alt_dev_llist_insert.o)
 .debug_info    0x0000000000003391       0xa6 ../nios_vga3_bsp/\libhal_bsp.a(alt_errno.o)
 .debug_info    0x0000000000003437      0x2e9 ../nios_vga3_bsp/\libhal_bsp.a(alt_find_dev.o)
 .debug_info    0x0000000000003720       0x92 ../nios_vga3_bsp/\libhal_bsp.a(alt_icache_flush_all.o)
 .debug_info    0x00000000000037b2      0x350 ../nios_vga3_bsp/\libhal_bsp.a(alt_iic.o)
 .debug_info    0x0000000000003b02      0x1ef ../nios_vga3_bsp/\libhal_bsp.a(alt_iic_isr_register.o)
 .debug_info    0x0000000000003cf1       0xad ../nios_vga3_bsp/\libhal_bsp.a(alt_irq_entry.o)
 .debug_info    0x0000000000003d9e      0x187 ../nios_vga3_bsp/\libhal_bsp.a(alt_irq_handler.o)
 .debug_info    0x0000000000003f25       0x88 ../nios_vga3_bsp/\libhal_bsp.a(alt_irq_vars.o)
 .debug_info    0x0000000000003fad      0x2b0 ../nios_vga3_bsp/\libhal_bsp.a(alt_release_fd.o)
 .debug_info    0x000000000000425d       0x92 ../nios_vga3_bsp/\libhal_bsp.a(altera_nios2_gen2_irq.o)
 .debug_info    0x00000000000042ef       0xb3 ../nios_vga3_bsp/\libhal_bsp.a(alt_exception_entry.o)
 .debug_info    0x00000000000043a2       0xdc ../nios_vga3_bsp/\libhal_bsp.a(alt_icache_flush.o)
 .debug_info    0x000000000000447e      0x1e7 ../nios_vga3_bsp/\libhal_bsp.a(alt_instruction_exception_entry.o)
 .debug_info    0x0000000000004665       0xe5 c:/users/nazmievairat/intelfpga_lite/18.1/nios2eds/bin/gnu/h-x86_64-mingw32/bin/../lib/gcc/nios2-elf/5.3.0/../../../../../H-x86_64-mingw32/nios2-elf/lib/mhw-mulx\libsmallc.a(lib_a-exit.o)
 .debug_info    0x000000000000474a       0x8a c:/users/nazmievairat/intelfpga_lite/18.1/nios2eds/bin/gnu/h-x86_64-mingw32/bin/../lib/gcc/nios2-elf/5.3.0/../../../../../H-x86_64-mingw32/nios2-elf/lib/mhw-mulx\libsmallc.a(lib_a-int_errno.o)
 .debug_info    0x00000000000047d4       0xf4 c:/users/nazmievairat/intelfpga_lite/18.1/nios2eds/bin/gnu/h-x86_64-mingw32/bin/../lib/gcc/nios2-elf/5.3.0/../../../../../H-x86_64-mingw32/nios2-elf/lib/mhw-mulx\libsmallc.a(lib_a-memcmp.o)
 .debug_info    0x00000000000048c8       0xc9 c:/users/nazmievairat/intelfpga_lite/18.1/nios2eds/bin/gnu/h-x86_64-mingw32/bin/../lib/gcc/nios2-elf/5.3.0/../../../../../H-x86_64-mingw32/nios2-elf/lib/mhw-mulx\libsmallc.a(lib_a-strlen.o)
 .debug_info    0x0000000000004991      0x67b c:/users/nazmievairat/intelfpga_lite/18.1/nios2eds/bin/gnu/h-x86_64-mingw32/bin/../lib/gcc/nios2-elf/5.3.0/../../../../../H-x86_64-mingw32/nios2-elf/lib/mhw-mulx\libsmallc.a(lib_a-__call_atexit.o)
 .debug_info    0x000000000000500c      0x5a9 c:/users/nazmievairat/intelfpga_lite/18.1/nios2eds/bin/gnu/h-x86_64-mingw32/bin/../lib/gcc/nios2-elf/5.3.0/../../../../../H-x86_64-mingw32/nios2-elf/lib/mhw-mulx\libsmallc.a(lib_a-impure.o)
 .debug_info    0x00000000000055b5       0xec ../nios_vga3_bsp/\libhal_bsp.a(alt_exit.o)

.debug_abbrev   0x0000000000000000     0x1cec
 *(.debug_abbrev)
 .debug_abbrev  0x0000000000000000       0x12 ../nios_vga3_bsp//obj/HAL/src/crt0.o
 .debug_abbrev  0x0000000000000012      0x241 obj/default/hello_world.o
 .debug_abbrev  0x0000000000000253      0x10e c:/users/nazmievairat/intelfpga_lite/18.1/nios2eds/bin/gnu/h-x86_64-mingw32/bin/../lib/gcc/nios2-elf/5.3.0/mhw-mulx\libgcc.a(lib2-divmod.o)
 .debug_abbrev  0x0000000000000361      0x1a0 c:/users/nazmievairat/intelfpga_lite/18.1/nios2eds/bin/gnu/h-x86_64-mingw32/bin/../lib/gcc/nios2-elf/5.3.0/../../../../../H-x86_64-mingw32/nios2-elf/lib/mhw-mulx\libsmallc.a(lib_a-rand.o)
 .debug_abbrev  0x0000000000000501       0x9f ../nios_vga3_bsp/\libhal_bsp.a(alt_load.o)
 .debug_abbrev  0x00000000000005a0       0xba ../nios_vga3_bsp/\libhal_bsp.a(alt_main.o)
 .debug_abbrev  0x000000000000065a      0x160 ../nios_vga3_bsp/\libhal_bsp.a(alt_sys_init.o)
 .debug_abbrev  0x00000000000007ba      0x279 ../nios_vga3_bsp/\libhal_bsp.a(altera_avalon_sgdma.o)
 .debug_abbrev  0x0000000000000a33       0xe8 ../nios_vga3_bsp/\libhal_bsp.a(altera_up_avalon_parallel_port.o)
 .debug_abbrev  0x0000000000000b1b      0x11f ../nios_vga3_bsp/\libhal_bsp.a(alt_close.o)
 .debug_abbrev  0x0000000000000c3a       0x74 ../nios_vga3_bsp/\libhal_bsp.a(alt_dcache_flush.o)
 .debug_abbrev  0x0000000000000cae       0x42 ../nios_vga3_bsp/\libhal_bsp.a(alt_dcache_flush_all.o)
 .debug_abbrev  0x0000000000000cf0       0xd9 ../nios_vga3_bsp/\libhal_bsp.a(alt_dev.o)
 .debug_abbrev  0x0000000000000dc9      0x114 ../nios_vga3_bsp/\libhal_bsp.a(alt_dev_llist_insert.o)
 .debug_abbrev  0x0000000000000edd       0x5a ../nios_vga3_bsp/\libhal_bsp.a(alt_errno.o)
 .debug_abbrev  0x0000000000000f37       0xf0 ../nios_vga3_bsp/\libhal_bsp.a(alt_find_dev.o)
 .debug_abbrev  0x0000000000001027       0x42 ../nios_vga3_bsp/\libhal_bsp.a(alt_icache_flush_all.o)
 .debug_abbrev  0x0000000000001069      0x163 ../nios_vga3_bsp/\libhal_bsp.a(alt_iic.o)
 .debug_abbrev  0x00000000000011cc      0x169 ../nios_vga3_bsp/\libhal_bsp.a(alt_iic_isr_register.o)
 .debug_abbrev  0x0000000000001335       0x12 ../nios_vga3_bsp/\libhal_bsp.a(alt_irq_entry.o)
 .debug_abbrev  0x0000000000001347      0x122 ../nios_vga3_bsp/\libhal_bsp.a(alt_irq_handler.o)
 .debug_abbrev  0x0000000000001469       0x40 ../nios_vga3_bsp/\libhal_bsp.a(alt_irq_vars.o)
 .debug_abbrev  0x00000000000014a9       0xde ../nios_vga3_bsp/\libhal_bsp.a(alt_release_fd.o)
 .debug_abbrev  0x0000000000001587       0x42 ../nios_vga3_bsp/\libhal_bsp.a(altera_nios2_gen2_irq.o)
 .debug_abbrev  0x00000000000015c9       0x12 ../nios_vga3_bsp/\libhal_bsp.a(alt_exception_entry.o)
 .debug_abbrev  0x00000000000015db       0x8c ../nios_vga3_bsp/\libhal_bsp.a(alt_icache_flush.o)
 .debug_abbrev  0x0000000000001667       0xdc ../nios_vga3_bsp/\libhal_bsp.a(alt_instruction_exception_entry.o)
 .debug_abbrev  0x0000000000001743       0x8b c:/users/nazmievairat/intelfpga_lite/18.1/nios2eds/bin/gnu/h-x86_64-mingw32/bin/../lib/gcc/nios2-elf/5.3.0/../../../../../H-x86_64-mingw32/nios2-elf/lib/mhw-mulx\libsmallc.a(lib_a-exit.o)
 .debug_abbrev  0x00000000000017ce       0x37 c:/users/nazmievairat/intelfpga_lite/18.1/nios2eds/bin/gnu/h-x86_64-mingw32/bin/../lib/gcc/nios2-elf/5.3.0/../../../../../H-x86_64-mingw32/nios2-elf/lib/mhw-mulx\libsmallc.a(lib_a-int_errno.o)
 .debug_abbrev  0x0000000000001805       0x7f c:/users/nazmievairat/intelfpga_lite/18.1/nios2eds/bin/gnu/h-x86_64-mingw32/bin/../lib/gcc/nios2-elf/5.3.0/../../../../../H-x86_64-mingw32/nios2-elf/lib/mhw-mulx\libsmallc.a(lib_a-memcmp.o)
 .debug_abbrev  0x0000000000001884       0x7f c:/users/nazmievairat/intelfpga_lite/18.1/nios2eds/bin/gnu/h-x86_64-mingw32/bin/../lib/gcc/nios2-elf/5.3.0/../../../../../H-x86_64-mingw32/nios2-elf/lib/mhw-mulx\libsmallc.a(lib_a-strlen.o)
 .debug_abbrev  0x0000000000001903      0x1f6 c:/users/nazmievairat/intelfpga_lite/18.1/nios2eds/bin/gnu/h-x86_64-mingw32/bin/../lib/gcc/nios2-elf/5.3.0/../../../../../H-x86_64-mingw32/nios2-elf/lib/mhw-mulx\libsmallc.a(lib_a-__call_atexit.o)
 .debug_abbrev  0x0000000000001af9      0x14a c:/users/nazmievairat/intelfpga_lite/18.1/nios2eds/bin/gnu/h-x86_64-mingw32/bin/../lib/gcc/nios2-elf/5.3.0/../../../../../H-x86_64-mingw32/nios2-elf/lib/mhw-mulx\libsmallc.a(lib_a-impure.o)
 .debug_abbrev  0x0000000000001c43       0xa9 ../nios_vga3_bsp/\libhal_bsp.a(alt_exit.o)

.debug_line     0x0000000000000000     0x223f
 *(.debug_line)
 .debug_line    0x0000000000000000       0x6c ../nios_vga3_bsp//obj/HAL/src/crt0.o
 .debug_line    0x000000000000006c      0x4d2 obj/default/hello_world.o
 .debug_line    0x000000000000053e      0x105 c:/users/nazmievairat/intelfpga_lite/18.1/nios2eds/bin/gnu/h-x86_64-mingw32/bin/../lib/gcc/nios2-elf/5.3.0/mhw-mulx\libgcc.a(lib2-divmod.o)
 .debug_line    0x0000000000000643      0x1e8 c:/users/nazmievairat/intelfpga_lite/18.1/nios2eds/bin/gnu/h-x86_64-mingw32/bin/../lib/gcc/nios2-elf/5.3.0/../../../../../H-x86_64-mingw32/nios2-elf/lib/mhw-mulx\libsmallc.a(lib_a-rand.o)
 .debug_line    0x000000000000082b       0x8e ../nios_vga3_bsp/\libhal_bsp.a(alt_load.o)
 .debug_line    0x00000000000008b9       0x9a ../nios_vga3_bsp/\libhal_bsp.a(alt_main.o)
 .debug_line    0x0000000000000953      0x14c ../nios_vga3_bsp/\libhal_bsp.a(alt_sys_init.o)
 .debug_line    0x0000000000000a9f      0x2ba ../nios_vga3_bsp/\libhal_bsp.a(altera_avalon_sgdma.o)
 .debug_line    0x0000000000000d59      0x101 ../nios_vga3_bsp/\libhal_bsp.a(altera_up_avalon_parallel_port.o)
 .debug_line    0x0000000000000e5a      0x178 ../nios_vga3_bsp/\libhal_bsp.a(alt_close.o)
 .debug_line    0x0000000000000fd2       0x67 ../nios_vga3_bsp/\libhal_bsp.a(alt_dcache_flush.o)
 .debug_line    0x0000000000001039       0x51 ../nios_vga3_bsp/\libhal_bsp.a(alt_dcache_flush_all.o)
 .debug_line    0x000000000000108a      0x10b ../nios_vga3_bsp/\libhal_bsp.a(alt_dev.o)
 .debug_line    0x0000000000001195       0xcf ../nios_vga3_bsp/\libhal_bsp.a(alt_dev_llist_insert.o)
 .debug_line    0x0000000000001264       0x51 ../nios_vga3_bsp/\libhal_bsp.a(alt_errno.o)
 .debug_line    0x00000000000012b5       0xb5 ../nios_vga3_bsp/\libhal_bsp.a(alt_find_dev.o)
 .debug_line    0x000000000000136a       0x50 ../nios_vga3_bsp/\libhal_bsp.a(alt_icache_flush_all.o)
 .debug_line    0x00000000000013ba       0xeb ../nios_vga3_bsp/\libhal_bsp.a(alt_iic.o)
 .debug_line    0x00000000000014a5       0xdb ../nios_vga3_bsp/\libhal_bsp.a(alt_iic_isr_register.o)
 .debug_line    0x0000000000001580       0x6b ../nios_vga3_bsp/\libhal_bsp.a(alt_irq_entry.o)
 .debug_line    0x00000000000015eb       0xaa ../nios_vga3_bsp/\libhal_bsp.a(alt_irq_handler.o)
 .debug_line    0x0000000000001695       0x50 ../nios_vga3_bsp/\libhal_bsp.a(alt_irq_vars.o)
 .debug_line    0x00000000000016e5       0xae ../nios_vga3_bsp/\libhal_bsp.a(alt_release_fd.o)
 .debug_line    0x0000000000001793       0x51 ../nios_vga3_bsp/\libhal_bsp.a(altera_nios2_gen2_irq.o)
 .debug_line    0x00000000000017e4       0xb3 ../nios_vga3_bsp/\libhal_bsp.a(alt_exception_entry.o)
 .debug_line    0x0000000000001897       0x81 ../nios_vga3_bsp/\libhal_bsp.a(alt_icache_flush.o)
 .debug_line    0x0000000000001918       0xba ../nios_vga3_bsp/\libhal_bsp.a(alt_instruction_exception_entry.o)
 .debug_line    0x00000000000019d2      0x159 c:/users/nazmievairat/intelfpga_lite/18.1/nios2eds/bin/gnu/h-x86_64-mingw32/bin/../lib/gcc/nios2-elf/5.3.0/../../../../../H-x86_64-mingw32/nios2-elf/lib/mhw-mulx\libsmallc.a(lib_a-exit.o)
 .debug_line    0x0000000000001b2b       0x5f c:/users/nazmievairat/intelfpga_lite/18.1/nios2eds/bin/gnu/h-x86_64-mingw32/bin/../lib/gcc/nios2-elf/5.3.0/../../../../../H-x86_64-mingw32/nios2-elf/lib/mhw-mulx\libsmallc.a(lib_a-int_errno.o)
 .debug_line    0x0000000000001b8a      0x160 c:/users/nazmievairat/intelfpga_lite/18.1/nios2eds/bin/gnu/h-x86_64-mingw32/bin/../lib/gcc/nios2-elf/5.3.0/../../../../../H-x86_64-mingw32/nios2-elf/lib/mhw-mulx\libsmallc.a(lib_a-memcmp.o)
 .debug_line    0x0000000000001cea      0x15c c:/users/nazmievairat/intelfpga_lite/18.1/nios2eds/bin/gnu/h-x86_64-mingw32/bin/../lib/gcc/nios2-elf/5.3.0/../../../../../H-x86_64-mingw32/nios2-elf/lib/mhw-mulx\libsmallc.a(lib_a-strlen.o)
 .debug_line    0x0000000000001e46      0x232 c:/users/nazmievairat/intelfpga_lite/18.1/nios2eds/bin/gnu/h-x86_64-mingw32/bin/../lib/gcc/nios2-elf/5.3.0/../../../../../H-x86_64-mingw32/nios2-elf/lib/mhw-mulx\libsmallc.a(lib_a-__call_atexit.o)
 .debug_line    0x0000000000002078      0x156 c:/users/nazmievairat/intelfpga_lite/18.1/nios2eds/bin/gnu/h-x86_64-mingw32/bin/../lib/gcc/nios2-elf/5.3.0/../../../../../H-x86_64-mingw32/nios2-elf/lib/mhw-mulx\libsmallc.a(lib_a-impure.o)
 .debug_line    0x00000000000021ce       0x71 ../nios_vga3_bsp/\libhal_bsp.a(alt_exit.o)

.debug_frame    0x0000000000000000      0xb40
 *(.debug_frame)
 .debug_frame   0x0000000000000000      0x1a8 obj/default/hello_world.o
 .debug_frame   0x00000000000001a8       0x50 c:/users/nazmievairat/intelfpga_lite/18.1/nios2eds/bin/gnu/h-x86_64-mingw32/bin/../lib/gcc/nios2-elf/5.3.0/mhw-mulx\libgcc.a(lib2-divmod.o)
 .debug_frame   0x00000000000001f8       0x30 c:/users/nazmievairat/intelfpga_lite/18.1/nios2eds/bin/gnu/h-x86_64-mingw32/bin/../lib/gcc/nios2-elf/5.3.0/../../../../../H-x86_64-mingw32/nios2-elf/lib/mhw-mulx\libsmallc.a(lib_a-rand.o)
 .debug_frame   0x0000000000000228       0x5c ../nios_vga3_bsp/\libhal_bsp.a(alt_load.o)
 .debug_frame   0x0000000000000284       0x2c ../nios_vga3_bsp/\libhal_bsp.a(alt_main.o)
 .debug_frame   0x00000000000002b0       0x88 ../nios_vga3_bsp/\libhal_bsp.a(alt_sys_init.o)
 .debug_frame   0x0000000000000338      0x310 ../nios_vga3_bsp/\libhal_bsp.a(altera_avalon_sgdma.o)
 .debug_frame   0x0000000000000648       0x38 ../nios_vga3_bsp/\libhal_bsp.a(altera_up_avalon_parallel_port.o)
 .debug_frame   0x0000000000000680       0x60 ../nios_vga3_bsp/\libhal_bsp.a(alt_close.o)
 .debug_frame   0x00000000000006e0       0x34 ../nios_vga3_bsp/\libhal_bsp.a(alt_dcache_flush.o)
 .debug_frame   0x0000000000000714       0x34 ../nios_vga3_bsp/\libhal_bsp.a(alt_dcache_flush_all.o)
 .debug_frame   0x0000000000000748       0x34 ../nios_vga3_bsp/\libhal_bsp.a(alt_dev.o)
 .debug_frame   0x000000000000077c       0x60 ../nios_vga3_bsp/\libhal_bsp.a(alt_dev_llist_insert.o)
 .debug_frame   0x00000000000007dc       0x38 ../nios_vga3_bsp/\libhal_bsp.a(alt_find_dev.o)
 .debug_frame   0x0000000000000814       0x38 ../nios_vga3_bsp/\libhal_bsp.a(alt_icache_flush_all.o)
 .debug_frame   0x000000000000084c       0xa4 ../nios_vga3_bsp/\libhal_bsp.a(alt_iic.o)
 .debug_frame   0x00000000000008f0       0x38 ../nios_vga3_bsp/\libhal_bsp.a(alt_iic_isr_register.o)
 .debug_frame   0x0000000000000928       0x38 ../nios_vga3_bsp/\libhal_bsp.a(alt_irq_handler.o)
 .debug_frame   0x0000000000000960       0x34 ../nios_vga3_bsp/\libhal_bsp.a(alt_release_fd.o)
 .debug_frame   0x0000000000000994       0x34 ../nios_vga3_bsp/\libhal_bsp.a(altera_nios2_gen2_irq.o)
 .debug_frame   0x00000000000009c8       0x34 ../nios_vga3_bsp/\libhal_bsp.a(alt_icache_flush.o)
 .debug_frame   0x00000000000009fc       0x5c ../nios_vga3_bsp/\libhal_bsp.a(alt_instruction_exception_entry.o)
 .debug_frame   0x0000000000000a58       0x28 c:/users/nazmievairat/intelfpga_lite/18.1/nios2eds/bin/gnu/h-x86_64-mingw32/bin/../lib/gcc/nios2-elf/5.3.0/../../../../../H-x86_64-mingw32/nios2-elf/lib/mhw-mulx\libsmallc.a(lib_a-exit.o)
 .debug_frame   0x0000000000000a80       0x20 c:/users/nazmievairat/intelfpga_lite/18.1/nios2eds/bin/gnu/h-x86_64-mingw32/bin/../lib/gcc/nios2-elf/5.3.0/../../../../../H-x86_64-mingw32/nios2-elf/lib/mhw-mulx\libsmallc.a(lib_a-memcmp.o)
 .debug_frame   0x0000000000000aa0       0x20 c:/users/nazmievairat/intelfpga_lite/18.1/nios2eds/bin/gnu/h-x86_64-mingw32/bin/../lib/gcc/nios2-elf/5.3.0/../../../../../H-x86_64-mingw32/nios2-elf/lib/mhw-mulx\libsmallc.a(lib_a-strlen.o)
 .debug_frame   0x0000000000000ac0       0x54 c:/users/nazmievairat/intelfpga_lite/18.1/nios2eds/bin/gnu/h-x86_64-mingw32/bin/../lib/gcc/nios2-elf/5.3.0/../../../../../H-x86_64-mingw32/nios2-elf/lib/mhw-mulx\libsmallc.a(lib_a-__call_atexit.o)
 .debug_frame   0x0000000000000b14       0x2c ../nios_vga3_bsp/\libhal_bsp.a(alt_exit.o)

.debug_str      0x0000000000000000     0x1bd7
 *(.debug_str)
 .debug_str     0x0000000000000000      0x46a obj/default/hello_world.o
                                        0x51b (size before relaxing)
 .debug_str     0x000000000000046a      0x183 c:/users/nazmievairat/intelfpga_lite/18.1/nios2eds/bin/gnu/h-x86_64-mingw32/bin/../lib/gcc/nios2-elf/5.3.0/mhw-mulx\libgcc.a(lib2-divmod.o)
                                        0x1ce (size before relaxing)
 .debug_str     0x00000000000005ed      0x3d8 c:/users/nazmievairat/intelfpga_lite/18.1/nios2eds/bin/gnu/h-x86_64-mingw32/bin/../lib/gcc/nios2-elf/5.3.0/../../../../../H-x86_64-mingw32/nios2-elf/lib/mhw-mulx\libsmallc.a(lib_a-rand.o)
                                        0x4bb (size before relaxing)
 .debug_str     0x00000000000009c5      0x159 ../nios_vga3_bsp/\libhal_bsp.a(alt_load.o)
                                        0x242 (size before relaxing)
 .debug_str     0x0000000000000b1e       0x44 ../nios_vga3_bsp/\libhal_bsp.a(alt_main.o)
                                        0x1cd (size before relaxing)
 .debug_str     0x0000000000000b62       0x79 ../nios_vga3_bsp/\libhal_bsp.a(alt_sys_init.o)
                                        0x3f2 (size before relaxing)
 .debug_str     0x0000000000000bdb      0x3b7 ../nios_vga3_bsp/\libhal_bsp.a(altera_avalon_sgdma.o)
                                        0x6c0 (size before relaxing)
 .debug_str     0x0000000000000f92       0x4b ../nios_vga3_bsp/\libhal_bsp.a(altera_up_avalon_parallel_port.o)
                                        0x27d (size before relaxing)
 .debug_str     0x0000000000000fdd       0x2c ../nios_vga3_bsp/\libhal_bsp.a(alt_close.o)
                                        0x23b (size before relaxing)
 .debug_str     0x0000000000001009       0x2c ../nios_vga3_bsp/\libhal_bsp.a(alt_dcache_flush.o)
                                        0x18b (size before relaxing)
 .debug_str     0x0000000000001035       0x34 ../nios_vga3_bsp/\libhal_bsp.a(alt_dcache_flush_all.o)
                                        0x185 (size before relaxing)
 .debug_str     0x0000000000001069      0x120 ../nios_vga3_bsp/\libhal_bsp.a(alt_dev.o)
                                        0x335 (size before relaxing)
 .debug_str     0x0000000000001189       0x45 ../nios_vga3_bsp/\libhal_bsp.a(alt_dev_llist_insert.o)
                                        0x1fc (size before relaxing)
 .debug_str     0x00000000000011ce       0x14 ../nios_vga3_bsp/\libhal_bsp.a(alt_errno.o)
                                        0x175 (size before relaxing)
 .debug_str     0x00000000000011e2       0x24 ../nios_vga3_bsp/\libhal_bsp.a(alt_find_dev.o)
                                        0x21c (size before relaxing)
 .debug_str     0x0000000000001206       0x34 ../nios_vga3_bsp/\libhal_bsp.a(alt_icache_flush_all.o)
                                        0x185 (size before relaxing)
 .debug_str     0x000000000000123a       0xb7 ../nios_vga3_bsp/\libhal_bsp.a(alt_iic.o)
                                        0x26e (size before relaxing)
 .debug_str     0x00000000000012f1       0x4c ../nios_vga3_bsp/\libhal_bsp.a(alt_iic_isr_register.o)
                                        0x218 (size before relaxing)
 .debug_str     0x000000000000133d       0x3a ../nios_vga3_bsp/\libhal_bsp.a(alt_irq_handler.o)
                                        0x1c7 (size before relaxing)
 .debug_str     0x0000000000001377       0x17 ../nios_vga3_bsp/\libhal_bsp.a(alt_irq_vars.o)
                                        0x16a (size before relaxing)
 .debug_str     0x000000000000138e       0x28 ../nios_vga3_bsp/\libhal_bsp.a(alt_release_fd.o)
                                        0x203 (size before relaxing)
 .debug_str     0x00000000000013b6       0x3b ../nios_vga3_bsp/\libhal_bsp.a(altera_nios2_gen2_irq.o)
                                        0x18c (size before relaxing)
 .debug_str     0x00000000000013f1       0x2c ../nios_vga3_bsp/\libhal_bsp.a(alt_icache_flush.o)
                                        0x18b (size before relaxing)
 .debug_str     0x000000000000141d      0x48b ../nios_vga3_bsp/\libhal_bsp.a(alt_instruction_exception_entry.o)
                                        0x5d0 (size before relaxing)
 .debug_str     0x00000000000018a8       0x52 c:/users/nazmievairat/intelfpga_lite/18.1/nios2eds/bin/gnu/h-x86_64-mingw32/bin/../lib/gcc/nios2-elf/5.3.0/../../../../../H-x86_64-mingw32/nios2-elf/lib/mhw-mulx\libsmallc.a(lib_a-exit.o)
                                        0x1ec (size before relaxing)
 .debug_str     0x00000000000018fa       0xd1 c:/users/nazmievairat/intelfpga_lite/18.1/nios2eds/bin/gnu/h-x86_64-mingw32/bin/../lib/gcc/nios2-elf/5.3.0/../../../../../H-x86_64-mingw32/nios2-elf/lib/mhw-mulx\libsmallc.a(lib_a-int_errno.o)
                                        0x1d4 (size before relaxing)
 .debug_str     0x00000000000019cb       0xde c:/users/nazmievairat/intelfpga_lite/18.1/nios2eds/bin/gnu/h-x86_64-mingw32/bin/../lib/gcc/nios2-elf/5.3.0/../../../../../H-x86_64-mingw32/nios2-elf/lib/mhw-mulx\libsmallc.a(lib_a-memcmp.o)
                                        0x1db (size before relaxing)
 .debug_str     0x0000000000001aa9       0x44 c:/users/nazmievairat/intelfpga_lite/18.1/nios2eds/bin/gnu/h-x86_64-mingw32/bin/../lib/gcc/nios2-elf/5.3.0/../../../../../H-x86_64-mingw32/nios2-elf/lib/mhw-mulx\libsmallc.a(lib_a-strlen.o)
                                        0x1e1 (size before relaxing)
 .debug_str     0x0000000000001aed       0x78 c:/users/nazmievairat/intelfpga_lite/18.1/nios2eds/bin/gnu/h-x86_64-mingw32/bin/../lib/gcc/nios2-elf/5.3.0/../../../../../H-x86_64-mingw32/nios2-elf/lib/mhw-mulx\libsmallc.a(lib_a-__call_atexit.o)
                                        0x4e7 (size before relaxing)
 .debug_str     0x0000000000001b65       0x48 c:/users/nazmievairat/intelfpga_lite/18.1/nios2eds/bin/gnu/h-x86_64-mingw32/bin/../lib/gcc/nios2-elf/5.3.0/../../../../../H-x86_64-mingw32/nios2-elf/lib/mhw-mulx\libsmallc.a(lib_a-impure.o)
                                        0x4ba (size before relaxing)
 .debug_str     0x0000000000001bad       0x2a ../nios_vga3_bsp/\libhal_bsp.a(alt_exit.o)
                                        0x181 (size before relaxing)

.debug_loc      0x0000000000000000      0x6f5
 *(.debug_loc)
 .debug_loc     0x0000000000000000      0x4ce c:/users/nazmievairat/intelfpga_lite/18.1/nios2eds/bin/gnu/h-x86_64-mingw32/bin/../lib/gcc/nios2-elf/5.3.0/mhw-mulx\libgcc.a(lib2-divmod.o)
 .debug_loc     0x00000000000004ce       0x1e c:/users/nazmievairat/intelfpga_lite/18.1/nios2eds/bin/gnu/h-x86_64-mingw32/bin/../lib/gcc/nios2-elf/5.3.0/../../../../../H-x86_64-mingw32/nios2-elf/lib/mhw-mulx\libsmallc.a(lib_a-exit.o)
 .debug_loc     0x00000000000004ec       0x94 c:/users/nazmievairat/intelfpga_lite/18.1/nios2eds/bin/gnu/h-x86_64-mingw32/bin/../lib/gcc/nios2-elf/5.3.0/../../../../../H-x86_64-mingw32/nios2-elf/lib/mhw-mulx\libsmallc.a(lib_a-memcmp.o)
 .debug_loc     0x0000000000000580       0x1e c:/users/nazmievairat/intelfpga_lite/18.1/nios2eds/bin/gnu/h-x86_64-mingw32/bin/../lib/gcc/nios2-elf/5.3.0/../../../../../H-x86_64-mingw32/nios2-elf/lib/mhw-mulx\libsmallc.a(lib_a-strlen.o)
 .debug_loc     0x000000000000059e      0x157 c:/users/nazmievairat/intelfpga_lite/18.1/nios2eds/bin/gnu/h-x86_64-mingw32/bin/../lib/gcc/nios2-elf/5.3.0/../../../../../H-x86_64-mingw32/nios2-elf/lib/mhw-mulx\libsmallc.a(lib_a-__call_atexit.o)

.debug_macinfo
 *(.debug_macinfo)

.debug_weaknames
 *(.debug_weaknames)

.debug_funcnames
 *(.debug_funcnames)

.debug_typenames
 *(.debug_typenames)

.debug_varnames
 *(.debug_varnames)

.debug_alt_sim_info
                0x0000000000000000       0x20
 *(.debug_alt_sim_info)
 .debug_alt_sim_info
                0x0000000000000000       0x20 ../nios_vga3_bsp//obj/HAL/src/crt0.o
                0x0000000000804000                __alt_data_end = 0x804000
                0x0000000000804000                PROVIDE (__alt_stack_pointer, __alt_data_end)
                [!provide]                        PROVIDE (__alt_stack_limit, __alt_stack_base)
                [!provide]                        PROVIDE (__alt_heap_start, end)
                [!provide]                        PROVIDE (__alt_heap_limit, 0x804000)
OUTPUT(nios_vga3.elf elf32-littlenios2)

.debug_ranges   0x0000000000000000      0x170
 .debug_ranges  0x0000000000000000       0x20 ../nios_vga3_bsp//obj/HAL/src/crt0.o
 .debug_ranges  0x0000000000000020       0x60 c:/users/nazmievairat/intelfpga_lite/18.1/nios2eds/bin/gnu/h-x86_64-mingw32/bin/../lib/gcc/nios2-elf/5.3.0/mhw-mulx\libgcc.a(lib2-divmod.o)
 .debug_ranges  0x0000000000000080       0x18 c:/users/nazmievairat/intelfpga_lite/18.1/nios2eds/bin/gnu/h-x86_64-mingw32/bin/../lib/gcc/nios2-elf/5.3.0/../../../../../H-x86_64-mingw32/nios2-elf/lib/mhw-mulx\libsmallc.a(lib_a-rand.o)
 .debug_ranges  0x0000000000000098       0x28 ../nios_vga3_bsp/\libhal_bsp.a(alt_irq_entry.o)
 .debug_ranges  0x00000000000000c0       0x10 ../nios_vga3_bsp/\libhal_bsp.a(alt_irq_handler.o)
 .debug_ranges  0x00000000000000d0       0x30 ../nios_vga3_bsp/\libhal_bsp.a(alt_exception_entry.o)
 .debug_ranges  0x0000000000000100       0x18 ../nios_vga3_bsp/\libhal_bsp.a(alt_instruction_exception_entry.o)
 .debug_ranges  0x0000000000000118       0x10 c:/users/nazmievairat/intelfpga_lite/18.1/nios2eds/bin/gnu/h-x86_64-mingw32/bin/../lib/gcc/nios2-elf/5.3.0/../../../../../H-x86_64-mingw32/nios2-elf/lib/mhw-mulx\libsmallc.a(lib_a-exit.o)
 .debug_ranges  0x0000000000000128       0x10 c:/users/nazmievairat/intelfpga_lite/18.1/nios2eds/bin/gnu/h-x86_64-mingw32/bin/../lib/gcc/nios2-elf/5.3.0/../../../../../H-x86_64-mingw32/nios2-elf/lib/mhw-mulx\libsmallc.a(lib_a-memcmp.o)
 .debug_ranges  0x0000000000000138       0x10 c:/users/nazmievairat/intelfpga_lite/18.1/nios2eds/bin/gnu/h-x86_64-mingw32/bin/../lib/gcc/nios2-elf/5.3.0/../../../../../H-x86_64-mingw32/nios2-elf/lib/mhw-mulx\libsmallc.a(lib_a-strlen.o)
 .debug_ranges  0x0000000000000148       0x28 c:/users/nazmievairat/intelfpga_lite/18.1/nios2eds/bin/gnu/h-x86_64-mingw32/bin/../lib/gcc/nios2-elf/5.3.0/../../../../../H-x86_64-mingw32/nios2-elf/lib/mhw-mulx\libsmallc.a(lib_a-__call_atexit.o)
