Archive member included to satisfy reference by file (symbol)

c:/users/nazmievairat/intelfpga_lite/18.1/nios2eds/bin/gnu/h-x86_64-mingw32/bin/../lib/gcc/nios2-elf/5.3.0/../../../../../H-x86_64-mingw32/nios2-elf/lib/mhw-mulx\libsmallc.a(lib_a-puts.o)
                              obj/default/hello_world.o (puts)
c:/users/nazmievairat/intelfpga_lite/18.1/nios2eds/bin/gnu/h-x86_64-mingw32/bin/../lib/gcc/nios2-elf/5.3.0/../../../../../H-x86_64-mingw32/nios2-elf/lib/mhw-mulx\libsmallc.a(lib_a-strlen.o)
                              c:/users/nazmievairat/intelfpga_lite/18.1/nios2eds/bin/gnu/h-x86_64-mingw32/bin/../lib/gcc/nios2-elf/5.3.0/../../../../../H-x86_64-mingw32/nios2-elf/lib/mhw-mulx\libsmallc.a(lib_a-puts.o) (strlen)
c:/users/nazmievairat/intelfpga_lite/18.1/nios2eds/bin/gnu/h-x86_64-mingw32/bin/../lib/gcc/nios2-elf/5.3.0/../../../../../H-x86_64-mingw32/nios2-elf/lib/mhw-mulx\libsmallc.a(lib_a-fvwrite_small_dev.o)
                              c:/users/nazmievairat/intelfpga_lite/18.1/nios2eds/bin/gnu/h-x86_64-mingw32/bin/../lib/gcc/nios2-elf/5.3.0/../../../../../H-x86_64-mingw32/nios2-elf/lib/mhw-mulx\libsmallc.a(lib_a-puts.o) (__sfvwrite_small_dev)
c:/users/nazmievairat/intelfpga_lite/18.1/nios2eds/bin/gnu/h-x86_64-mingw32/bin/../lib/gcc/nios2-elf/5.3.0/../../../../../H-x86_64-mingw32/nios2-elf/lib/mhw-mulx\libsmallc.a(lib_a-impure.o)
                              c:/users/nazmievairat/intelfpga_lite/18.1/nios2eds/bin/gnu/h-x86_64-mingw32/bin/../lib/gcc/nios2-elf/5.3.0/../../../../../H-x86_64-mingw32/nios2-elf/lib/mhw-mulx\libsmallc.a(lib_a-puts.o) (_impure_ptr)
c:/users/nazmievairat/intelfpga_lite/18.1/nios2eds/bin/gnu/h-x86_64-mingw32/bin/../lib/gcc/nios2-elf/5.3.0/../../../../../H-x86_64-mingw32/nios2-elf/lib/mhw-mulx\libsmallc.a(lib_a-writer.o)
                              c:/users/nazmievairat/intelfpga_lite/18.1/nios2eds/bin/gnu/h-x86_64-mingw32/bin/../lib/gcc/nios2-elf/5.3.0/../../../../../H-x86_64-mingw32/nios2-elf/lib/mhw-mulx\libsmallc.a(lib_a-fvwrite_small_dev.o) (_write_r)
c:/users/nazmievairat/intelfpga_lite/18.1/nios2eds/bin/gnu/h-x86_64-mingw32/bin/../lib/gcc/nios2-elf/5.3.0/../../../../../H-x86_64-mingw32/nios2-elf/lib/mhw-mulx\libsmallc.a(lib_a-int_errno.o)
                              c:/users/nazmievairat/intelfpga_lite/18.1/nios2eds/bin/gnu/h-x86_64-mingw32/bin/../lib/gcc/nios2-elf/5.3.0/../../../../../H-x86_64-mingw32/nios2-elf/lib/mhw-mulx\libsmallc.a(lib_a-writer.o) (errno)
../test_bsp/\libhal_bsp.a(alt_load.o)
                              ../test_bsp//obj/HAL/src/crt0.o (alt_load)
../test_bsp/\libhal_bsp.a(alt_main.o)
                              ../test_bsp//obj/HAL/src/crt0.o (alt_main)
../test_bsp/\libhal_bsp.a(alt_write.o)
                              c:/users/nazmievairat/intelfpga_lite/18.1/nios2eds/bin/gnu/h-x86_64-mingw32/bin/../lib/gcc/nios2-elf/5.3.0/../../../../../H-x86_64-mingw32/nios2-elf/lib/mhw-mulx\libsmallc.a(lib_a-writer.o) (write)
../test_bsp/\libhal_bsp.a(alt_sys_init.o)
                              ../test_bsp/\libhal_bsp.a(alt_main.o) (alt_irq_init)
../test_bsp/\libhal_bsp.a(alt_close.o)
                              ../test_bsp/\libhal_bsp.a(alt_main.o) (close)
../test_bsp/\libhal_bsp.a(alt_dcache_flush_all.o)
                              ../test_bsp/\libhal_bsp.a(alt_load.o) (alt_dcache_flush_all)
../test_bsp/\libhal_bsp.a(alt_dev.o)
                              ../test_bsp/\libhal_bsp.a(alt_write.o) (alt_fd_list)
../test_bsp/\libhal_bsp.a(alt_do_ctors.o)
                              ../test_bsp/\libhal_bsp.a(alt_main.o) (_do_ctors)
../test_bsp/\libhal_bsp.a(alt_do_dtors.o)
                              ../test_bsp/\libhal_bsp.a(alt_main.o) (_do_dtors)
../test_bsp/\libhal_bsp.a(alt_errno.o)
                              ../test_bsp/\libhal_bsp.a(alt_write.o) (alt_errno)
../test_bsp/\libhal_bsp.a(alt_icache_flush_all.o)
                              ../test_bsp/\libhal_bsp.a(alt_load.o) (alt_icache_flush_all)
../test_bsp/\libhal_bsp.a(alt_release_fd.o)
                              ../test_bsp/\libhal_bsp.a(alt_close.o) (alt_release_fd)
../test_bsp/\libhal_bsp.a(altera_nios2_gen2_irq.o)
                              ../test_bsp/\libhal_bsp.a(alt_sys_init.o) (altera_nios2_gen2_irq_init)
../test_bsp/\libhal_bsp.a(alt_icache_flush.o)
                              ../test_bsp/\libhal_bsp.a(alt_icache_flush_all.o) (alt_icache_flush)
c:/users/nazmievairat/intelfpga_lite/18.1/nios2eds/bin/gnu/h-x86_64-mingw32/bin/../lib/gcc/nios2-elf/5.3.0/../../../../../H-x86_64-mingw32/nios2-elf/lib/mhw-mulx\libsmallc.a(lib_a-atexit.o)
                              ../test_bsp/\libhal_bsp.a(alt_main.o) (atexit)
c:/users/nazmievairat/intelfpga_lite/18.1/nios2eds/bin/gnu/h-x86_64-mingw32/bin/../lib/gcc/nios2-elf/5.3.0/../../../../../H-x86_64-mingw32/nios2-elf/lib/mhw-mulx\libsmallc.a(lib_a-exit.o)
                              ../test_bsp/\libhal_bsp.a(alt_main.o) (exit)
c:/users/nazmievairat/intelfpga_lite/18.1/nios2eds/bin/gnu/h-x86_64-mingw32/bin/../lib/gcc/nios2-elf/5.3.0/../../../../../H-x86_64-mingw32/nios2-elf/lib/mhw-mulx\libsmallc.a(lib_a-__atexit.o)
                              c:/users/nazmievairat/intelfpga_lite/18.1/nios2eds/bin/gnu/h-x86_64-mingw32/bin/../lib/gcc/nios2-elf/5.3.0/../../../../../H-x86_64-mingw32/nios2-elf/lib/mhw-mulx\libsmallc.a(lib_a-atexit.o) (__register_exitproc)
c:/users/nazmievairat/intelfpga_lite/18.1/nios2eds/bin/gnu/h-x86_64-mingw32/bin/../lib/gcc/nios2-elf/5.3.0/../../../../../H-x86_64-mingw32/nios2-elf/lib/mhw-mulx\libsmallc.a(lib_a-__call_atexit.o)
                              c:/users/nazmievairat/intelfpga_lite/18.1/nios2eds/bin/gnu/h-x86_64-mingw32/bin/../lib/gcc/nios2-elf/5.3.0/../../../../../H-x86_64-mingw32/nios2-elf/lib/mhw-mulx\libsmallc.a(lib_a-exit.o) (__call_exitprocs)
../test_bsp/\libhal_bsp.a(alt_exit.o)
                              c:/users/nazmievairat/intelfpga_lite/18.1/nios2eds/bin/gnu/h-x86_64-mingw32/bin/../lib/gcc/nios2-elf/5.3.0/../../../../../H-x86_64-mingw32/nios2-elf/lib/mhw-mulx\libsmallc.a(lib_a-exit.o) (_exit)

Allocating common symbols
Common symbol       size              file

errno               0x4               c:/users/nazmievairat/intelfpga_lite/18.1/nios2eds/bin/gnu/h-x86_64-mingw32/bin/../lib/gcc/nios2-elf/5.3.0/../../../../../H-x86_64-mingw32/nios2-elf/lib/mhw-mulx\libsmallc.a(lib_a-int_errno.o)

Memory Configuration

Name             Origin             Length             Attributes
reset            0x0000000000000000 0x0000000000000020
onchip_memory2_0 0x0000000000000020 0x0000000000003fe0
*default*        0x0000000000000000 0xffffffffffffffff

Linker script and memory map

LOAD ../test_bsp//obj/HAL/src/crt0.o
LOAD obj/default/hello_world.o
LOAD c:/users/nazmievairat/intelfpga_lite/18.1/nios2eds/bin/gnu/h-x86_64-mingw32/bin/../lib/gcc/nios2-elf/5.3.0/../../../../../H-x86_64-mingw32/nios2-elf/lib/mhw-mulx\libstdc++.a
LOAD c:/users/nazmievairat/intelfpga_lite/18.1/nios2eds/bin/gnu/h-x86_64-mingw32/bin/../lib/gcc/nios2-elf/5.3.0/../../../../../H-x86_64-mingw32/nios2-elf/lib/mhw-mulx\libm.a
LOAD c:/users/nazmievairat/intelfpga_lite/18.1/nios2eds/bin/gnu/h-x86_64-mingw32/bin/../lib/gcc/nios2-elf/5.3.0/mhw-mulx\libgcc.a
START GROUP
LOAD c:/users/nazmievairat/intelfpga_lite/18.1/nios2eds/bin/gnu/h-x86_64-mingw32/bin/../lib/gcc/nios2-elf/5.3.0/../../../../../H-x86_64-mingw32/nios2-elf/lib/mhw-mulx\libsmallc.a
LOAD c:/users/nazmievairat/intelfpga_lite/18.1/nios2eds/bin/gnu/h-x86_64-mingw32/bin/../lib/gcc/nios2-elf/5.3.0/mhw-mulx\libgcc.a
LOAD ../test_bsp/\libhal_bsp.a
LOAD c:/users/nazmievairat/intelfpga_lite/18.1/nios2eds/bin/gnu/h-x86_64-mingw32/bin/../lib/gcc/nios2-elf/5.3.0/../../../../../H-x86_64-mingw32/nios2-elf/lib/mhw-mulx\libm.a
END GROUP
LOAD c:/users/nazmievairat/intelfpga_lite/18.1/nios2eds/bin/gnu/h-x86_64-mingw32/bin/../lib/gcc/nios2-elf/5.3.0/mhw-mulx\libgcc.a
                0x0000000000000000                __alt_mem_onchip_memory2_0 = 0x0

.entry          0x0000000000000000       0x20
 *(.entry)
 .entry         0x0000000000000000       0x20 ../test_bsp//obj/HAL/src/crt0.o
                0x0000000000000000                __reset

.exceptions     0x0000000000000020        0x0
                0x0000000000000020                PROVIDE (__ram_exceptions_start, ABSOLUTE (.))
                0x0000000000000020                . = ALIGN (0x20)
 *(.irq)
 *(.exceptions.entry.label)
 *(.exceptions.entry.user)
 *(.exceptions.entry.ecc_fatal)
 *(.exceptions.entry)
 *(.exceptions.irqtest.user)
 *(.exceptions.irqtest)
 *(.exceptions.irqhandler.user)
 *(.exceptions.irqhandler)
 *(.exceptions.irqreturn.user)
 *(.exceptions.irqreturn)
 *(.exceptions.notirq.label)
 *(.exceptions.notirq.user)
 *(.exceptions.notirq)
 *(.exceptions.soft.user)
 *(.exceptions.soft)
 *(.exceptions.unknown.user)
 *(.exceptions.unknown)
 *(.exceptions.exit.label)
 *(.exceptions.exit.user)
 *(.exceptions.exit)
 *(.exceptions)
                0x0000000000000020                PROVIDE (__ram_exceptions_end, ABSOLUTE (.))
                0x0000000000000020                PROVIDE (__flash_exceptions_start, LOADADDR (.exceptions))

.text           0x0000000000000020      0xbf4
                [!provide]                        PROVIDE (stext, ABSOLUTE (.))
 *(.interp)
 *(.hash)
 *(.dynsym)
 *(.dynstr)
 *(.gnu.version)
 *(.gnu.version_d)
 *(.gnu.version_r)
 *(.rel.init)
 *(.rela.init)
 *(.rel.text .rel.text.* .rel.gnu.linkonce.t.*)
 *(.rela.text .rela.text.* .rela.gnu.linkonce.t.*)
 *(.rel.fini)
 *(.rela.fini)
 *(.rel.rodata .rel.rodata.* .rel.gnu.linkonce.r.*)
 *(.rela.rodata .rela.rodata.* .rela.gnu.linkonce.r.*)
 *(.rel.data .rel.data.* .rel.gnu.linkonce.d.*)
 *(.rela.data .rela.data.* .rela.gnu.linkonce.d.*)
 *(.rel.tdata .rel.tdata.* .rel.gnu.linkonce.td.*)
 *(.rela.tdata .rela.tdata.* .rela.gnu.linkonce.td.*)
 *(.rel.tbss .rel.tbss.* .rel.gnu.linkonce.tb.*)
 *(.rela.tbss .rela.tbss.* .rela.gnu.linkonce.tb.*)
 *(.rel.ctors)
 *(.rela.ctors)
 *(.rel.dtors)
 *(.rela.dtors)
 *(.rel.got)
 *(.rela.got)
 *(.rel.sdata .rel.sdata.* .rel.gnu.linkonce.s.*)
 *(.rela.sdata .rela.sdata.* .rela.gnu.linkonce.s.*)
 *(.rel.sbss .rel.sbss.* .rel.gnu.linkonce.sb.*)
 *(.rela.sbss .rela.sbss.* .rela.gnu.linkonce.sb.*)
 *(.rel.sdata2 .rel.sdata2.* .rel.gnu.linkonce.s2.*)
 *(.rela.sdata2 .rela.sdata2.* .rela.gnu.linkonce.s2.*)
 *(.rel.sbss2 .rel.sbss2.* .rel.gnu.linkonce.sb2.*)
 *(.rela.sbss2 .rela.sbss2.* .rela.gnu.linkonce.sb2.*)
 *(.rel.bss .rel.bss.* .rel.gnu.linkonce.b.*)
 *(.rela.bss .rela.bss.* .rela.gnu.linkonce.b.*)
 *(.rel.plt)
 *(.rela.plt)
 *(.rel.dyn)
 *(.init)
 *(.plt)
 *(.text .stub .text.* .gnu.linkonce.t.*)
 .text          0x0000000000000020       0x4c ../test_bsp//obj/HAL/src/crt0.o
                0x0000000000000020                _start
 .text          0x000000000000006c       0x34 obj/default/hello_world.o
                0x000000000000006c                main
 .text          0x00000000000000a0        0x0 c:/users/nazmievairat/intelfpga_lite/18.1/nios2eds/bin/gnu/h-x86_64-mingw32/bin/../lib/gcc/nios2-elf/5.3.0/../../../../../H-x86_64-mingw32/nios2-elf/lib/mhw-mulx\libsmallc.a(lib_a-puts.o)
 .text._puts_r  0x00000000000000a0       0x80 c:/users/nazmievairat/intelfpga_lite/18.1/nios2eds/bin/gnu/h-x86_64-mingw32/bin/../lib/gcc/nios2-elf/5.3.0/../../../../../H-x86_64-mingw32/nios2-elf/lib/mhw-mulx\libsmallc.a(lib_a-puts.o)
                0x00000000000000a0                _puts_r
 .text.puts     0x0000000000000120       0x14 c:/users/nazmievairat/intelfpga_lite/18.1/nios2eds/bin/gnu/h-x86_64-mingw32/bin/../lib/gcc/nios2-elf/5.3.0/../../../../../H-x86_64-mingw32/nios2-elf/lib/mhw-mulx\libsmallc.a(lib_a-puts.o)
                0x0000000000000120                puts
 .text          0x0000000000000134        0x0 c:/users/nazmievairat/intelfpga_lite/18.1/nios2eds/bin/gnu/h-x86_64-mingw32/bin/../lib/gcc/nios2-elf/5.3.0/../../../../../H-x86_64-mingw32/nios2-elf/lib/mhw-mulx\libsmallc.a(lib_a-strlen.o)
 .text.strlen   0x0000000000000134       0x1c c:/users/nazmievairat/intelfpga_lite/18.1/nios2eds/bin/gnu/h-x86_64-mingw32/bin/../lib/gcc/nios2-elf/5.3.0/../../../../../H-x86_64-mingw32/nios2-elf/lib/mhw-mulx\libsmallc.a(lib_a-strlen.o)
                0x0000000000000134                strlen
 .text          0x0000000000000150        0x0 c:/users/nazmievairat/intelfpga_lite/18.1/nios2eds/bin/gnu/h-x86_64-mingw32/bin/../lib/gcc/nios2-elf/5.3.0/../../../../../H-x86_64-mingw32/nios2-elf/lib/mhw-mulx\libsmallc.a(lib_a-fvwrite_small_dev.o)
 .text.__sfvwrite_small_dev
                0x0000000000000150       0xb8 c:/users/nazmievairat/intelfpga_lite/18.1/nios2eds/bin/gnu/h-x86_64-mingw32/bin/../lib/gcc/nios2-elf/5.3.0/../../../../../H-x86_64-mingw32/nios2-elf/lib/mhw-mulx\libsmallc.a(lib_a-fvwrite_small_dev.o)
                0x0000000000000150                __sfvwrite_small_dev
 .text          0x0000000000000208        0x0 c:/users/nazmievairat/intelfpga_lite/18.1/nios2eds/bin/gnu/h-x86_64-mingw32/bin/../lib/gcc/nios2-elf/5.3.0/../../../../../H-x86_64-mingw32/nios2-elf/lib/mhw-mulx\libsmallc.a(lib_a-impure.o)
 .text          0x0000000000000208        0x0 c:/users/nazmievairat/intelfpga_lite/18.1/nios2eds/bin/gnu/h-x86_64-mingw32/bin/../lib/gcc/nios2-elf/5.3.0/../../../../../H-x86_64-mingw32/nios2-elf/lib/mhw-mulx\libsmallc.a(lib_a-writer.o)
 .text._write_r
                0x0000000000000208       0x58 c:/users/nazmievairat/intelfpga_lite/18.1/nios2eds/bin/gnu/h-x86_64-mingw32/bin/../lib/gcc/nios2-elf/5.3.0/../../../../../H-x86_64-mingw32/nios2-elf/lib/mhw-mulx\libsmallc.a(lib_a-writer.o)
                0x0000000000000208                _write_r
 .text          0x0000000000000260        0x0 c:/users/nazmievairat/intelfpga_lite/18.1/nios2eds/bin/gnu/h-x86_64-mingw32/bin/../lib/gcc/nios2-elf/5.3.0/../../../../../H-x86_64-mingw32/nios2-elf/lib/mhw-mulx\libsmallc.a(lib_a-int_errno.o)
 .text          0x0000000000000260       0xec ../test_bsp/\libhal_bsp.a(alt_load.o)
                0x00000000000002c8                alt_load
 .text          0x000000000000034c       0x60 ../test_bsp/\libhal_bsp.a(alt_main.o)
                0x000000000000034c                alt_main
 .text          0x00000000000003ac      0x134 ../test_bsp/\libhal_bsp.a(alt_write.o)
                0x00000000000003e8                write
 .text          0x00000000000004e0       0x58 ../test_bsp/\libhal_bsp.a(alt_sys_init.o)
                0x00000000000004e0                alt_irq_init
                0x0000000000000518                alt_sys_init
 .text          0x0000000000000538      0x10c ../test_bsp/\libhal_bsp.a(alt_close.o)
                0x0000000000000574                close
 .text          0x0000000000000644       0x48 ../test_bsp/\libhal_bsp.a(alt_dcache_flush_all.o)
                0x0000000000000644                alt_dcache_flush_all
 .text          0x000000000000068c       0x2c ../test_bsp/\libhal_bsp.a(alt_dev.o)
 .text          0x00000000000006b8       0x60 ../test_bsp/\libhal_bsp.a(alt_do_ctors.o)
                0x00000000000006b8                _do_ctors
 .text          0x0000000000000718       0x60 ../test_bsp/\libhal_bsp.a(alt_do_dtors.o)
                0x0000000000000718                _do_dtors
 .text          0x0000000000000778        0x0 ../test_bsp/\libhal_bsp.a(alt_errno.o)
 .text          0x0000000000000778       0x34 ../test_bsp/\libhal_bsp.a(alt_icache_flush_all.o)
                0x0000000000000778                alt_icache_flush_all
 .text          0x00000000000007ac       0x64 ../test_bsp/\libhal_bsp.a(alt_release_fd.o)
                0x00000000000007ac                alt_release_fd
 .text          0x0000000000000810       0x24 ../test_bsp/\libhal_bsp.a(altera_nios2_gen2_irq.o)
                0x0000000000000810                altera_nios2_gen2_irq_init
 .text          0x0000000000000834       0x90 ../test_bsp/\libhal_bsp.a(alt_icache_flush.o)
                0x0000000000000834                alt_icache_flush
 .text          0x00000000000008c4        0x0 c:/users/nazmievairat/intelfpga_lite/18.1/nios2eds/bin/gnu/h-x86_64-mingw32/bin/../lib/gcc/nios2-elf/5.3.0/../../../../../H-x86_64-mingw32/nios2-elf/lib/mhw-mulx\libsmallc.a(lib_a-atexit.o)
 .text.atexit   0x00000000000008c4       0x14 c:/users/nazmievairat/intelfpga_lite/18.1/nios2eds/bin/gnu/h-x86_64-mingw32/bin/../lib/gcc/nios2-elf/5.3.0/../../../../../H-x86_64-mingw32/nios2-elf/lib/mhw-mulx\libsmallc.a(lib_a-atexit.o)
                0x00000000000008c4                atexit
 .text          0x00000000000008d8        0x0 c:/users/nazmievairat/intelfpga_lite/18.1/nios2eds/bin/gnu/h-x86_64-mingw32/bin/../lib/gcc/nios2-elf/5.3.0/../../../../../H-x86_64-mingw32/nios2-elf/lib/mhw-mulx\libsmallc.a(lib_a-exit.o)
 .text.exit     0x00000000000008d8       0x20 c:/users/nazmievairat/intelfpga_lite/18.1/nios2eds/bin/gnu/h-x86_64-mingw32/bin/../lib/gcc/nios2-elf/5.3.0/../../../../../H-x86_64-mingw32/nios2-elf/lib/mhw-mulx\libsmallc.a(lib_a-exit.o)
                0x00000000000008d8                exit
 .text          0x00000000000008f8        0x0 c:/users/nazmievairat/intelfpga_lite/18.1/nios2eds/bin/gnu/h-x86_64-mingw32/bin/../lib/gcc/nios2-elf/5.3.0/../../../../../H-x86_64-mingw32/nios2-elf/lib/mhw-mulx\libsmallc.a(lib_a-__atexit.o)
 .text.__register_exitproc
                0x00000000000008f8      0x158 c:/users/nazmievairat/intelfpga_lite/18.1/nios2eds/bin/gnu/h-x86_64-mingw32/bin/../lib/gcc/nios2-elf/5.3.0/../../../../../H-x86_64-mingw32/nios2-elf/lib/mhw-mulx\libsmallc.a(lib_a-__atexit.o)
                0x00000000000008f8                __register_exitproc
 .text          0x0000000000000a50        0x0 c:/users/nazmievairat/intelfpga_lite/18.1/nios2eds/bin/gnu/h-x86_64-mingw32/bin/../lib/gcc/nios2-elf/5.3.0/../../../../../H-x86_64-mingw32/nios2-elf/lib/mhw-mulx\libsmallc.a(lib_a-__call_atexit.o)
 .text.__call_exitprocs
                0x0000000000000a50      0x190 c:/users/nazmievairat/intelfpga_lite/18.1/nios2eds/bin/gnu/h-x86_64-mingw32/bin/../lib/gcc/nios2-elf/5.3.0/../../../../../H-x86_64-mingw32/nios2-elf/lib/mhw-mulx\libsmallc.a(lib_a-__call_atexit.o)
                0x0000000000000a50                __call_exitprocs
 .text          0x0000000000000be0       0x34 ../test_bsp/\libhal_bsp.a(alt_exit.o)
                0x0000000000000be0                _exit
 *(.gnu.warning.*)
 *(.fini)
                [!provide]                        PROVIDE (__etext, ABSOLUTE (.))
                [!provide]                        PROVIDE (_etext, ABSOLUTE (.))
                [!provide]                        PROVIDE (etext, ABSOLUTE (.))
 *(.eh_frame_hdr)
                0x0000000000000c14                . = ALIGN (0x4)
                [!provide]                        PROVIDE (__preinit_array_start, ABSOLUTE (.))
 *(.preinit_array)
                [!provide]                        PROVIDE (__preinit_array_end, ABSOLUTE (.))
                [!provide]                        PROVIDE (__init_array_start, ABSOLUTE (.))
 *(.init_array)
                [!provide]                        PROVIDE (__init_array_end, ABSOLUTE (.))
                [!provide]                        PROVIDE (__fini_array_start, ABSOLUTE (.))
 *(.fini_array)
                [!provide]                        PROVIDE (__fini_array_end, ABSOLUTE (.))
 *(.eh_frame)
 *(.gcc_except_table .gcc_except_table.*)
 *(.dynamic)
                0x0000000000000c14                PROVIDE (__CTOR_LIST__, ABSOLUTE (.))
 *(.ctors)
 *(SORT(.ctors.*))
                0x0000000000000c14                PROVIDE (__CTOR_END__, ABSOLUTE (.))
                0x0000000000000c14                PROVIDE (__DTOR_LIST__, ABSOLUTE (.))
 *(.dtors)
 *(SORT(.dtors.*))
                0x0000000000000c14                PROVIDE (__DTOR_END__, ABSOLUTE (.))
 *(.jcr)
                0x0000000000000c14                . = ALIGN (0x4)

.rodata         0x0000000000000c14       0x24
                0x0000000000000c14                PROVIDE (__ram_rodata_start, ABSOLUTE (.))
                0x0000000000000c14                . = ALIGN (0x4)
 *(.rodata .rodata.* .gnu.linkonce.r.*)
 .rodata        0x0000000000000c14       0x14 obj/default/hello_world.o
 .rodata.str1.4
                0x0000000000000c28        0x4 c:/users/nazmievairat/intelfpga_lite/18.1/nios2eds/bin/gnu/h-x86_64-mingw32/bin/../lib/gcc/nios2-elf/5.3.0/../../../../../H-x86_64-mingw32/nios2-elf/lib/mhw-mulx\libsmallc.a(lib_a-puts.o)
                                          0x2 (size before relaxing)
 .rodata        0x0000000000000c2c        0xa ../test_bsp/\libhal_bsp.a(alt_dev.o)
 *(.rodata1)
                0x0000000000000c38                . = ALIGN (0x4)
 *fill*         0x0000000000000c36        0x2 
                0x0000000000000c38                PROVIDE (__ram_rodata_end, ABSOLUTE (.))
                0x0000000000000c14                PROVIDE (__flash_rodata_start, LOADADDR (.rodata))

.rwdata         0x0000000000000c38      0x2a8 load address 0x0000000000000ee0
                0x0000000000000c38                PROVIDE (__ram_rwdata_start, ABSOLUTE (.))
                0x0000000000000c38                . = ALIGN (0x4)
 *(.got.plt)
 *(.got)
 *(.data1)
 *(.data .data.* .gnu.linkonce.d.*)
 .data          0x0000000000000c38        0x0 ../test_bsp//obj/HAL/src/crt0.o
 .data          0x0000000000000c38        0x0 obj/default/hello_world.o
 .data          0x0000000000000c38        0x0 c:/users/nazmievairat/intelfpga_lite/18.1/nios2eds/bin/gnu/h-x86_64-mingw32/bin/../lib/gcc/nios2-elf/5.3.0/../../../../../H-x86_64-mingw32/nios2-elf/lib/mhw-mulx\libsmallc.a(lib_a-puts.o)
 .data          0x0000000000000c38        0x0 c:/users/nazmievairat/intelfpga_lite/18.1/nios2eds/bin/gnu/h-x86_64-mingw32/bin/../lib/gcc/nios2-elf/5.3.0/../../../../../H-x86_64-mingw32/nios2-elf/lib/mhw-mulx\libsmallc.a(lib_a-strlen.o)
 .data          0x0000000000000c38        0x0 c:/users/nazmievairat/intelfpga_lite/18.1/nios2eds/bin/gnu/h-x86_64-mingw32/bin/../lib/gcc/nios2-elf/5.3.0/../../../../../H-x86_64-mingw32/nios2-elf/lib/mhw-mulx\libsmallc.a(lib_a-fvwrite_small_dev.o)
 .data          0x0000000000000c38        0x0 c:/users/nazmievairat/intelfpga_lite/18.1/nios2eds/bin/gnu/h-x86_64-mingw32/bin/../lib/gcc/nios2-elf/5.3.0/../../../../../H-x86_64-mingw32/nios2-elf/lib/mhw-mulx\libsmallc.a(lib_a-impure.o)
 .data.impure_data
                0x0000000000000c38       0xe0 c:/users/nazmievairat/intelfpga_lite/18.1/nios2eds/bin/gnu/h-x86_64-mingw32/bin/../lib/gcc/nios2-elf/5.3.0/../../../../../H-x86_64-mingw32/nios2-elf/lib/mhw-mulx\libsmallc.a(lib_a-impure.o)
 .data          0x0000000000000d18        0x0 c:/users/nazmievairat/intelfpga_lite/18.1/nios2eds/bin/gnu/h-x86_64-mingw32/bin/../lib/gcc/nios2-elf/5.3.0/../../../../../H-x86_64-mingw32/nios2-elf/lib/mhw-mulx\libsmallc.a(lib_a-writer.o)
 .data          0x0000000000000d18        0x0 c:/users/nazmievairat/intelfpga_lite/18.1/nios2eds/bin/gnu/h-x86_64-mingw32/bin/../lib/gcc/nios2-elf/5.3.0/../../../../../H-x86_64-mingw32/nios2-elf/lib/mhw-mulx\libsmallc.a(lib_a-int_errno.o)
 .data          0x0000000000000d18        0x0 ../test_bsp/\libhal_bsp.a(alt_load.o)
 .data          0x0000000000000d18        0x0 ../test_bsp/\libhal_bsp.a(alt_main.o)
 .data          0x0000000000000d18        0x0 ../test_bsp/\libhal_bsp.a(alt_write.o)
 .data          0x0000000000000d18        0x0 ../test_bsp/\libhal_bsp.a(alt_sys_init.o)
 .data          0x0000000000000d18        0x0 ../test_bsp/\libhal_bsp.a(alt_close.o)
 .data          0x0000000000000d18        0x0 ../test_bsp/\libhal_bsp.a(alt_dcache_flush_all.o)
 .data          0x0000000000000d18      0x1a8 ../test_bsp/\libhal_bsp.a(alt_dev.o)
                0x0000000000000d18                alt_dev_null
                0x0000000000000d40                alt_fd_list
 .data          0x0000000000000ec0        0x0 ../test_bsp/\libhal_bsp.a(alt_do_ctors.o)
 .data          0x0000000000000ec0        0x0 ../test_bsp/\libhal_bsp.a(alt_do_dtors.o)
 .data          0x0000000000000ec0        0x0 ../test_bsp/\libhal_bsp.a(alt_errno.o)
 .data          0x0000000000000ec0        0x0 ../test_bsp/\libhal_bsp.a(alt_icache_flush_all.o)
 .data          0x0000000000000ec0        0x0 ../test_bsp/\libhal_bsp.a(alt_release_fd.o)
 .data          0x0000000000000ec0        0x0 ../test_bsp/\libhal_bsp.a(altera_nios2_gen2_irq.o)
 .data          0x0000000000000ec0        0x0 ../test_bsp/\libhal_bsp.a(alt_icache_flush.o)
 .data          0x0000000000000ec0        0x0 c:/users/nazmievairat/intelfpga_lite/18.1/nios2eds/bin/gnu/h-x86_64-mingw32/bin/../lib/gcc/nios2-elf/5.3.0/../../../../../H-x86_64-mingw32/nios2-elf/lib/mhw-mulx\libsmallc.a(lib_a-atexit.o)
 .data          0x0000000000000ec0        0x0 c:/users/nazmievairat/intelfpga_lite/18.1/nios2eds/bin/gnu/h-x86_64-mingw32/bin/../lib/gcc/nios2-elf/5.3.0/../../../../../H-x86_64-mingw32/nios2-elf/lib/mhw-mulx\libsmallc.a(lib_a-exit.o)
 .data          0x0000000000000ec0        0x0 c:/users/nazmievairat/intelfpga_lite/18.1/nios2eds/bin/gnu/h-x86_64-mingw32/bin/../lib/gcc/nios2-elf/5.3.0/../../../../../H-x86_64-mingw32/nios2-elf/lib/mhw-mulx\libsmallc.a(lib_a-__atexit.o)
 .data          0x0000000000000ec0        0x0 c:/users/nazmievairat/intelfpga_lite/18.1/nios2eds/bin/gnu/h-x86_64-mingw32/bin/../lib/gcc/nios2-elf/5.3.0/../../../../../H-x86_64-mingw32/nios2-elf/lib/mhw-mulx\libsmallc.a(lib_a-__call_atexit.o)
 .data          0x0000000000000ec0        0x0 ../test_bsp/\libhal_bsp.a(alt_exit.o)
                0x0000000000008ec0                _gp = ABSOLUTE ((. + 0x8000))
                [!provide]                        PROVIDE (gp, _gp)
 *(.rwdata .rwdata.*)
 *(.sdata .sdata.* .gnu.linkonce.s.*)
 .sdata._global_impure_ptr
                0x0000000000000ec0        0x4 c:/users/nazmievairat/intelfpga_lite/18.1/nios2eds/bin/gnu/h-x86_64-mingw32/bin/../lib/gcc/nios2-elf/5.3.0/../../../../../H-x86_64-mingw32/nios2-elf/lib/mhw-mulx\libsmallc.a(lib_a-impure.o)
                0x0000000000000ec0                _global_impure_ptr
 .sdata._impure_ptr
                0x0000000000000ec4        0x4 c:/users/nazmievairat/intelfpga_lite/18.1/nios2eds/bin/gnu/h-x86_64-mingw32/bin/../lib/gcc/nios2-elf/5.3.0/../../../../../H-x86_64-mingw32/nios2-elf/lib/mhw-mulx\libsmallc.a(lib_a-impure.o)
                0x0000000000000ec4                _impure_ptr
 .sdata         0x0000000000000ec8       0x14 ../test_bsp/\libhal_bsp.a(alt_dev.o)
                0x0000000000000ec8                alt_fs_list
                0x0000000000000ed0                alt_dev_list
                0x0000000000000ed8                alt_max_fd
 .sdata         0x0000000000000edc        0x4 ../test_bsp/\libhal_bsp.a(alt_errno.o)
                0x0000000000000edc                alt_errno
 *(.sdata2 .sdata2.* .gnu.linkonce.s2.*)
                0x0000000000000ee0                . = ALIGN (0x4)
                0x0000000000000ee0                _edata = ABSOLUTE (.)
                [!provide]                        PROVIDE (edata, ABSOLUTE (.))
                0x0000000000000ee0                PROVIDE (__ram_rwdata_end, ABSOLUTE (.))
                0x0000000000000ee0                PROVIDE (__flash_rwdata_start, LOADADDR (.rwdata))

.bss            0x0000000000001188       0x10
                0x0000000000001188                __bss_start = ABSOLUTE (.)
                [!provide]                        PROVIDE (__sbss_start, ABSOLUTE (.))
                [!provide]                        PROVIDE (___sbss_start, ABSOLUTE (.))
 *(.dynsbss)
 *(.sbss .sbss.* .gnu.linkonce.sb.*)
 .sbss          0x0000000000001188        0x4 c:/users/nazmievairat/intelfpga_lite/18.1/nios2eds/bin/gnu/h-x86_64-mingw32/bin/../lib/gcc/nios2-elf/5.3.0/../../../../../H-x86_64-mingw32/nios2-elf/lib/mhw-mulx\libsmallc.a(lib_a-int_errno.o)
                0x0000000000001188                errno
 .sbss          0x000000000000118c        0xc ../test_bsp/\libhal_bsp.a(alt_main.o)
                0x000000000000118c                alt_argc
                0x0000000000001190                alt_argv
                0x0000000000001194                alt_envp
 *(.sbss2 .sbss2.* .gnu.linkonce.sb2.*)
 *(.scommon)
                [!provide]                        PROVIDE (__sbss_end, ABSOLUTE (.))
                [!provide]                        PROVIDE (___sbss_end, ABSOLUTE (.))
 *(.dynbss)
 *(.bss .bss.* .gnu.linkonce.b.*)
 .bss           0x0000000000001198        0x0 ../test_bsp//obj/HAL/src/crt0.o
 .bss           0x0000000000001198        0x0 obj/default/hello_world.o
 .bss           0x0000000000001198        0x0 c:/users/nazmievairat/intelfpga_lite/18.1/nios2eds/bin/gnu/h-x86_64-mingw32/bin/../lib/gcc/nios2-elf/5.3.0/../../../../../H-x86_64-mingw32/nios2-elf/lib/mhw-mulx\libsmallc.a(lib_a-puts.o)
 .bss           0x0000000000001198        0x0 c:/users/nazmievairat/intelfpga_lite/18.1/nios2eds/bin/gnu/h-x86_64-mingw32/bin/../lib/gcc/nios2-elf/5.3.0/../../../../../H-x86_64-mingw32/nios2-elf/lib/mhw-mulx\libsmallc.a(lib_a-strlen.o)
 .bss           0x0000000000001198        0x0 c:/users/nazmievairat/intelfpga_lite/18.1/nios2eds/bin/gnu/h-x86_64-mingw32/bin/../lib/gcc/nios2-elf/5.3.0/../../../../../H-x86_64-mingw32/nios2-elf/lib/mhw-mulx\libsmallc.a(lib_a-fvwrite_small_dev.o)
 .bss           0x0000000000001198        0x0 c:/users/nazmievairat/intelfpga_lite/18.1/nios2eds/bin/gnu/h-x86_64-mingw32/bin/../lib/gcc/nios2-elf/5.3.0/../../../../../H-x86_64-mingw32/nios2-elf/lib/mhw-mulx\libsmallc.a(lib_a-impure.o)
 .bss           0x0000000000001198        0x0 c:/users/nazmievairat/intelfpga_lite/18.1/nios2eds/bin/gnu/h-x86_64-mingw32/bin/../lib/gcc/nios2-elf/5.3.0/../../../../../H-x86_64-mingw32/nios2-elf/lib/mhw-mulx\libsmallc.a(lib_a-writer.o)
 .bss           0x0000000000001198        0x0 c:/users/nazmievairat/intelfpga_lite/18.1/nios2eds/bin/gnu/h-x86_64-mingw32/bin/../lib/gcc/nios2-elf/5.3.0/../../../../../H-x86_64-mingw32/nios2-elf/lib/mhw-mulx\libsmallc.a(lib_a-int_errno.o)
 .bss           0x0000000000001198        0x0 ../test_bsp/\libhal_bsp.a(alt_load.o)
 .bss           0x0000000000001198        0x0 ../test_bsp/\libhal_bsp.a(alt_main.o)
 .bss           0x0000000000001198        0x0 ../test_bsp/\libhal_bsp.a(alt_write.o)
 .bss           0x0000000000001198        0x0 ../test_bsp/\libhal_bsp.a(alt_sys_init.o)
 .bss           0x0000000000001198        0x0 ../test_bsp/\libhal_bsp.a(alt_close.o)
 .bss           0x0000000000001198        0x0 ../test_bsp/\libhal_bsp.a(alt_dcache_flush_all.o)
 .bss           0x0000000000001198        0x0 ../test_bsp/\libhal_bsp.a(alt_dev.o)
 .bss           0x0000000000001198        0x0 ../test_bsp/\libhal_bsp.a(alt_do_ctors.o)
 .bss           0x0000000000001198        0x0 ../test_bsp/\libhal_bsp.a(alt_do_dtors.o)
 .bss           0x0000000000001198        0x0 ../test_bsp/\libhal_bsp.a(alt_errno.o)
 .bss           0x0000000000001198        0x0 ../test_bsp/\libhal_bsp.a(alt_icache_flush_all.o)
 .bss           0x0000000000001198        0x0 ../test_bsp/\libhal_bsp.a(alt_release_fd.o)
 .bss           0x0000000000001198        0x0 ../test_bsp/\libhal_bsp.a(altera_nios2_gen2_irq.o)
 .bss           0x0000000000001198        0x0 ../test_bsp/\libhal_bsp.a(alt_icache_flush.o)
 .bss           0x0000000000001198        0x0 c:/users/nazmievairat/intelfpga_lite/18.1/nios2eds/bin/gnu/h-x86_64-mingw32/bin/../lib/gcc/nios2-elf/5.3.0/../../../../../H-x86_64-mingw32/nios2-elf/lib/mhw-mulx\libsmallc.a(lib_a-atexit.o)
 .bss           0x0000000000001198        0x0 c:/users/nazmievairat/intelfpga_lite/18.1/nios2eds/bin/gnu/h-x86_64-mingw32/bin/../lib/gcc/nios2-elf/5.3.0/../../../../../H-x86_64-mingw32/nios2-elf/lib/mhw-mulx\libsmallc.a(lib_a-exit.o)
 .bss           0x0000000000001198        0x0 c:/users/nazmievairat/intelfpga_lite/18.1/nios2eds/bin/gnu/h-x86_64-mingw32/bin/../lib/gcc/nios2-elf/5.3.0/../../../../../H-x86_64-mingw32/nios2-elf/lib/mhw-mulx\libsmallc.a(lib_a-__atexit.o)
 .bss           0x0000000000001198        0x0 c:/users/nazmievairat/intelfpga_lite/18.1/nios2eds/bin/gnu/h-x86_64-mingw32/bin/../lib/gcc/nios2-elf/5.3.0/../../../../../H-x86_64-mingw32/nios2-elf/lib/mhw-mulx\libsmallc.a(lib_a-__call_atexit.o)
 .bss           0x0000000000001198        0x0 ../test_bsp/\libhal_bsp.a(alt_exit.o)
 *(COMMON)
                0x0000000000001198                . = ALIGN (0x4)
                0x0000000000001198                __bss_end = ABSOLUTE (.)

.onchip_memory2_0
                0x0000000000001198        0x0
                [!provide]                        PROVIDE (_alt_partition_onchip_memory2_0_start, ABSOLUTE (.))
 *(.onchip_memory2_0 .onchip_memory2_0. onchip_memory2_0.*)
                0x0000000000001198                . = ALIGN (0x4)
                [!provide]                        PROVIDE (_alt_partition_onchip_memory2_0_end, ABSOLUTE (.))
                0x0000000000001198                _end = ABSOLUTE (.)
                0x0000000000001198                end = ABSOLUTE (.)
                0x0000000000001198                __alt_stack_base = ABSOLUTE (.)
                [!provide]                        PROVIDE (_alt_partition_onchip_memory2_0_load_addr, LOADADDR (.onchip_memory2_0))

.stab
 *(.stab)

.stabstr
 *(.stabstr)

.stab.excl
 *(.stab.excl)

.stab.exclstr
 *(.stab.exclstr)

.stab.index
 *(.stab.index)

.stab.indexstr
 *(.stab.indexstr)

.comment        0x0000000000000000       0x23
 *(.comment)
 .comment       0x0000000000000000       0x23 obj/default/hello_world.o
                                         0x24 (size before relaxing)
 .comment       0x0000000000000023       0x24 c:/users/nazmievairat/intelfpga_lite/18.1/nios2eds/bin/gnu/h-x86_64-mingw32/bin/../lib/gcc/nios2-elf/5.3.0/../../../../../H-x86_64-mingw32/nios2-elf/lib/mhw-mulx\libsmallc.a(lib_a-puts.o)
 .comment       0x0000000000000023       0x24 c:/users/nazmievairat/intelfpga_lite/18.1/nios2eds/bin/gnu/h-x86_64-mingw32/bin/../lib/gcc/nios2-elf/5.3.0/../../../../../H-x86_64-mingw32/nios2-elf/lib/mhw-mulx\libsmallc.a(lib_a-strlen.o)
 .comment       0x0000000000000023       0x24 c:/users/nazmievairat/intelfpga_lite/18.1/nios2eds/bin/gnu/h-x86_64-mingw32/bin/../lib/gcc/nios2-elf/5.3.0/../../../../../H-x86_64-mingw32/nios2-elf/lib/mhw-mulx\libsmallc.a(lib_a-fvwrite_small_dev.o)
 .comment       0x0000000000000023       0x24 c:/users/nazmievairat/intelfpga_lite/18.1/nios2eds/bin/gnu/h-x86_64-mingw32/bin/../lib/gcc/nios2-elf/5.3.0/../../../../../H-x86_64-mingw32/nios2-elf/lib/mhw-mulx\libsmallc.a(lib_a-impure.o)
 .comment       0x0000000000000023       0x24 c:/users/nazmievairat/intelfpga_lite/18.1/nios2eds/bin/gnu/h-x86_64-mingw32/bin/../lib/gcc/nios2-elf/5.3.0/../../../../../H-x86_64-mingw32/nios2-elf/lib/mhw-mulx\libsmallc.a(lib_a-writer.o)
 .comment       0x0000000000000023       0x24 c:/users/nazmievairat/intelfpga_lite/18.1/nios2eds/bin/gnu/h-x86_64-mingw32/bin/../lib/gcc/nios2-elf/5.3.0/../../../../../H-x86_64-mingw32/nios2-elf/lib/mhw-mulx\libsmallc.a(lib_a-int_errno.o)
 .comment       0x0000000000000023       0x24 ../test_bsp/\libhal_bsp.a(alt_load.o)
 .comment       0x0000000000000023       0x24 ../test_bsp/\libhal_bsp.a(alt_main.o)
 .comment       0x0000000000000023       0x24 ../test_bsp/\libhal_bsp.a(alt_write.o)
 .comment       0x0000000000000023       0x24 ../test_bsp/\libhal_bsp.a(alt_sys_init.o)
 .comment       0x0000000000000023       0x24 ../test_bsp/\libhal_bsp.a(alt_close.o)
 .comment       0x0000000000000023       0x24 ../test_bsp/\libhal_bsp.a(alt_dcache_flush_all.o)
 .comment       0x0000000000000023       0x24 ../test_bsp/\libhal_bsp.a(alt_dev.o)
 .comment       0x0000000000000023       0x24 ../test_bsp/\libhal_bsp.a(alt_do_ctors.o)
 .comment       0x0000000000000023       0x24 ../test_bsp/\libhal_bsp.a(alt_do_dtors.o)
 .comment       0x0000000000000023       0x24 ../test_bsp/\libhal_bsp.a(alt_errno.o)
 .comment       0x0000000000000023       0x24 ../test_bsp/\libhal_bsp.a(alt_icache_flush_all.o)
 .comment       0x0000000000000023       0x24 ../test_bsp/\libhal_bsp.a(alt_release_fd.o)
 .comment       0x0000000000000023       0x24 ../test_bsp/\libhal_bsp.a(altera_nios2_gen2_irq.o)
 .comment       0x0000000000000023       0x24 ../test_bsp/\libhal_bsp.a(alt_icache_flush.o)
 .comment       0x0000000000000023       0x24 c:/users/nazmievairat/intelfpga_lite/18.1/nios2eds/bin/gnu/h-x86_64-mingw32/bin/../lib/gcc/nios2-elf/5.3.0/../../../../../H-x86_64-mingw32/nios2-elf/lib/mhw-mulx\libsmallc.a(lib_a-atexit.o)
 .comment       0x0000000000000023       0x24 c:/users/nazmievairat/intelfpga_lite/18.1/nios2eds/bin/gnu/h-x86_64-mingw32/bin/../lib/gcc/nios2-elf/5.3.0/../../../../../H-x86_64-mingw32/nios2-elf/lib/mhw-mulx\libsmallc.a(lib_a-exit.o)
 .comment       0x0000000000000023       0x24 c:/users/nazmievairat/intelfpga_lite/18.1/nios2eds/bin/gnu/h-x86_64-mingw32/bin/../lib/gcc/nios2-elf/5.3.0/../../../../../H-x86_64-mingw32/nios2-elf/lib/mhw-mulx\libsmallc.a(lib_a-__atexit.o)
 .comment       0x0000000000000023       0x24 c:/users/nazmievairat/intelfpga_lite/18.1/nios2eds/bin/gnu/h-x86_64-mingw32/bin/../lib/gcc/nios2-elf/5.3.0/../../../../../H-x86_64-mingw32/nios2-elf/lib/mhw-mulx\libsmallc.a(lib_a-__call_atexit.o)
 .comment       0x0000000000000023       0x24 ../test_bsp/\libhal_bsp.a(alt_exit.o)

.debug
 *(.debug)

.line
 *(.line)

.debug_srcinfo
 *(.debug_srcinfo)

.debug_sfnames
 *(.debug_sfnames)

.debug_aranges  0x0000000000000000      0x358
 *(.debug_aranges)
 .debug_aranges
                0x0000000000000000       0x28 ../test_bsp//obj/HAL/src/crt0.o
 .debug_aranges
                0x0000000000000028       0x20 obj/default/hello_world.o
 .debug_aranges
                0x0000000000000048       0x28 c:/users/nazmievairat/intelfpga_lite/18.1/nios2eds/bin/gnu/h-x86_64-mingw32/bin/../lib/gcc/nios2-elf/5.3.0/../../../../../H-x86_64-mingw32/nios2-elf/lib/mhw-mulx\libsmallc.a(lib_a-puts.o)
 .debug_aranges
                0x0000000000000070       0x20 c:/users/nazmievairat/intelfpga_lite/18.1/nios2eds/bin/gnu/h-x86_64-mingw32/bin/../lib/gcc/nios2-elf/5.3.0/../../../../../H-x86_64-mingw32/nios2-elf/lib/mhw-mulx\libsmallc.a(lib_a-strlen.o)
 .debug_aranges
                0x0000000000000090       0x20 c:/users/nazmievairat/intelfpga_lite/18.1/nios2eds/bin/gnu/h-x86_64-mingw32/bin/../lib/gcc/nios2-elf/5.3.0/../../../../../H-x86_64-mingw32/nios2-elf/lib/mhw-mulx\libsmallc.a(lib_a-fvwrite_small_dev.o)
 .debug_aranges
                0x00000000000000b0       0x18 c:/users/nazmievairat/intelfpga_lite/18.1/nios2eds/bin/gnu/h-x86_64-mingw32/bin/../lib/gcc/nios2-elf/5.3.0/../../../../../H-x86_64-mingw32/nios2-elf/lib/mhw-mulx\libsmallc.a(lib_a-impure.o)
 .debug_aranges
                0x00000000000000c8       0x20 c:/users/nazmievairat/intelfpga_lite/18.1/nios2eds/bin/gnu/h-x86_64-mingw32/bin/../lib/gcc/nios2-elf/5.3.0/../../../../../H-x86_64-mingw32/nios2-elf/lib/mhw-mulx\libsmallc.a(lib_a-writer.o)
 .debug_aranges
                0x00000000000000e8       0x18 c:/users/nazmievairat/intelfpga_lite/18.1/nios2eds/bin/gnu/h-x86_64-mingw32/bin/../lib/gcc/nios2-elf/5.3.0/../../../../../H-x86_64-mingw32/nios2-elf/lib/mhw-mulx\libsmallc.a(lib_a-int_errno.o)
 .debug_aranges
                0x0000000000000100       0x20 ../test_bsp/\libhal_bsp.a(alt_load.o)
 .debug_aranges
                0x0000000000000120       0x20 ../test_bsp/\libhal_bsp.a(alt_main.o)
 .debug_aranges
                0x0000000000000140       0x20 ../test_bsp/\libhal_bsp.a(alt_write.o)
 .debug_aranges
                0x0000000000000160       0x20 ../test_bsp/\libhal_bsp.a(alt_sys_init.o)
 .debug_aranges
                0x0000000000000180       0x20 ../test_bsp/\libhal_bsp.a(alt_close.o)
 .debug_aranges
                0x00000000000001a0       0x20 ../test_bsp/\libhal_bsp.a(alt_dcache_flush_all.o)
 .debug_aranges
                0x00000000000001c0       0x20 ../test_bsp/\libhal_bsp.a(alt_dev.o)
 .debug_aranges
                0x00000000000001e0       0x20 ../test_bsp/\libhal_bsp.a(alt_do_ctors.o)
 .debug_aranges
                0x0000000000000200       0x20 ../test_bsp/\libhal_bsp.a(alt_do_dtors.o)
 .debug_aranges
                0x0000000000000220       0x18 ../test_bsp/\libhal_bsp.a(alt_errno.o)
 .debug_aranges
                0x0000000000000238       0x20 ../test_bsp/\libhal_bsp.a(alt_icache_flush_all.o)
 .debug_aranges
                0x0000000000000258       0x20 ../test_bsp/\libhal_bsp.a(alt_release_fd.o)
 .debug_aranges
                0x0000000000000278       0x20 ../test_bsp/\libhal_bsp.a(altera_nios2_gen2_irq.o)
 .debug_aranges
                0x0000000000000298       0x20 ../test_bsp/\libhal_bsp.a(alt_icache_flush.o)
 .debug_aranges
                0x00000000000002b8       0x20 c:/users/nazmievairat/intelfpga_lite/18.1/nios2eds/bin/gnu/h-x86_64-mingw32/bin/../lib/gcc/nios2-elf/5.3.0/../../../../../H-x86_64-mingw32/nios2-elf/lib/mhw-mulx\libsmallc.a(lib_a-atexit.o)
 .debug_aranges
                0x00000000000002d8       0x20 c:/users/nazmievairat/intelfpga_lite/18.1/nios2eds/bin/gnu/h-x86_64-mingw32/bin/../lib/gcc/nios2-elf/5.3.0/../../../../../H-x86_64-mingw32/nios2-elf/lib/mhw-mulx\libsmallc.a(lib_a-exit.o)
 .debug_aranges
                0x00000000000002f8       0x20 c:/users/nazmievairat/intelfpga_lite/18.1/nios2eds/bin/gnu/h-x86_64-mingw32/bin/../lib/gcc/nios2-elf/5.3.0/../../../../../H-x86_64-mingw32/nios2-elf/lib/mhw-mulx\libsmallc.a(lib_a-__atexit.o)
 .debug_aranges
                0x0000000000000318       0x20 c:/users/nazmievairat/intelfpga_lite/18.1/nios2eds/bin/gnu/h-x86_64-mingw32/bin/../lib/gcc/nios2-elf/5.3.0/../../../../../H-x86_64-mingw32/nios2-elf/lib/mhw-mulx\libsmallc.a(lib_a-__call_atexit.o)
 .debug_aranges
                0x0000000000000338       0x20 ../test_bsp/\libhal_bsp.a(alt_exit.o)

.debug_pubnames
 *(.debug_pubnames)

.debug_info     0x0000000000000000     0x41e5
 *(.debug_info .gnu.linkonce.wi.*)
 .debug_info    0x0000000000000000       0x9c ../test_bsp//obj/HAL/src/crt0.o
 .debug_info    0x000000000000009c       0x96 obj/default/hello_world.o
 .debug_info    0x0000000000000132      0x66d c:/users/nazmievairat/intelfpga_lite/18.1/nios2eds/bin/gnu/h-x86_64-mingw32/bin/../lib/gcc/nios2-elf/5.3.0/../../../../../H-x86_64-mingw32/nios2-elf/lib/mhw-mulx\libsmallc.a(lib_a-puts.o)
 .debug_info    0x000000000000079f       0xc9 c:/users/nazmievairat/intelfpga_lite/18.1/nios2eds/bin/gnu/h-x86_64-mingw32/bin/../lib/gcc/nios2-elf/5.3.0/../../../../../H-x86_64-mingw32/nios2-elf/lib/mhw-mulx\libsmallc.a(lib_a-strlen.o)
 .debug_info    0x0000000000000868      0x62b c:/users/nazmievairat/intelfpga_lite/18.1/nios2eds/bin/gnu/h-x86_64-mingw32/bin/../lib/gcc/nios2-elf/5.3.0/../../../../../H-x86_64-mingw32/nios2-elf/lib/mhw-mulx\libsmallc.a(lib_a-fvwrite_small_dev.o)
 .debug_info    0x0000000000000e93      0x5a9 c:/users/nazmievairat/intelfpga_lite/18.1/nios2eds/bin/gnu/h-x86_64-mingw32/bin/../lib/gcc/nios2-elf/5.3.0/../../../../../H-x86_64-mingw32/nios2-elf/lib/mhw-mulx\libsmallc.a(lib_a-impure.o)
 .debug_info    0x000000000000143c      0x630 c:/users/nazmievairat/intelfpga_lite/18.1/nios2eds/bin/gnu/h-x86_64-mingw32/bin/../lib/gcc/nios2-elf/5.3.0/../../../../../H-x86_64-mingw32/nios2-elf/lib/mhw-mulx\libsmallc.a(lib_a-writer.o)
 .debug_info    0x0000000000001a6c       0x8a c:/users/nazmievairat/intelfpga_lite/18.1/nios2eds/bin/gnu/h-x86_64-mingw32/bin/../lib/gcc/nios2-elf/5.3.0/../../../../../H-x86_64-mingw32/nios2-elf/lib/mhw-mulx\libsmallc.a(lib_a-int_errno.o)
 .debug_info    0x0000000000001af6      0x145 ../test_bsp/\libhal_bsp.a(alt_load.o)
 .debug_info    0x0000000000001c3b      0x157 ../test_bsp/\libhal_bsp.a(alt_main.o)
 .debug_info    0x0000000000001d92      0x4b7 ../test_bsp/\libhal_bsp.a(alt_write.o)
 .debug_info    0x0000000000002249       0xfa ../test_bsp/\libhal_bsp.a(alt_sys_init.o)
 .debug_info    0x0000000000002343      0x321 ../test_bsp/\libhal_bsp.a(alt_close.o)
 .debug_info    0x0000000000002664       0xa5 ../test_bsp/\libhal_bsp.a(alt_dcache_flush_all.o)
 .debug_info    0x0000000000002709      0x49c ../test_bsp/\libhal_bsp.a(alt_dev.o)
 .debug_info    0x0000000000002ba5       0x83 ../test_bsp/\libhal_bsp.a(alt_do_ctors.o)
 .debug_info    0x0000000000002c28       0x83 ../test_bsp/\libhal_bsp.a(alt_do_dtors.o)
 .debug_info    0x0000000000002cab       0xa6 ../test_bsp/\libhal_bsp.a(alt_errno.o)
 .debug_info    0x0000000000002d51       0x92 ../test_bsp/\libhal_bsp.a(alt_icache_flush_all.o)
 .debug_info    0x0000000000002de3      0x2b0 ../test_bsp/\libhal_bsp.a(alt_release_fd.o)
 .debug_info    0x0000000000003093       0xb8 ../test_bsp/\libhal_bsp.a(altera_nios2_gen2_irq.o)
 .debug_info    0x000000000000314b       0xdc ../test_bsp/\libhal_bsp.a(alt_icache_flush.o)
 .debug_info    0x0000000000003227       0xfe c:/users/nazmievairat/intelfpga_lite/18.1/nios2eds/bin/gnu/h-x86_64-mingw32/bin/../lib/gcc/nios2-elf/5.3.0/../../../../../H-x86_64-mingw32/nios2-elf/lib/mhw-mulx\libsmallc.a(lib_a-atexit.o)
 .debug_info    0x0000000000003325       0xe5 c:/users/nazmievairat/intelfpga_lite/18.1/nios2eds/bin/gnu/h-x86_64-mingw32/bin/../lib/gcc/nios2-elf/5.3.0/../../../../../H-x86_64-mingw32/nios2-elf/lib/mhw-mulx\libsmallc.a(lib_a-exit.o)
 .debug_info    0x000000000000340a      0x64a c:/users/nazmievairat/intelfpga_lite/18.1/nios2eds/bin/gnu/h-x86_64-mingw32/bin/../lib/gcc/nios2-elf/5.3.0/../../../../../H-x86_64-mingw32/nios2-elf/lib/mhw-mulx\libsmallc.a(lib_a-__atexit.o)
 .debug_info    0x0000000000003a54      0x67b c:/users/nazmievairat/intelfpga_lite/18.1/nios2eds/bin/gnu/h-x86_64-mingw32/bin/../lib/gcc/nios2-elf/5.3.0/../../../../../H-x86_64-mingw32/nios2-elf/lib/mhw-mulx\libsmallc.a(lib_a-__call_atexit.o)
 .debug_info    0x00000000000040cf      0x116 ../test_bsp/\libhal_bsp.a(alt_exit.o)

.debug_abbrev   0x0000000000000000     0x166d
 *(.debug_abbrev)
 .debug_abbrev  0x0000000000000000       0x12 ../test_bsp//obj/HAL/src/crt0.o
 .debug_abbrev  0x0000000000000012       0x42 obj/default/hello_world.o
 .debug_abbrev  0x0000000000000054      0x1d6 c:/users/nazmievairat/intelfpga_lite/18.1/nios2eds/bin/gnu/h-x86_64-mingw32/bin/../lib/gcc/nios2-elf/5.3.0/../../../../../H-x86_64-mingw32/nios2-elf/lib/mhw-mulx\libsmallc.a(lib_a-puts.o)
 .debug_abbrev  0x000000000000022a       0x7f c:/users/nazmievairat/intelfpga_lite/18.1/nios2eds/bin/gnu/h-x86_64-mingw32/bin/../lib/gcc/nios2-elf/5.3.0/../../../../../H-x86_64-mingw32/nios2-elf/lib/mhw-mulx\libsmallc.a(lib_a-strlen.o)
 .debug_abbrev  0x00000000000002a9      0x1bc c:/users/nazmievairat/intelfpga_lite/18.1/nios2eds/bin/gnu/h-x86_64-mingw32/bin/../lib/gcc/nios2-elf/5.3.0/../../../../../H-x86_64-mingw32/nios2-elf/lib/mhw-mulx\libsmallc.a(lib_a-fvwrite_small_dev.o)
 .debug_abbrev  0x0000000000000465      0x14a c:/users/nazmievairat/intelfpga_lite/18.1/nios2eds/bin/gnu/h-x86_64-mingw32/bin/../lib/gcc/nios2-elf/5.3.0/../../../../../H-x86_64-mingw32/nios2-elf/lib/mhw-mulx\libsmallc.a(lib_a-impure.o)
 .debug_abbrev  0x00000000000005af      0x1a6 c:/users/nazmievairat/intelfpga_lite/18.1/nios2eds/bin/gnu/h-x86_64-mingw32/bin/../lib/gcc/nios2-elf/5.3.0/../../../../../H-x86_64-mingw32/nios2-elf/lib/mhw-mulx\libsmallc.a(lib_a-writer.o)
 .debug_abbrev  0x0000000000000755       0x37 c:/users/nazmievairat/intelfpga_lite/18.1/nios2eds/bin/gnu/h-x86_64-mingw32/bin/../lib/gcc/nios2-elf/5.3.0/../../../../../H-x86_64-mingw32/nios2-elf/lib/mhw-mulx\libsmallc.a(lib_a-int_errno.o)
 .debug_abbrev  0x000000000000078c       0x9f ../test_bsp/\libhal_bsp.a(alt_load.o)
 .debug_abbrev  0x000000000000082b       0xc1 ../test_bsp/\libhal_bsp.a(alt_main.o)
 .debug_abbrev  0x00000000000008ec      0x133 ../test_bsp/\libhal_bsp.a(alt_write.o)
 .debug_abbrev  0x0000000000000a1f       0xbc ../test_bsp/\libhal_bsp.a(alt_sys_init.o)
 .debug_abbrev  0x0000000000000adb      0x11f ../test_bsp/\libhal_bsp.a(alt_close.o)
 .debug_abbrev  0x0000000000000bfa       0x5a ../test_bsp/\libhal_bsp.a(alt_dcache_flush_all.o)
 .debug_abbrev  0x0000000000000c54       0xd9 ../test_bsp/\libhal_bsp.a(alt_dev.o)
 .debug_abbrev  0x0000000000000d2d       0x79 ../test_bsp/\libhal_bsp.a(alt_do_ctors.o)
 .debug_abbrev  0x0000000000000da6       0x79 ../test_bsp/\libhal_bsp.a(alt_do_dtors.o)
 .debug_abbrev  0x0000000000000e1f       0x5a ../test_bsp/\libhal_bsp.a(alt_errno.o)
 .debug_abbrev  0x0000000000000e79       0x42 ../test_bsp/\libhal_bsp.a(alt_icache_flush_all.o)
 .debug_abbrev  0x0000000000000ebb       0xde ../test_bsp/\libhal_bsp.a(alt_release_fd.o)
 .debug_abbrev  0x0000000000000f99       0x67 ../test_bsp/\libhal_bsp.a(altera_nios2_gen2_irq.o)
 .debug_abbrev  0x0000000000001000       0x8c ../test_bsp/\libhal_bsp.a(alt_icache_flush.o)
 .debug_abbrev  0x000000000000108c       0xaa c:/users/nazmievairat/intelfpga_lite/18.1/nios2eds/bin/gnu/h-x86_64-mingw32/bin/../lib/gcc/nios2-elf/5.3.0/../../../../../H-x86_64-mingw32/nios2-elf/lib/mhw-mulx\libsmallc.a(lib_a-atexit.o)
 .debug_abbrev  0x0000000000001136       0x8b c:/users/nazmievairat/intelfpga_lite/18.1/nios2eds/bin/gnu/h-x86_64-mingw32/bin/../lib/gcc/nios2-elf/5.3.0/../../../../../H-x86_64-mingw32/nios2-elf/lib/mhw-mulx\libsmallc.a(lib_a-exit.o)
 .debug_abbrev  0x00000000000011c1      0x1e6 c:/users/nazmievairat/intelfpga_lite/18.1/nios2eds/bin/gnu/h-x86_64-mingw32/bin/../lib/gcc/nios2-elf/5.3.0/../../../../../H-x86_64-mingw32/nios2-elf/lib/mhw-mulx\libsmallc.a(lib_a-__atexit.o)
 .debug_abbrev  0x00000000000013a7      0x1f6 c:/users/nazmievairat/intelfpga_lite/18.1/nios2eds/bin/gnu/h-x86_64-mingw32/bin/../lib/gcc/nios2-elf/5.3.0/../../../../../H-x86_64-mingw32/nios2-elf/lib/mhw-mulx\libsmallc.a(lib_a-__call_atexit.o)
 .debug_abbrev  0x000000000000159d       0xd0 ../test_bsp/\libhal_bsp.a(alt_exit.o)

.debug_line     0x0000000000000000     0x1ac8
 *(.debug_line)
 .debug_line    0x0000000000000000       0x72 ../test_bsp//obj/HAL/src/crt0.o
 .debug_line    0x0000000000000072       0x40 obj/default/hello_world.o
 .debug_line    0x00000000000000b2      0x206 c:/users/nazmievairat/intelfpga_lite/18.1/nios2eds/bin/gnu/h-x86_64-mingw32/bin/../lib/gcc/nios2-elf/5.3.0/../../../../../H-x86_64-mingw32/nios2-elf/lib/mhw-mulx\libsmallc.a(lib_a-puts.o)
 .debug_line    0x00000000000002b8      0x15c c:/users/nazmievairat/intelfpga_lite/18.1/nios2eds/bin/gnu/h-x86_64-mingw32/bin/../lib/gcc/nios2-elf/5.3.0/../../../../../H-x86_64-mingw32/nios2-elf/lib/mhw-mulx\libsmallc.a(lib_a-strlen.o)
 .debug_line    0x0000000000000414      0x1f0 c:/users/nazmievairat/intelfpga_lite/18.1/nios2eds/bin/gnu/h-x86_64-mingw32/bin/../lib/gcc/nios2-elf/5.3.0/../../../../../H-x86_64-mingw32/nios2-elf/lib/mhw-mulx\libsmallc.a(lib_a-fvwrite_small_dev.o)
 .debug_line    0x0000000000000604      0x156 c:/users/nazmievairat/intelfpga_lite/18.1/nios2eds/bin/gnu/h-x86_64-mingw32/bin/../lib/gcc/nios2-elf/5.3.0/../../../../../H-x86_64-mingw32/nios2-elf/lib/mhw-mulx\libsmallc.a(lib_a-impure.o)
 .debug_line    0x000000000000075a      0x1ed c:/users/nazmievairat/intelfpga_lite/18.1/nios2eds/bin/gnu/h-x86_64-mingw32/bin/../lib/gcc/nios2-elf/5.3.0/../../../../../H-x86_64-mingw32/nios2-elf/lib/mhw-mulx\libsmallc.a(lib_a-writer.o)
 .debug_line    0x0000000000000947       0x5f c:/users/nazmievairat/intelfpga_lite/18.1/nios2eds/bin/gnu/h-x86_64-mingw32/bin/../lib/gcc/nios2-elf/5.3.0/../../../../../H-x86_64-mingw32/nios2-elf/lib/mhw-mulx\libsmallc.a(lib_a-int_errno.o)
 .debug_line    0x00000000000009a6       0x8e ../test_bsp/\libhal_bsp.a(alt_load.o)
 .debug_line    0x0000000000000a34       0xcd ../test_bsp/\libhal_bsp.a(alt_main.o)
 .debug_line    0x0000000000000b01      0x201 ../test_bsp/\libhal_bsp.a(alt_write.o)
 .debug_line    0x0000000000000d02       0xa7 ../test_bsp/\libhal_bsp.a(alt_sys_init.o)
 .debug_line    0x0000000000000da9      0x178 ../test_bsp/\libhal_bsp.a(alt_close.o)
 .debug_line    0x0000000000000f21       0x61 ../test_bsp/\libhal_bsp.a(alt_dcache_flush_all.o)
 .debug_line    0x0000000000000f82      0x10b ../test_bsp/\libhal_bsp.a(alt_dev.o)
 .debug_line    0x000000000000108d       0x59 ../test_bsp/\libhal_bsp.a(alt_do_ctors.o)
 .debug_line    0x00000000000010e6       0x59 ../test_bsp/\libhal_bsp.a(alt_do_dtors.o)
 .debug_line    0x000000000000113f       0x51 ../test_bsp/\libhal_bsp.a(alt_errno.o)
 .debug_line    0x0000000000001190       0x50 ../test_bsp/\libhal_bsp.a(alt_icache_flush_all.o)
 .debug_line    0x00000000000011e0       0xae ../test_bsp/\libhal_bsp.a(alt_release_fd.o)
 .debug_line    0x000000000000128e       0x8d ../test_bsp/\libhal_bsp.a(altera_nios2_gen2_irq.o)
 .debug_line    0x000000000000131b       0x81 ../test_bsp/\libhal_bsp.a(alt_icache_flush.o)
 .debug_line    0x000000000000139c       0xe7 c:/users/nazmievairat/intelfpga_lite/18.1/nios2eds/bin/gnu/h-x86_64-mingw32/bin/../lib/gcc/nios2-elf/5.3.0/../../../../../H-x86_64-mingw32/nios2-elf/lib/mhw-mulx\libsmallc.a(lib_a-atexit.o)
 .debug_line    0x0000000000001483      0x159 c:/users/nazmievairat/intelfpga_lite/18.1/nios2eds/bin/gnu/h-x86_64-mingw32/bin/../lib/gcc/nios2-elf/5.3.0/../../../../../H-x86_64-mingw32/nios2-elf/lib/mhw-mulx\libsmallc.a(lib_a-exit.o)
 .debug_line    0x00000000000015dc      0x20d c:/users/nazmievairat/intelfpga_lite/18.1/nios2eds/bin/gnu/h-x86_64-mingw32/bin/../lib/gcc/nios2-elf/5.3.0/../../../../../H-x86_64-mingw32/nios2-elf/lib/mhw-mulx\libsmallc.a(lib_a-__atexit.o)
 .debug_line    0x00000000000017e9      0x232 c:/users/nazmievairat/intelfpga_lite/18.1/nios2eds/bin/gnu/h-x86_64-mingw32/bin/../lib/gcc/nios2-elf/5.3.0/../../../../../H-x86_64-mingw32/nios2-elf/lib/mhw-mulx\libsmallc.a(lib_a-__call_atexit.o)
 .debug_line    0x0000000000001a1b       0xad ../test_bsp/\libhal_bsp.a(alt_exit.o)

.debug_frame    0x0000000000000000      0x590
 *(.debug_frame)
 .debug_frame   0x0000000000000000       0x38 obj/default/hello_world.o
 .debug_frame   0x0000000000000038       0x48 c:/users/nazmievairat/intelfpga_lite/18.1/nios2eds/bin/gnu/h-x86_64-mingw32/bin/../lib/gcc/nios2-elf/5.3.0/../../../../../H-x86_64-mingw32/nios2-elf/lib/mhw-mulx\libsmallc.a(lib_a-puts.o)
 .debug_frame   0x0000000000000080       0x20 c:/users/nazmievairat/intelfpga_lite/18.1/nios2eds/bin/gnu/h-x86_64-mingw32/bin/../lib/gcc/nios2-elf/5.3.0/../../../../../H-x86_64-mingw32/nios2-elf/lib/mhw-mulx\libsmallc.a(lib_a-strlen.o)
 .debug_frame   0x00000000000000a0       0x58 c:/users/nazmievairat/intelfpga_lite/18.1/nios2eds/bin/gnu/h-x86_64-mingw32/bin/../lib/gcc/nios2-elf/5.3.0/../../../../../H-x86_64-mingw32/nios2-elf/lib/mhw-mulx\libsmallc.a(lib_a-fvwrite_small_dev.o)
 .debug_frame   0x00000000000000f8       0x38 c:/users/nazmievairat/intelfpga_lite/18.1/nios2eds/bin/gnu/h-x86_64-mingw32/bin/../lib/gcc/nios2-elf/5.3.0/../../../../../H-x86_64-mingw32/nios2-elf/lib/mhw-mulx\libsmallc.a(lib_a-writer.o)
 .debug_frame   0x0000000000000130       0x5c ../test_bsp/\libhal_bsp.a(alt_load.o)
 .debug_frame   0x000000000000018c       0x2c ../test_bsp/\libhal_bsp.a(alt_main.o)
 .debug_frame   0x00000000000001b8       0x60 ../test_bsp/\libhal_bsp.a(alt_write.o)
 .debug_frame   0x0000000000000218       0x5c ../test_bsp/\libhal_bsp.a(alt_sys_init.o)
 .debug_frame   0x0000000000000274       0x60 ../test_bsp/\libhal_bsp.a(alt_close.o)
 .debug_frame   0x00000000000002d4       0x34 ../test_bsp/\libhal_bsp.a(alt_dcache_flush_all.o)
 .debug_frame   0x0000000000000308       0x34 ../test_bsp/\libhal_bsp.a(alt_dev.o)
 .debug_frame   0x000000000000033c       0x38 ../test_bsp/\libhal_bsp.a(alt_do_ctors.o)
 .debug_frame   0x0000000000000374       0x38 ../test_bsp/\libhal_bsp.a(alt_do_dtors.o)
 .debug_frame   0x00000000000003ac       0x38 ../test_bsp/\libhal_bsp.a(alt_icache_flush_all.o)
 .debug_frame   0x00000000000003e4       0x34 ../test_bsp/\libhal_bsp.a(alt_release_fd.o)
 .debug_frame   0x0000000000000418       0x34 ../test_bsp/\libhal_bsp.a(altera_nios2_gen2_irq.o)
 .debug_frame   0x000000000000044c       0x34 ../test_bsp/\libhal_bsp.a(alt_icache_flush.o)
 .debug_frame   0x0000000000000480       0x20 c:/users/nazmievairat/intelfpga_lite/18.1/nios2eds/bin/gnu/h-x86_64-mingw32/bin/../lib/gcc/nios2-elf/5.3.0/../../../../../H-x86_64-mingw32/nios2-elf/lib/mhw-mulx\libsmallc.a(lib_a-atexit.o)
 .debug_frame   0x00000000000004a0       0x28 c:/users/nazmievairat/intelfpga_lite/18.1/nios2eds/bin/gnu/h-x86_64-mingw32/bin/../lib/gcc/nios2-elf/5.3.0/../../../../../H-x86_64-mingw32/nios2-elf/lib/mhw-mulx\libsmallc.a(lib_a-exit.o)
 .debug_frame   0x00000000000004c8       0x48 c:/users/nazmievairat/intelfpga_lite/18.1/nios2eds/bin/gnu/h-x86_64-mingw32/bin/../lib/gcc/nios2-elf/5.3.0/../../../../../H-x86_64-mingw32/nios2-elf/lib/mhw-mulx\libsmallc.a(lib_a-__atexit.o)
 .debug_frame   0x0000000000000510       0x54 c:/users/nazmievairat/intelfpga_lite/18.1/nios2eds/bin/gnu/h-x86_64-mingw32/bin/../lib/gcc/nios2-elf/5.3.0/../../../../../H-x86_64-mingw32/nios2-elf/lib/mhw-mulx\libsmallc.a(lib_a-__call_atexit.o)
 .debug_frame   0x0000000000000564       0x2c ../test_bsp/\libhal_bsp.a(alt_exit.o)

.debug_str      0x0000000000000000      0xf90
 *(.debug_str)
 .debug_str     0x0000000000000000      0x117 obj/default/hello_world.o
                                        0x155 (size before relaxing)
 .debug_str     0x0000000000000117      0x3ef c:/users/nazmievairat/intelfpga_lite/18.1/nios2eds/bin/gnu/h-x86_64-mingw32/bin/../lib/gcc/nios2-elf/5.3.0/../../../../../H-x86_64-mingw32/nios2-elf/lib/mhw-mulx\libsmallc.a(lib_a-puts.o)
                                        0x4c9 (size before relaxing)
 .debug_str     0x0000000000000506       0xd0 c:/users/nazmievairat/intelfpga_lite/18.1/nios2eds/bin/gnu/h-x86_64-mingw32/bin/../lib/gcc/nios2-elf/5.3.0/../../../../../H-x86_64-mingw32/nios2-elf/lib/mhw-mulx\libsmallc.a(lib_a-strlen.o)
                                        0x1e1 (size before relaxing)
 .debug_str     0x00000000000005d6       0x63 c:/users/nazmievairat/intelfpga_lite/18.1/nios2eds/bin/gnu/h-x86_64-mingw32/bin/../lib/gcc/nios2-elf/5.3.0/../../../../../H-x86_64-mingw32/nios2-elf/lib/mhw-mulx\libsmallc.a(lib_a-fvwrite_small_dev.o)
                                        0x4d0 (size before relaxing)
 .debug_str     0x0000000000000639       0xed c:/users/nazmievairat/intelfpga_lite/18.1/nios2eds/bin/gnu/h-x86_64-mingw32/bin/../lib/gcc/nios2-elf/5.3.0/../../../../../H-x86_64-mingw32/nios2-elf/lib/mhw-mulx\libsmallc.a(lib_a-impure.o)
                                        0x4ba (size before relaxing)
 .debug_str     0x0000000000000726       0x45 c:/users/nazmievairat/intelfpga_lite/18.1/nios2eds/bin/gnu/h-x86_64-mingw32/bin/../lib/gcc/nios2-elf/5.3.0/../../../../../H-x86_64-mingw32/nios2-elf/lib/mhw-mulx\libsmallc.a(lib_a-writer.o)
                                        0x4b4 (size before relaxing)
 .debug_str     0x000000000000076b       0x3f c:/users/nazmievairat/intelfpga_lite/18.1/nios2eds/bin/gnu/h-x86_64-mingw32/bin/../lib/gcc/nios2-elf/5.3.0/../../../../../H-x86_64-mingw32/nios2-elf/lib/mhw-mulx\libsmallc.a(lib_a-int_errno.o)
                                        0x1d4 (size before relaxing)
 .debug_str     0x00000000000007aa      0x159 ../test_bsp/\libhal_bsp.a(alt_load.o)
                                        0x237 (size before relaxing)
 .debug_str     0x0000000000000903       0x91 ../test_bsp/\libhal_bsp.a(alt_main.o)
                                        0x1eb (size before relaxing)
 .debug_str     0x0000000000000994      0x16b ../test_bsp/\libhal_bsp.a(alt_write.o)
                                        0x31d (size before relaxing)
 .debug_str     0x0000000000000aff       0x4c ../test_bsp/\libhal_bsp.a(alt_sys_init.o)
                                        0x1bb (size before relaxing)
 .debug_str     0x0000000000000b4b       0x1b ../test_bsp/\libhal_bsp.a(alt_close.o)
                                        0x230 (size before relaxing)
 .debug_str     0x0000000000000b66       0x34 ../test_bsp/\libhal_bsp.a(alt_dcache_flush_all.o)
                                        0x17a (size before relaxing)
 .debug_str     0x0000000000000b9a       0x50 ../test_bsp/\libhal_bsp.a(alt_dev.o)
                                        0x32a (size before relaxing)
 .debug_str     0x0000000000000bea       0x48 ../test_bsp/\libhal_bsp.a(alt_do_ctors.o)
                                         0xf5 (size before relaxing)
 .debug_str     0x0000000000000c32       0x4c ../test_bsp/\libhal_bsp.a(alt_do_dtors.o)
                                         0xf4 (size before relaxing)
 .debug_str     0x0000000000000c7e       0x14 ../test_bsp/\libhal_bsp.a(alt_errno.o)
                                        0x16a (size before relaxing)
 .debug_str     0x0000000000000c92       0x34 ../test_bsp/\libhal_bsp.a(alt_icache_flush_all.o)
                                        0x17a (size before relaxing)
 .debug_str     0x0000000000000cc6       0x28 ../test_bsp/\libhal_bsp.a(alt_release_fd.o)
                                        0x1f8 (size before relaxing)
 .debug_str     0x0000000000000cee       0x3b ../test_bsp/\libhal_bsp.a(altera_nios2_gen2_irq.o)
                                        0x1aa (size before relaxing)
 .debug_str     0x0000000000000d29       0x2c ../test_bsp/\libhal_bsp.a(alt_icache_flush.o)
                                        0x180 (size before relaxing)
 .debug_str     0x0000000000000d55      0x114 c:/users/nazmievairat/intelfpga_lite/18.1/nios2eds/bin/gnu/h-x86_64-mingw32/bin/../lib/gcc/nios2-elf/5.3.0/../../../../../H-x86_64-mingw32/nios2-elf/lib/mhw-mulx\libsmallc.a(lib_a-atexit.o)
                                        0x218 (size before relaxing)
 .debug_str     0x0000000000000e69       0x52 c:/users/nazmievairat/intelfpga_lite/18.1/nios2eds/bin/gnu/h-x86_64-mingw32/bin/../lib/gcc/nios2-elf/5.3.0/../../../../../H-x86_64-mingw32/nios2-elf/lib/mhw-mulx\libsmallc.a(lib_a-exit.o)
                                        0x1ec (size before relaxing)
 .debug_str     0x0000000000000ebb       0x46 c:/users/nazmievairat/intelfpga_lite/18.1/nios2eds/bin/gnu/h-x86_64-mingw32/bin/../lib/gcc/nios2-elf/5.3.0/../../../../../H-x86_64-mingw32/nios2-elf/lib/mhw-mulx\libsmallc.a(lib_a-__atexit.o)
                                        0x4fb (size before relaxing)
 .debug_str     0x0000000000000f01       0x65 c:/users/nazmievairat/intelfpga_lite/18.1/nios2eds/bin/gnu/h-x86_64-mingw32/bin/../lib/gcc/nios2-elf/5.3.0/../../../../../H-x86_64-mingw32/nios2-elf/lib/mhw-mulx\libsmallc.a(lib_a-__call_atexit.o)
                                        0x4e7 (size before relaxing)
 .debug_str     0x0000000000000f66       0x2a ../test_bsp/\libhal_bsp.a(alt_exit.o)
                                        0x19f (size before relaxing)

.debug_loc      0x0000000000000000      0x5cb
 *(.debug_loc)
 .debug_loc     0x0000000000000000       0x97 c:/users/nazmievairat/intelfpga_lite/18.1/nios2eds/bin/gnu/h-x86_64-mingw32/bin/../lib/gcc/nios2-elf/5.3.0/../../../../../H-x86_64-mingw32/nios2-elf/lib/mhw-mulx\libsmallc.a(lib_a-puts.o)
 .debug_loc     0x0000000000000097       0x1e c:/users/nazmievairat/intelfpga_lite/18.1/nios2eds/bin/gnu/h-x86_64-mingw32/bin/../lib/gcc/nios2-elf/5.3.0/../../../../../H-x86_64-mingw32/nios2-elf/lib/mhw-mulx\libsmallc.a(lib_a-strlen.o)
 .debug_loc     0x00000000000000b5      0x110 c:/users/nazmievairat/intelfpga_lite/18.1/nios2eds/bin/gnu/h-x86_64-mingw32/bin/../lib/gcc/nios2-elf/5.3.0/../../../../../H-x86_64-mingw32/nios2-elf/lib/mhw-mulx\libsmallc.a(lib_a-fvwrite_small_dev.o)
 .debug_loc     0x00000000000001c5       0xa5 c:/users/nazmievairat/intelfpga_lite/18.1/nios2eds/bin/gnu/h-x86_64-mingw32/bin/../lib/gcc/nios2-elf/5.3.0/../../../../../H-x86_64-mingw32/nios2-elf/lib/mhw-mulx\libsmallc.a(lib_a-writer.o)
 .debug_loc     0x000000000000026a       0x2c c:/users/nazmievairat/intelfpga_lite/18.1/nios2eds/bin/gnu/h-x86_64-mingw32/bin/../lib/gcc/nios2-elf/5.3.0/../../../../../H-x86_64-mingw32/nios2-elf/lib/mhw-mulx\libsmallc.a(lib_a-atexit.o)
 .debug_loc     0x0000000000000296       0x1e c:/users/nazmievairat/intelfpga_lite/18.1/nios2eds/bin/gnu/h-x86_64-mingw32/bin/../lib/gcc/nios2-elf/5.3.0/../../../../../H-x86_64-mingw32/nios2-elf/lib/mhw-mulx\libsmallc.a(lib_a-exit.o)
 .debug_loc     0x00000000000002b4      0x1c0 c:/users/nazmievairat/intelfpga_lite/18.1/nios2eds/bin/gnu/h-x86_64-mingw32/bin/../lib/gcc/nios2-elf/5.3.0/../../../../../H-x86_64-mingw32/nios2-elf/lib/mhw-mulx\libsmallc.a(lib_a-__atexit.o)
 .debug_loc     0x0000000000000474      0x157 c:/users/nazmievairat/intelfpga_lite/18.1/nios2eds/bin/gnu/h-x86_64-mingw32/bin/../lib/gcc/nios2-elf/5.3.0/../../../../../H-x86_64-mingw32/nios2-elf/lib/mhw-mulx\libsmallc.a(lib_a-__call_atexit.o)

.debug_macinfo
 *(.debug_macinfo)

.debug_weaknames
 *(.debug_weaknames)

.debug_funcnames
 *(.debug_funcnames)

.debug_typenames
 *(.debug_typenames)

.debug_varnames
 *(.debug_varnames)

.debug_alt_sim_info
                0x0000000000000000       0x30
 *(.debug_alt_sim_info)
 .debug_alt_sim_info
                0x0000000000000000       0x30 ../test_bsp//obj/HAL/src/crt0.o
                0x0000000000004000                __alt_data_end = 0x4000
                0x0000000000004000                PROVIDE (__alt_stack_pointer, __alt_data_end)
                [!provide]                        PROVIDE (__alt_stack_limit, __alt_stack_base)
                [!provide]                        PROVIDE (__alt_heap_start, end)
                [!provide]                        PROVIDE (__alt_heap_limit, 0x4000)
OUTPUT(test.elf elf32-littlenios2)

.debug_ranges   0x0000000000000000       0xd8
 .debug_ranges  0x0000000000000000       0x20 ../test_bsp//obj/HAL/src/crt0.o
 .debug_ranges  0x0000000000000020       0x18 c:/users/nazmievairat/intelfpga_lite/18.1/nios2eds/bin/gnu/h-x86_64-mingw32/bin/../lib/gcc/nios2-elf/5.3.0/../../../../../H-x86_64-mingw32/nios2-elf/lib/mhw-mulx\libsmallc.a(lib_a-puts.o)
 .debug_ranges  0x0000000000000038       0x10 c:/users/nazmievairat/intelfpga_lite/18.1/nios2eds/bin/gnu/h-x86_64-mingw32/bin/../lib/gcc/nios2-elf/5.3.0/../../../../../H-x86_64-mingw32/nios2-elf/lib/mhw-mulx\libsmallc.a(lib_a-strlen.o)
 .debug_ranges  0x0000000000000048       0x28 c:/users/nazmievairat/intelfpga_lite/18.1/nios2eds/bin/gnu/h-x86_64-mingw32/bin/../lib/gcc/nios2-elf/5.3.0/../../../../../H-x86_64-mingw32/nios2-elf/lib/mhw-mulx\libsmallc.a(lib_a-fvwrite_small_dev.o)
 .debug_ranges  0x0000000000000070       0x10 c:/users/nazmievairat/intelfpga_lite/18.1/nios2eds/bin/gnu/h-x86_64-mingw32/bin/../lib/gcc/nios2-elf/5.3.0/../../../../../H-x86_64-mingw32/nios2-elf/lib/mhw-mulx\libsmallc.a(lib_a-writer.o)
 .debug_ranges  0x0000000000000080       0x10 c:/users/nazmievairat/intelfpga_lite/18.1/nios2eds/bin/gnu/h-x86_64-mingw32/bin/../lib/gcc/nios2-elf/5.3.0/../../../../../H-x86_64-mingw32/nios2-elf/lib/mhw-mulx\libsmallc.a(lib_a-atexit.o)
 .debug_ranges  0x0000000000000090       0x10 c:/users/nazmievairat/intelfpga_lite/18.1/nios2eds/bin/gnu/h-x86_64-mingw32/bin/../lib/gcc/nios2-elf/5.3.0/../../../../../H-x86_64-mingw32/nios2-elf/lib/mhw-mulx\libsmallc.a(lib_a-exit.o)
 .debug_ranges  0x00000000000000a0       0x10 c:/users/nazmievairat/intelfpga_lite/18.1/nios2eds/bin/gnu/h-x86_64-mingw32/bin/../lib/gcc/nios2-elf/5.3.0/../../../../../H-x86_64-mingw32/nios2-elf/lib/mhw-mulx\libsmallc.a(lib_a-__atexit.o)
 .debug_ranges  0x00000000000000b0       0x28 c:/users/nazmievairat/intelfpga_lite/18.1/nios2eds/bin/gnu/h-x86_64-mingw32/bin/../lib/gcc/nios2-elf/5.3.0/../../../../../H-x86_64-mingw32/nios2-elf/lib/mhw-mulx\libsmallc.a(lib_a-__call_atexit.o)
